Archive member included to satisfy reference by file (symbol)

c:/st/stm32cubeide_1.9.0/stm32cubeide/plugins/com.st.stm32cube.ide.mcu.externaltools.gnu-tools-for-stm32.10.3-2021.10.win32_1.0.0.202111181127/tools/bin/../lib/gcc/arm-none-eabi/10.3.1/../../../../arm-none-eabi/lib/thumb/v7-m/nofp\libc_nano.a(lib_a-errno.o)
                              ./Core/Src/syscalls.o (__errno)
c:/st/stm32cubeide_1.9.0/stm32cubeide/plugins/com.st.stm32cube.ide.mcu.externaltools.gnu-tools-for-stm32.10.3-2021.10.win32_1.0.0.202111181127/tools/bin/../lib/gcc/arm-none-eabi/10.3.1/../../../../arm-none-eabi/lib/thumb/v7-m/nofp\libc_nano.a(lib_a-exit.o)
                              c:/st/stm32cubeide_1.9.0/stm32cubeide/plugins/com.st.stm32cube.ide.mcu.externaltools.gnu-tools-for-stm32.10.3-2021.10.win32_1.0.0.202111181127/tools/bin/../lib/gcc/arm-none-eabi/10.3.1/../../../../arm-none-eabi/lib/thumb/v7-m/nofp/crt0.o (exit)
c:/st/stm32cubeide_1.9.0/stm32cubeide/plugins/com.st.stm32cube.ide.mcu.externaltools.gnu-tools-for-stm32.10.3-2021.10.win32_1.0.0.202111181127/tools/bin/../lib/gcc/arm-none-eabi/10.3.1/../../../../arm-none-eabi/lib/thumb/v7-m/nofp\libc_nano.a(lib_a-impure.o)
                              c:/st/stm32cubeide_1.9.0/stm32cubeide/plugins/com.st.stm32cube.ide.mcu.externaltools.gnu-tools-for-stm32.10.3-2021.10.win32_1.0.0.202111181127/tools/bin/../lib/gcc/arm-none-eabi/10.3.1/../../../../arm-none-eabi/lib/thumb/v7-m/nofp\libc_nano.a(lib_a-exit.o) (_global_impure_ptr)
c:/st/stm32cubeide_1.9.0/stm32cubeide/plugins/com.st.stm32cube.ide.mcu.externaltools.gnu-tools-for-stm32.10.3-2021.10.win32_1.0.0.202111181127/tools/bin/../lib/gcc/arm-none-eabi/10.3.1/../../../../arm-none-eabi/lib/thumb/v7-m/nofp\libc_nano.a(lib_a-init.o)
                              c:/st/stm32cubeide_1.9.0/stm32cubeide/plugins/com.st.stm32cube.ide.mcu.externaltools.gnu-tools-for-stm32.10.3-2021.10.win32_1.0.0.202111181127/tools/bin/../lib/gcc/arm-none-eabi/10.3.1/../../../../arm-none-eabi/lib/thumb/v7-m/nofp/crt0.o (__libc_init_array)
c:/st/stm32cubeide_1.9.0/stm32cubeide/plugins/com.st.stm32cube.ide.mcu.externaltools.gnu-tools-for-stm32.10.3-2021.10.win32_1.0.0.202111181127/tools/bin/../lib/gcc/arm-none-eabi/10.3.1/../../../../arm-none-eabi/lib/thumb/v7-m/nofp\libc_nano.a(lib_a-memset.o)
                              c:/st/stm32cubeide_1.9.0/stm32cubeide/plugins/com.st.stm32cube.ide.mcu.externaltools.gnu-tools-for-stm32.10.3-2021.10.win32_1.0.0.202111181127/tools/bin/../lib/gcc/arm-none-eabi/10.3.1/../../../../arm-none-eabi/lib/thumb/v7-m/nofp/crt0.o (memset)
c:/st/stm32cubeide_1.9.0/stm32cubeide/plugins/com.st.stm32cube.ide.mcu.externaltools.gnu-tools-for-stm32.10.3-2021.10.win32_1.0.0.202111181127/tools/bin/../lib/gcc/arm-none-eabi/10.3.1/../../../../arm-none-eabi/lib/thumb/v7-m/nofp\libc_nano.a(lib_a-snprintf.o)
                              ./Core/Src/main.o (snprintf)
c:/st/stm32cubeide_1.9.0/stm32cubeide/plugins/com.st.stm32cube.ide.mcu.externaltools.gnu-tools-for-stm32.10.3-2021.10.win32_1.0.0.202111181127/tools/bin/../lib/gcc/arm-none-eabi/10.3.1/../../../../arm-none-eabi/lib/thumb/v7-m/nofp\libc_nano.a(lib_a-strchr.o)
                              ./Core/Src/main.o (strchr)
c:/st/stm32cubeide_1.9.0/stm32cubeide/plugins/com.st.stm32cube.ide.mcu.externaltools.gnu-tools-for-stm32.10.3-2021.10.win32_1.0.0.202111181127/tools/bin/../lib/gcc/arm-none-eabi/10.3.1/../../../../arm-none-eabi/lib/thumb/v7-m/nofp\libc_nano.a(lib_a-strcmp.o)
                              ./Core/Src/main.o (strcmp)
c:/st/stm32cubeide_1.9.0/stm32cubeide/plugins/com.st.stm32cube.ide.mcu.externaltools.gnu-tools-for-stm32.10.3-2021.10.win32_1.0.0.202111181127/tools/bin/../lib/gcc/arm-none-eabi/10.3.1/../../../../arm-none-eabi/lib/thumb/v7-m/nofp\libc_nano.a(lib_a-strcpy.o)
                              ./Core/Src/main.o (strcpy)
c:/st/stm32cubeide_1.9.0/stm32cubeide/plugins/com.st.stm32cube.ide.mcu.externaltools.gnu-tools-for-stm32.10.3-2021.10.win32_1.0.0.202111181127/tools/bin/../lib/gcc/arm-none-eabi/10.3.1/../../../../arm-none-eabi/lib/thumb/v7-m/nofp\libc_nano.a(lib_a-strlen.o)
                              ./Core/Src/main.o (strlen)
c:/st/stm32cubeide_1.9.0/stm32cubeide/plugins/com.st.stm32cube.ide.mcu.externaltools.gnu-tools-for-stm32.10.3-2021.10.win32_1.0.0.202111181127/tools/bin/../lib/gcc/arm-none-eabi/10.3.1/../../../../arm-none-eabi/lib/thumb/v7-m/nofp\libc_nano.a(lib_a-strstr.o)
                              ./Core/Src/main.o (strstr)
c:/st/stm32cubeide_1.9.0/stm32cubeide/plugins/com.st.stm32cube.ide.mcu.externaltools.gnu-tools-for-stm32.10.3-2021.10.win32_1.0.0.202111181127/tools/bin/../lib/gcc/arm-none-eabi/10.3.1/../../../../arm-none-eabi/lib/thumb/v7-m/nofp\libc_nano.a(lib_a-nano-svfprintf.o)
[...]
Memory Configuration

Name             Origin             Length             Attributes
RAM              0x0000000020000000 0x0000000000010000 xrw
FLASH            0x0000000008000000 0x0000000000080000 xr
*default*        0x0000000000000000 0xffffffffffffffff

Linker script and memory map

LOAD c:/st/stm32cubeide_1.9.0/stm32cubeide/plugins/com.st.stm32cube.ide.mcu.externaltools.gnu-tools-for-stm32.10.3-2021.10.win32_1.0.0.202111181127/tools/bin/../lib/gcc/arm-none-eabi/10.3.1/thumb/v7-m/nofp/crti.o
LOAD c:/st/stm32cubeide_1.9.0/stm32cubeide/plugins/com.st.stm32cube.ide.mcu.externaltools.gnu-tools-for-stm32.10.3-2021.10.win32_1.0.0.202111181127/tools/bin/../lib/gcc/arm-none-eabi/10.3.1/thumb/v7-m/nofp/crtbegin.o
LOAD c:/st/stm32cubeide_1.9.0/stm32cubeide/plugins/com.st.stm32cube.ide.mcu.externaltools.gnu-tools-for-stm32.10.3-2021.10.win32_1.0.0.202111181127/tools/bin/../lib/gcc/arm-none-eabi/10.3.1/../../../../arm-none-eabi/lib/thumb/v7-m/nofp/crt0.o
LOAD ./Core/Src/lcd.o
LOAD ./Core/Src/main.o
LOAD ./Core/Src/stm32f1xx_hal_msp.o
LOAD ./Core/Src/stm32f1xx_it.o
LOAD ./Core/Src/syscalls.o
LOAD ./Core/Src/sysmem.o
LOAD ./Core/Src/system_stm32f1xx.o
LOAD ./Core/Startup/startup_stm32f103vetx.o
LOAD ./Drivers/STM32F1xx_HAL_Driver/stm32f1xx_hal.o
LOAD ./Drivers/STM32F1xx_HAL_Driver/stm32f1xx_hal_adc.o
LOAD ./Drivers/STM32F1xx_HAL_Driver/stm32f1xx_hal_adc_ex.o
LOAD ./Drivers/STM32F1xx_HAL_Driver/stm32f1xx_hal_cortex.o
LOAD ./Drivers/STM32F1xx_HAL_Driver/stm32f1xx_hal_dma.o
LOAD ./Drivers/STM32F1xx_HAL_Driver/stm32f1xx_hal_exti.o
LOAD ./Drivers/STM32F1xx_HAL_Driver/stm32f1xx_hal_flash.o
LOAD ./Drivers/STM32F1xx_HAL_Driver/stm32f1xx_hal_flash_ex.o
LOAD ./Drivers/STM32F1xx_HAL_Driver/stm32f1xx_hal_gpio.o
LOAD ./Drivers/STM32F1xx_HAL_Driver/stm32f1xx_hal_gpio_ex.o
LOAD ./Drivers/STM32F1xx_HAL_Driver/stm32f1xx_hal_i2c.o
LOAD ./Drivers/STM32F1xx_HAL_Driver/stm32f1xx_hal_pwr.o
LOAD ./Drivers/STM32F1xx_HAL_Driver/stm32f1xx_hal_rcc.o
LOAD ./Drivers/STM32F1xx_HAL_Driver/stm32f1xx_hal_rcc_ex.o
LOAD ./Drivers/STM32F1xx_HAL_Driver/stm32f1xx_hal_sram.o
LOAD ./Drivers/STM32F1xx_HAL_Driver/stm32f1xx_hal_tim.o
LOAD ./Drivers/STM32F1xx_HAL_Driver/stm32f1xx_hal_tim_ex.o
LOAD ./Drivers/STM32F1xx_HAL_Driver/stm32f1xx_hal_uart.o
LOAD ./Drivers/STM32F1xx_HAL_Driver/stm32f1xx_ll_fsmc.o
START GROUP
LOAD c:/st/stm32cubeide_1.9.0/stm32cubeide/plugins/com.st.stm32cube.ide.mcu.externaltools.gnu-tools-for-stm32.10.3-2021.10.win32_1.0.0.202111181127/tools/bin/../lib/gcc/arm-none-eabi/10.3.1/../../../../arm-none-eabi/lib/thumb/v7-m/nofp\libc_nano.a
LOAD c:/st/stm32cubeide_1.9.0/stm32cubeide/plugins/com.st.stm32cube.ide.mcu.externaltools.gnu-tools-for-stm32.10.3-2021.10.win32_1.0.0.202111181127/tools/bin/../lib/gcc/arm-none-eabi/10.3.1/../../../../arm-none-eabi/lib/thumb/v7-m/nofp\libm.a
END GROUP
START GROUP
LOAD c:/st/stm32cubeide_1.9.0/stm32cubeide/plugins/com.st.stm32cube.ide.mcu.externaltools.gnu-tools-for-stm32.10.3-2021.10.win32_1.0.0.202111181127/tools/bin/../lib/gcc/arm-none-eabi/10.3.1/thumb/v7-m/nofp\libgcc.a
LOAD c:/st/stm32cubeide_1.9.0/stm32cubeide/plugins/com.st.stm32cube.ide.mcu.externaltools.gnu-tools-for-stm32.10.3-2021.10.win32_1.0.0.202111181127/tools/bin/../lib/gcc/arm-none-eabi/10.3.1/../../../../arm-none-eabi/lib/thumb/v7-m/nofp\libc_nano.a
END GROUP
START GROUP
LOAD c:/st/stm32cubeide_1.9.0/stm32cubeide/plugins/com.st.stm32cube.ide.mcu.externaltools.gnu-tools-for-stm32.10.3-2021.10.win32_1.0.0.202111181127/tools/bin/../lib/gcc/arm-none-eabi/10.3.1/thumb/v7-m/nofp\libgcc.a
LOAD c:/st/stm32cubeide_1.9.0/stm32cubeide/plugins/com.st.stm32cube.ide.mcu.externaltools.gnu-tools-for-stm32.10.3-2021.10.win32_1.0.0.202111181127/tools/bin/../lib/gcc/arm-none-eabi/10.3.1/../../../../arm-none-eabi/lib/thumb/v7-m/nofp\libc_nano.a
LOAD c:/st/stm32cubeide_1.9.0/stm32cubeide/plugins/com.st.stm32cube.ide.mcu.externaltools.gnu-tools-for-stm32.10.3-2021.10.win32_1.0.0.202111181127/tools/bin/../lib/gcc/arm-none-eabi/10.3.1/../../../../arm-none-eabi/lib/thumb/v7-m/nofp\libnosys.a
END GROUP
START GROUP
LOAD c:/st/stm32cubeide_1.9.0/stm32cubeide/plugins/com.st.stm32cube.ide.mcu.externaltools.gnu-tools-for-stm32.10.3-2021.10.win32_1.0.0.202111181127/tools/bin/../lib/gcc/arm-none-eabi/10.3.1/thumb/v7-m/nofp\libgcc.a
LOAD c:/st/stm32cubeide_1.9.0/stm32cubeide/plugins/com.st.stm32cube.ide.mcu.externaltools.gnu-tools-for-stm32.10.3-2021.10.win32_1.0.0.202111181127/tools/bin/../lib/gcc/arm-none-eabi/10.3.1/../../../../arm-none-eabi/lib/thumb/v7-m/nofp\libc_nano.a
LOAD c:/st/stm32cubeide_1.9.0/stm32cubeide/plugins/com.st.stm32cube.ide.mcu.externaltools.gnu-tools-for-stm32.10.3-2021.10.win32_1.0.0.202111181127/tools/bin/../lib/gcc/arm-none-eabi/10.3.1/../../../../arm-none-eabi/lib/thumb/v7-m/nofp\libnosys.a
END GROUP
LOAD c:/st/stm32cubeide_1.9.0/stm32cubeide/plugins/com.st.stm32cube.ide.mcu.externaltools.gnu-tools-for-stm32.10.3-2021.10.win32_1.0.0.202111181127/tools/bin/../lib/gcc/arm-none-eabi/10.3.1/thumb/v7-m/nofp/crtend.o
LOAD c:/st/stm32cubeide_1.9.0/stm32cubeide/plugins/com.st.stm32cube.ide.mcu.externaltools.gnu-tools-for-stm32.10.3-2021.10.win32_1.0.0.202111181127/tools/bin/../lib/gcc/arm-none-eabi/10.3.1/thumb/v7-m/nofp/crtn.o
                0x0000000020010000                _estack = (ORIGIN (RAM) + LENGTH (RAM))
                0x0000000000000200                _Min_Heap_Size = 0x200
                0x0000000000000400                _Min_Stack_Size = 0x400

.isr_vector     0x0000000008000000      0x1e4
                0x0000000008000000                . = ALIGN (0x4)
 *(.isr_vector)
 .isr_vector    0x0000000008000000      0x1e4 ./Core/Startup/startup_stm32f103vetx.o
                0x0000000008000000                g_pfnVectors
                0x00000000080001e4                . = ALIGN (0x4)

.text           0x00000000080001e4     0x572c
                0x00000000080001e4                . = ALIGN (0x4)
 *(.text)
 .text          0x00000000080001e4       0x40 c:/st/stm32cubeide_1.9.0/stm32cubeide/plugins/com.st.stm32cube.ide.mcu.externaltools.gnu-tools-for-stm32.10.3-2021.10.win32_1.0.0.202111181127/tools/bin/../lib/gcc/arm-none-eabi/10.3.1/thumb/v7-m/nofp/crtbegin.o
 .text          0x0000000008000224       0x14 c:/st/stm32cubeide_1.9.0/stm32cubeide/plugins/com.st.stm32cube.ide.mcu.externaltools.gnu-tools-for-stm32.10.3-2021.10.win32_1.0.0.202111181127/tools/bin/../lib/gcc/arm-none-eabi/10.3.1/../../../../arm-none-eabi/lib/thumb/v7-m/nofp\libc_nano.a(lib_a-strcmp.o)
                0x0000000008000224                strcmp
 .text          0x0000000008000238       0x10 c:/st/stm32cubeide_1.9.0/stm32cubeide/plugins/com.st.stm32cube.ide.mcu.externaltools.gnu-tools-for-stm32.10.3-2021.10.win32_1.0.0.202111181127/tools/bin/../lib/gcc/arm-none-eabi/10.3.1/../../../../arm-none-eabi/lib/thumb/v7-m/nofp\libc_nano.a(lib_a-strlen.o)
                0x0000000008000238                strlen
 *(.text*)
 .text.Delay    0x0000000008000248       0x22 ./Core/Src/lcd.o
                0x0000000008000248                Delay
 .text.LCD_INIT
                0x000000000800026a       0x2e ./Core/Src/lcd.o
                0x000000000800026a                LCD_INIT
 .text.LCD_Rst  0x0000000008000298       0x30 ./Core/Src/lcd.o
                0x0000000008000298                LCD_Rst
 .text.LCD_BackLed_Control
                0x00000000080002c8       0x38 ./Core/Src/lcd.o
                0x00000000080002c8                LCD_BackLed_Control
 .text.LCD_Write_Cmd
                0x0000000008000300       0x1c ./Core/Src/lcd.o
                0x0000000008000300                LCD_Write_Cmd
 .text.LCD_Write_Data
                0x000000000800031c       0x20 ./Core/Src/lcd.o
                0x000000000800031c                LCD_Write_Data
 .text.LCD_REG_Config
                0x000000000800033c      0x234 ./Core/Src/lcd.o
                0x000000000800033c                LCD_REG_Config
 .text.LCD_OpenWindow
                0x0000000008000570       0xb2 ./Core/Src/lcd.o
                0x0000000008000570                LCD_OpenWindow
 .text.LCD_FillColor
                0x0000000008000622       0x3c ./Core/Src/lcd.o
                0x0000000008000622                LCD_FillColor
 .text.LCD_Clear
                0x000000000800065e       0x46 ./Core/Src/lcd.o
                0x000000000800065e                LCD_Clear
 .text.LCD_DrawChar
                0x00000000080006a4       0x8c ./Core/Src/lcd.o
                0x00000000080006a4                LCD_DrawChar
 .text.LCD_DrawString
                0x0000000008000730       0x5e ./Core/Src/lcd.o
                0x0000000008000730                LCD_DrawString
 .text.LCD_DrawStringS
                0x000000000800078e       0x24 ./Core/Src/main.o
 *fill*         0x00000000080007b2        0x2 
 .text.read_adc1
                0x00000000080007b4       0x30 ./Core/Src/main.o
 .text.read_adc2
                0x00000000080007e4       0x30 ./Core/Src/main.o
 .text.RGB_Set  0x0000000008000814       0x60 ./Core/Src/main.o
 .text.map_range_percent
                0x0000000008000874       0x9a ./Core/Src/main.o
 .text.SEG_WritePin
                0x000000000800090e       0x30 ./Core/Src/main.o
 *fill*         0x000000000800093e        0x2 
 .text.SEG_AllOff
                0x0000000008000940       0xb8 ./Core/Src/main.o
 .text.SEG_ShowLeft
                0x00000000080009f8      0x100 ./Core/Src/main.o
 .text.SEG_ShowRight
                0x0000000008000af8       0xe4 ./Core/Src/main.o
 .text.SEG_ShowPair
                0x0000000008000bdc       0x4c ./Core/Src/main.o
 .text.SEG_ShowTenths
                0x0000000008000c28       0x5c ./Core/Src/main.o
 .text.SEG_StartK1Countdown
                0x0000000008000c84       0x34 ./Core/Src/main.o
 .text.SEG_StartK2Show88
                0x0000000008000cb8       0x2c ./Core/Src/main.o
 .text.SEG_StartCooldownCountdown
                0x0000000008000ce4       0x34 ./Core/Src/main.o
 .text.SEG_Task
                0x0000000008000d18       0xd8 ./Core/Src/main.o
 .text.Motor_SendCmd
                0x0000000008000df0       0xa4 ./Core/Src/main.o
 .text.laser_on_press
                0x0000000008000e94       0x38 ./Core/Src/main.o
 .text.laser_on_release
                0x0000000008000ecc       0x40 ./Core/Src/main.o
 .text.laser_update
                0x0000000008000f0c      0x190 ./Core/Src/main.o
 .text.RGB_Update_From_State
                0x000000000800109c       0x68 ./Core/Src/main.o
 .text.Drive_Task
                0x0000000008001104       0xd4 ./Core/Src/main.o
 .text.ESP_Send
                0x00000000080011d8       0x2c ./Core/Src/main.o
 .text.ESP_ClearBuffer
                0x0000000008001204       0x2c ./Core/Src/main.o
 .text.ESP_StartReceiveIT
                0x0000000008001230       0x1c ./Core/Src/main.o
 .text.WiFi_Start
                0x000000000800124c       0x44 ./Core/Src/main.o
 .text.WiFi_Task
                0x0000000008001290      0x3a0 ./Core/Src/main.o
 .text.ds_delay_us
                0x0000000008001630       0x30 ./Core/Src/main.o
 .text.ds_pin_out
                0x0000000008001660       0x3c ./Core/Src/main.o
 .text.ds_pin_in
                0x000000000800169c       0x38 ./Core/Src/main.o
 .text.ds_start
                0x00000000080016d4       0x58 ./Core/Src/main.o
 .text.ds_write
                0x000000000800172c       0x64 ./Core/Src/main.o
 .text.ds_read_byte
                0x0000000008001790       0x70 ./Core/Src/main.o
 .text.DS18B20_ReadRaw
                0x0000000008001800       0x80 ./Core/Src/main.o
 .text.LCD_UpdateFast
                0x0000000008001880      0x1a8 ./Core/Src/main.o
 .text.LCD_UpdateSlow
                0x0000000008001a28      0x344 ./Core/Src/main.o
 .text.main     0x0000000008001d6c      0x370 ./Core/Src/main.o
                0x0000000008001d6c                main
 .text.SystemClock_Config
                0x00000000080020dc       0xba ./Core/Src/main.o
                0x00000000080020dc                SystemClock_Config
 *fill*         0x0000000008002196        0x2 
 .text.MX_ADC1_Init
                0x0000000008002198       0x7c ./Core/Src/main.o
 .text.MX_ADC2_Init
                0x0000000008002214       0x7c ./Core/Src/main.o
 .text.MX_I2C2_Init
                0x0000000008002290       0x5c ./Core/Src/main.o
 .text.MX_USART3_UART_Init
                0x00000000080022ec       0x54 ./Core/Src/main.o
 .text.MX_GPIO_Init
                0x0000000008002340      0x1f0 ./Core/Src/main.o
 .text.MX_FSMC_Init
                0x0000000008002530       0xc8 ./Core/Src/main.o
 .text.Error_Handler
                0x00000000080025f8        0xa ./Core/Src/main.o
                0x00000000080025f8                Error_Handler
 *fill*         0x0000000008002602        0x2 
 .text.HAL_MspInit
                0x0000000008002604       0x64 ./Core/Src/stm32f1xx_hal_msp.o
                0x0000000008002604                HAL_MspInit
 .text.HAL_ADC_MspInit
                0x0000000008002668       0xcc ./Core/Src/stm32f1xx_hal_msp.o
                0x0000000008002668                HAL_ADC_MspInit
 .text.HAL_I2C_MspInit
                0x0000000008002734       0x80 ./Core/Src/stm32f1xx_hal_msp.o
                0x0000000008002734                HAL_I2C_MspInit
 .text.HAL_UART_MspInit
                0x00000000080027b4       0xc0 ./Core/Src/stm32f1xx_hal_msp.o
                0x00000000080027b4                HAL_UART_MspInit
 .text.HAL_FSMC_MspInit
                0x0000000008002874       0x88 ./Core/Src/stm32f1xx_hal_msp.o
 .text.HAL_SRAM_MspInit
                0x00000000080028fc       0x14 ./Core/Src/stm32f1xx_hal_msp.o
                0x00000000080028fc                HAL_SRAM_MspInit
 .text.NMI_Handler
                0x0000000008002910        0x6 ./Core/Src/stm32f1xx_it.o
                0x0000000008002910                NMI_Handler
 .text.HardFault_Handler
                0x0000000008002916        0x6 ./Core/Src/stm32f1xx_it.o
                0x0000000008002916                HardFault_Handler
 .text.MemManage_Handler
                0x000000000800291c        0x6 ./Core/Src/stm32f1xx_it.o
                0x000000000800291c                MemManage_Handler
 .text.BusFault_Handler
                0x0000000008002922        0x6 ./Core/Src/stm32f1xx_it.o
                0x0000000008002922                BusFault_Handler
 .text.UsageFault_Handler
                0x0000000008002928        0x6 ./Core/Src/stm32f1xx_it.o
                0x0000000008002928                UsageFault_Handler
 .text.SVC_Handler
                0x000000000800292e        0xc ./Core/Src/stm32f1xx_it.o
                0x000000000800292e                SVC_Handler
 .text.DebugMon_Handler
                0x000000000800293a        0xc ./Core/Src/stm32f1xx_it.o
                0x000000000800293a                DebugMon_Handler
 .text.PendSV_Handler
                0x0000000008002946        0xc ./Core/Src/stm32f1xx_it.o
                0x0000000008002946                PendSV_Handler
 .text.SysTick_Handler
                0x0000000008002952        0xc ./Core/Src/stm32f1xx_it.o
                0x0000000008002952                SysTick_Handler
 *fill*         0x000000000800295e        0x2 
 .text._sbrk    0x0000000008002960       0x6c ./Core/Src/sysmem.o
                0x0000000008002960                _sbrk
 .text.SystemInit
                0x00000000080029cc        0xc ./Core/Src/system_stm32f1xx.o
                0x00000000080029cc                SystemInit
 .text.Reset_Handler
                0x00000000080029d8       0x48 ./Core/Startup/startup_stm32f103vetx.o
                0x00000000080029d8                Reset_Handler
 .text.Default_Handler
                0x0000000008002a20        0x2 ./Core/Startup/startup_stm32f103vetx.o
                0x0000000008002a20                RTC_Alarm_IRQHandler
                0x0000000008002a20                EXTI2_IRQHandler
                0x0000000008002a20                TIM8_TRG_COM_IRQHandler
                0x0000000008002a20                TIM8_CC_IRQHandler
                0x0000000008002a20                TIM1_CC_IRQHandler
                0x0000000008002a20                TIM6_IRQHandler
                0x0000000008002a20                PVD_IRQHandler
                0x0000000008002a20                SDIO_IRQHandler
                0x0000000008002a20                EXTI3_IRQHandler
                0x0000000008002a20                EXTI0_IRQHandler
                0x0000000008002a20                I2C2_EV_IRQHandler
                0x0000000008002a20                ADC1_2_IRQHandler
                0x0000000008002a20                SPI1_IRQHandler
                0x0000000008002a20                TAMPER_IRQHandler
                0x0000000008002a20                TIM8_UP_IRQHandler
                0x0000000008002a20                DMA2_Channel2_IRQHandler
                0x0000000008002a20                DMA1_Channel4_IRQHandler
                0x0000000008002a20                USART3_IRQHandler
                0x0000000008002a20                RTC_IRQHandler
                0x0000000008002a20                DMA1_Channel7_IRQHandler
                0x0000000008002a20                CAN1_RX1_IRQHandler
                0x0000000008002a20                UART5_IRQHandler
                0x0000000008002a20                ADC3_IRQHandler
                0x0000000008002a20                TIM4_IRQHandler
                0x0000000008002a20                DMA2_Channel1_IRQHandler
                0x0000000008002a20                I2C1_EV_IRQHandler
                0x0000000008002a20                DMA1_Channel6_IRQHandler
                0x0000000008002a20                UART4_IRQHandler
                0x0000000008002a20                TIM3_IRQHandler
                0x0000000008002a20                RCC_IRQHandler
                0x0000000008002a20                TIM1_TRG_COM_IRQHandler
                0x0000000008002a20                DMA1_Channel1_IRQHandler
                0x0000000008002a20                Default_Handler
                0x0000000008002a20                EXTI15_10_IRQHandler
                0x0000000008002a20                TIM7_IRQHandler
                0x0000000008002a20                TIM5_IRQHandler
                0x0000000008002a20                EXTI9_5_IRQHandler
                0x0000000008002a20                SPI2_IRQHandler
                0x0000000008002a20                DMA1_Channel5_IRQHandler
                0x0000000008002a20                EXTI4_IRQHandler
                0x0000000008002a20                USB_LP_CAN1_RX0_IRQHandler
                0x0000000008002a20                USB_HP_CAN1_TX_IRQHandler
                0x0000000008002a20                DMA1_Channel3_IRQHandler
                0x0000000008002a20                FSMC_IRQHandler
                0x0000000008002a20                TIM1_UP_IRQHandler
                0x0000000008002a20                WWDG_IRQHandler
                0x0000000008002a20                TIM2_IRQHandler
                0x0000000008002a20                TIM1_BRK_IRQHandler
                0x0000000008002a20                EXTI1_IRQHandler
                0x0000000008002a20                DMA2_Channel4_5_IRQHandler
                0x0000000008002a20                USART2_IRQHandler
                0x0000000008002a20                I2C2_ER_IRQHandler
                0x0000000008002a20                DMA1_Channel2_IRQHandler
                0x0000000008002a20                TIM8_BRK_IRQHandler
                0x0000000008002a20                CAN1_SCE_IRQHandler
                0x0000000008002a20                FLASH_IRQHandler
                0x0000000008002a20                USART1_IRQHandler
                0x0000000008002a20                SPI3_IRQHandler
                0x0000000008002a20                I2C1_ER_IRQHandler
                0x0000000008002a20                USBWakeUp_IRQHandler
                0x0000000008002a20                DMA2_Channel3_IRQHandler
 *fill*         0x0000000008002a22        0x2 
 .text.HAL_Init
                0x0000000008002a24       0x2c ./Drivers/STM32F1xx_HAL_Driver/stm32f1xx_hal.o
                0x0000000008002a24                HAL_Init
 .text.HAL_InitTick
                0x0000000008002a50       0x60 ./Drivers/STM32F1xx_HAL_Driver/stm32f1xx_hal.o
                0x0000000008002a50                HAL_InitTick
 .text.HAL_IncTick
                0x0000000008002ab0       0x24 ./Drivers/STM32F1xx_HAL_Driver/stm32f1xx_hal.o
                0x0000000008002ab0                HAL_IncTick
 .text.HAL_GetTick
                0x0000000008002ad4       0x14 ./Drivers/STM32F1xx_HAL_Driver/stm32f1xx_hal.o
                0x0000000008002ad4                HAL_GetTick
 .text.HAL_Delay
                0x0000000008002ae8       0x48 ./Drivers/STM32F1xx_HAL_Driver/stm32f1xx_hal.o
                0x0000000008002ae8                HAL_Delay
 .text.HAL_ADC_Init
                0x0000000008002b30      0x1d4 ./Drivers/STM32F1xx_HAL_Driver/stm32f1xx_hal_adc.o
                0x0000000008002b30                HAL_ADC_Init
 .text.HAL_ADC_Start
                0x0000000008002d04      0x15c ./Drivers/STM32F1xx_HAL_Driver/stm32f1xx_hal_adc.o
                0x0000000008002d04                HAL_ADC_Start
 .text.HAL_ADC_Stop
                0x0000000008002e60       0x58 ./Drivers/STM32F1xx_HAL_Driver/stm32f1xx_hal_adc.o
                0x0000000008002e60                HAL_ADC_Stop
 .text.HAL_ADC_PollForConversion
                0x0000000008002eb8      0x20c ./Drivers/STM32F1xx_HAL_Driver/stm32f1xx_hal_adc.o
                0x0000000008002eb8                HAL_ADC_PollForConversion
 .text.HAL_ADC_GetValue
                0x00000000080030c4       0x18 ./Drivers/STM32F1xx_HAL_Driver/stm32f1xx_hal_adc.o
                0x00000000080030c4                HAL_ADC_GetValue
 .text.HAL_ADC_ConfigChannel
                0x00000000080030dc      0x1f0 ./Drivers/STM32F1xx_HAL_Driver/stm32f1xx_hal_adc.o
                0x00000000080030dc                HAL_ADC_ConfigChannel
 .text.ADC_Enable
                0x00000000080032cc       0xb4 ./Drivers/STM32F1xx_HAL_Driver/stm32f1xx_hal_adc.o
                0x00000000080032cc                ADC_Enable
 .text.ADC_ConversionStop_Disable
                0x0000000008003380       0x82 ./Drivers/STM32F1xx_HAL_Driver/stm32f1xx_hal_adc.o
                0x0000000008003380                ADC_ConversionStop_Disable
 *fill*         0x0000000008003402        0x2 
 .text.HAL_ADCEx_Calibration_Start
                0x0000000008003404      0x158 ./Drivers/STM32F1xx_HAL_Driver/stm32f1xx_hal_adc_ex.o
                0x0000000008003404                HAL_ADCEx_Calibration_Start
 .text.__NVIC_SetPriorityGrouping
                0x000000000800355c       0x48 ./Drivers/STM32F1xx_HAL_Driver/stm32f1xx_hal_cortex.o
 .text.__NVIC_GetPriorityGrouping
                0x00000000080035a4       0x1c ./Drivers/STM32F1xx_HAL_Driver/stm32f1xx_hal_cortex.o
 .text.__NVIC_SetPriority
                0x00000000080035c0       0x54 ./Drivers/STM32F1xx_HAL_Driver/stm32f1xx_hal_cortex.o
 .text.NVIC_EncodePriority
                0x0000000008003614       0x64 ./Drivers/STM32F1xx_HAL_Driver/stm32f1xx_hal_cortex.o
 .text.SysTick_Config
                0x0000000008003678       0x44 ./Drivers/STM32F1xx_HAL_Driver/stm32f1xx_hal_cortex.o
 .text.HAL_NVIC_SetPriorityGrouping
                0x00000000080036bc       0x16 ./Drivers/STM32F1xx_HAL_Driver/stm32f1xx_hal_cortex.o
                0x00000000080036bc                HAL_NVIC_SetPriorityGrouping
 .text.HAL_NVIC_SetPriority
                0x00000000080036d2       0x38 ./Drivers/STM32F1xx_HAL_Driver/stm32f1xx_hal_cortex.o
                0x00000000080036d2                HAL_NVIC_SetPriority
 .text.HAL_SYSTICK_Config
                0x000000000800370a       0x18 ./Drivers/STM32F1xx_HAL_Driver/stm32f1xx_hal_cortex.o
                0x000000000800370a                HAL_SYSTICK_Config
 *fill*         0x0000000008003722        0x2 
 .text.HAL_GPIO_Init
                0x0000000008003724      0x328 ./Drivers/STM32F1xx_HAL_Driver/stm32f1xx_hal_gpio.o
                0x0000000008003724                HAL_GPIO_Init
 .text.HAL_GPIO_ReadPin
                0x0000000008003a4c       0x2e ./Drivers/STM32F1xx_HAL_Driver/stm32f1xx_hal_gpio.o
                0x0000000008003a4c                HAL_GPIO_ReadPin
 .text.HAL_GPIO_WritePin
                0x0000000008003a7a       0x30 ./Drivers/STM32F1xx_HAL_Driver/stm32f1xx_hal_gpio.o
                0x0000000008003a7a                HAL_GPIO_WritePin
 *fill*         0x0000000008003aaa        0x2 
 .text.HAL_I2C_Init
                0x0000000008003aac      0x288 ./Drivers/STM32F1xx_HAL_Driver/stm32f1xx_hal_i2c.o
                0x0000000008003aac                HAL_I2C_Init
 .text.HAL_RCC_OscConfig
                0x0000000008003d34      0x504 ./Drivers/STM32F1xx_HAL_Driver/stm32f1xx_hal_rcc.o
                0x0000000008003d34                HAL_RCC_OscConfig
 .text.HAL_RCC_ClockConfig
                0x0000000008004238      0x1d4 ./Drivers/STM32F1xx_HAL_Driver/stm32f1xx_hal_rcc.o
                0x0000000008004238                HAL_RCC_ClockConfig
 .text.HAL_RCC_GetSysClockFreq
                0x000000000800440c       0xbc ./Drivers/STM32F1xx_HAL_Driver/stm32f1xx_hal_rcc.o
                0x000000000800440c                HAL_RCC_GetSysClockFreq
 .text.HAL_RCC_GetHCLKFreq
                0x00000000080044c8       0x14 ./Drivers/STM32F1xx_HAL_Driver/stm32f1xx_hal_rcc.o
                0x00000000080044c8                HAL_RCC_GetHCLKFreq
 .text.HAL_RCC_GetPCLK1Freq
                0x00000000080044dc       0x28 ./Drivers/STM32F1xx_HAL_Driver/stm32f1xx_hal_rcc.o
                0x00000000080044dc                HAL_RCC_GetPCLK1Freq
 .text.HAL_RCC_GetPCLK2Freq
                0x0000000008004504       0x28 ./Drivers/STM32F1xx_HAL_Driver/stm32f1xx_hal_rcc.o
                0x0000000008004504                HAL_RCC_GetPCLK2Freq
 .text.RCC_Delay
                0x000000000800452c       0x3c ./Drivers/STM32F1xx_HAL_Driver/stm32f1xx_hal_rcc.o
 .text.HAL_RCCEx_PeriphCLKConfig
                0x0000000008004568      0x16c ./Drivers/STM32F1xx_HAL_Driver/stm32f1xx_hal_rcc_ex.o
                0x0000000008004568                HAL_RCCEx_PeriphCLKConfig
 .text.HAL_RCCEx_GetPeriphCLKFreq
                0x00000000080046d4      0x1c8 ./Drivers/STM32F1xx_HAL_Driver/stm32f1xx_hal_rcc_ex.o
                0x00000000080046d4                HAL_RCCEx_GetPeriphCLKFreq
 .text.HAL_SRAM_Init
                0x000000000800489c       0x9a ./Drivers/STM32F1xx_HAL_Driver/stm32f1xx_hal_sram.o
                0x000000000800489c                HAL_SRAM_Init
 .text.HAL_UART_Init
                0x0000000008004936       0x9a ./Drivers/STM32F1xx_HAL_Driver/stm32f1xx_hal_uart.o
                0x0000000008004936                HAL_UART_Init
 .text.HAL_UART_Transmit
                0x00000000080049d0      0x124 ./Drivers/STM32F1xx_HAL_Driver/stm32f1xx_hal_uart.o
                0x00000000080049d0                HAL_UART_Transmit
 .text.HAL_UART_Receive_IT
                0x0000000008004af4       0x60 ./Drivers/STM32F1xx_HAL_Driver/stm32f1xx_hal_uart.o
                0x0000000008004af4                HAL_UART_Receive_IT
 .text.UART_WaitOnFlagUntilTimeout
                0x0000000008004b54       0x94 ./Drivers/STM32F1xx_HAL_Driver/stm32f1xx_hal_uart.o
 .text.UART_Start_Receive_IT
                0x0000000008004be8       0x72 ./Drivers/STM32F1xx_HAL_Driver/stm32f1xx_hal_uart.o
                0x0000000008004be8                UART_Start_Receive_IT
 *fill*         0x0000000008004c5a        0x2 
 .text.UART_SetConfig
                0x0000000008004c5c      0x11c ./Drivers/STM32F1xx_HAL_Driver/stm32f1xx_hal_uart.o
 .text.FSMC_NORSRAM_Init
                0x0000000008004d78       0xd4 ./Drivers/STM32F1xx_HAL_Driver/stm32f1xx_ll_fsmc.o
                0x0000000008004d78                FSMC_NORSRAM_Init
 .text.FSMC_NORSRAM_Timing_Init
                0x0000000008004e4c       0x68 ./Drivers/STM32F1xx_HAL_Driver/stm32f1xx_ll_fsmc.o
                0x0000000008004e4c                FSMC_NORSRAM_Timing_Init
 .text.FSMC_NORSRAM_Extended_Timing_Init
                0x0000000008004eb4       0x70 ./Drivers/STM32F1xx_HAL_Driver/stm32f1xx_ll_fsmc.o
                0x0000000008004eb4                FSMC_NORSRAM_Extended_Timing_Init
 .text.__errno  0x0000000008004f24        0xc c:/st/stm32cubeide_1.9.0/stm32cubeide/plugins/com.st.stm32cube.ide.mcu.externaltools.gnu-tools-for-stm32.10.3-2021.10.win32_1.0.0.202111181127/tools/bin/../lib/gcc/arm-none-eabi/10.3.1/../../../../arm-none-eabi/lib/thumb/v7-m/nofp\libc_nano.a(lib_a-errno.o)
                0x0000000008004f24                __errno
 .text.__libc_init_array
                0x0000000008004f30       0x48 c:/st/stm32cubeide_1.9.0/stm32cubeide/plugins/com.st.stm32cube.ide.mcu.externaltools.gnu-tools-for-stm32.10.3-2021.10.win32_1.0.0.202111181127/tools/bin/../lib/gcc/arm-none-eabi/10.3.1/../../../../arm-none-eabi/lib/thumb/v7-m/nofp\libc_nano.a(lib_a-init.o)
                0x0000000008004f30                __libc_init_array
 .text.memset   0x0000000008004f78       0x10 c:/st/stm32cubeide_1.9.0/stm32cubeide/plugins/com.st.stm32cube.ide.mcu.externaltools.gnu-tools-for-stm32.10.3-2021.10.win32_1.0.0.202111181127/tools/bin/../lib/gcc/arm-none-eabi/10.3.1/../../../../arm-none-eabi/lib/thumb/v7-m/nofp\libc_nano.a(lib_a-memset.o)
                0x0000000008004f78                memset
 .text.snprintf
                0x0000000008004f88       0x68 c:/st/stm32cubeide_1.9.0/stm32cubeide/plugins/com.st.stm32cube.ide.mcu.externaltools.gnu-tools-for-stm32.10.3-2021.10.win32_1.0.0.202111181127/tools/bin/../lib/gcc/arm-none-eabi/10.3.1/../../../../arm-none-eabi/lib/thumb/v7-m/nofp\libc_nano.a(lib_a-snprintf.o)
                0x0000000008004f88                sniprintf
                0x0000000008004f88                snprintf
 .text.strchr   0x0000000008004ff0       0x1a c:/st/stm32cubeide_1.9.0/stm32cubeide/plugins/com.st.stm32cube.ide.mcu.externaltools.gnu-tools-for-stm32.10.3-2021.10.win32_1.0.0.202111181127/tools/bin/../lib/gcc/arm-none-eabi/10.3.1/../../../../arm-none-eabi/lib/thumb/v7-m/nofp\libc_nano.a(lib_a-strchr.o)
                0x0000000008004ff0                strchr
 .text.strcpy   0x000000000800500a       0x10 c:/st/stm32cubeide_1.9.0/stm32cubeide/plugins/com.st.stm32cube.ide.mcu.externaltools.gnu-tools-for-stm32.10.3-2021.10.win32_1.0.0.202111181127/tools/bin/../lib/gcc/arm-none-eabi/10.3.1/../../../../arm-none-eabi/lib/thumb/v7-m/nofp\libc_nano.a(lib_a-strcpy.o)
                0x000000000800500a                strcpy
 .text.strstr   0x000000000800501a       0x2c c:/st/stm32cubeide_1.9.0/stm32cubeide/plugins/com.st.stm32cube.ide.mcu.externaltools.gnu-tools-for-stm32.10.3-2021.10.win32_1.0.0.202111181127/tools/bin/../lib/gcc/arm-none-eabi/10.3.1/../../../../arm-none-eabi/lib/thumb/v7-m/nofp\libc_nano.a(lib_a-strstr.o)
                0x000000000800501a                strstr
 .text.__ssputs_r
                0x0000000008005046       0xb6 c:/st/stm32cubeide_1.9.0/stm32cubeide/plugins/com.st.stm32cube.ide.mcu.externaltools.gnu-tools-for-stm32.10.3-2021.10.win32_1.0.0.202111181127/tools/bin/../lib/gcc/arm-none-eabi/10.3.1/../../../../arm-none-eabi/lib/thumb/v7-m/nofp\libc_nano.a(lib_a-nano-svfprintf.o)
                0x0000000008005046                __ssputs_r
 .text._svfprintf_r
                0x00000000080050fc      0x200 c:/st/stm32cubeide_1.9.0/stm32cubeide/plugins/com.st.stm32cube.ide.mcu.externaltools.gnu-tools-for-stm32.10.3-2021.10.win32_1.0.0.202111181127/tools/bin/../lib/gcc/arm-none-eabi/10.3.1/../../../../arm-none-eabi/lib/thumb/v7-m/nofp\libc_nano.a(lib_a-nano-svfprintf.o)
                0x00000000080050fc                _svfiprintf_r
                0x00000000080050fc                _svfprintf_r
 .text._printf_common
                0x00000000080052fc       0xde c:/st/stm32cubeide_1.9.0/stm32cubeide/plugins/com.st.stm32cube.ide.mcu.externaltools.gnu-tools-for-stm32.10.3-2021.10.win32_1.0.0.202111181127/tools/bin/../lib/gcc/arm-none-eabi/10.3.1/../../../../arm-none-eabi/lib/thumb/v7-m/nofp\libc_nano.a(lib_a-nano-vfprintf_i.o)
                0x00000000080052fc                _printf_common
 *fill*         0x00000000080053da        0x2 
 .text._printf_i
                0x00000000080053dc      0x24c c:/st/stm32cubeide_1.9.0/stm32cubeide/plugins/com.st.stm32cube.ide.mcu.externaltools.gnu-tools-for-stm32.10.3-2021.10.win32_1.0.0.202111181127/tools/bin/../lib/gcc/arm-none-eabi/10.3.1/../../../../arm-none-eabi/lib/thumb/v7-m/nofp\libc_nano.a(lib_a-nano-vfprintf_i.o)
                0x00000000080053dc                _printf_i
 .text.memchr   0x0000000008005628       0x1c c:/st/stm32cubeide_1.9.0/stm32cubeide/plugins/com.st.stm32cube.ide.mcu.externaltools.gnu-tools-for-stm32.10.3-2021.10.win32_1.0.0.202111181127/tools/bin/../lib/gcc/arm-none-eabi/10.3.1/../../../../arm-none-eabi/lib/thumb/v7-m/nofp\libc_nano.a(lib_a-memchr-stub.o)
                0x0000000008005628                memchr
 .text.memcpy   0x0000000008005644       0x1c c:/st/stm32cubeide_1.9.0/stm32cubeide/plugins/com.st.stm32cube.ide.mcu.externaltools.gnu-tools-for-stm32.10.3-2021.10.win32_1.0.0.202111181127/tools/bin/../lib/gcc/arm-none-eabi/10.3.1/../../../../arm-none-eabi/lib/thumb/v7-m/nofp\libc_nano.a(lib_a-memcpy-stub.o)
                0x0000000008005644                memcpy
 .text.memmove  0x0000000008005660       0x34 c:/st/stm32cubeide_1.9.0/stm32cubeide/plugins/com.st.stm32cube.ide.mcu.externaltools.gnu-tools-for-stm32.10.3-2021.10.win32_1.0.0.202111181127/tools/bin/../lib/gcc/arm-none-eabi/10.3.1/../../../../arm-none-eabi/lib/thumb/v7-m/nofp\libc_nano.a(lib_a-memmove.o)
                0x0000000008005660                memmove
 .text._free_r  0x0000000008005694       0x90 c:/st/stm32cubeide_1.9.0/stm32cubeide/plugins/com.st.stm32cube.ide.mcu.externaltools.gnu-tools-for-stm32.10.3-2021.10.win32_1.0.0.202111181127/tools/bin/../lib/gcc/arm-none-eabi/10.3.1/../../../../arm-none-eabi/lib/thumb/v7-m/nofp\libc_nano.a(lib_a-nano-freer.o)
                0x0000000008005694                _free_r
 .text.sbrk_aligned
                0x0000000008005724       0x40 c:/st/stm32cubeide_1.9.0/stm32cubeide/plugins/com.st.stm32cube.ide.mcu.externaltools.gnu-tools-for-stm32.10.3-2021.10.win32_1.0.0.202111181127/tools/bin/../lib/gcc/arm-none-eabi/10.3.1/../../../../arm-none-eabi/lib/thumb/v7-m/nofp\libc_nano.a(lib_a-nano-mallocr.o)
 .text._malloc_r
                0x0000000008005764       0xe8 c:/st/stm32cubeide_1.9.0/stm32cubeide/plugins/com.st.stm32cube.ide.mcu.externaltools.gnu-tools-for-stm32.10.3-2021.10.win32_1.0.0.202111181127/tools/bin/../lib/gcc/arm-none-eabi/10.3.1/../../../../arm-none-eabi/lib/thumb/v7-m/nofp\libc_nano.a(lib_a-nano-mallocr.o)
                0x0000000008005764                _malloc_r
 .text._realloc_r
                0x000000000800584c       0x5e c:/st/stm32cubeide_1.9.0/stm32cubeide/plugins/com.st.stm32cube.ide.mcu.externaltools.gnu-tools-for-stm32.10.3-2021.10.win32_1.0.0.202111181127/tools/bin/../lib/gcc/arm-none-eabi/10.3.1/../../../../arm-none-eabi/lib/thumb/v7-m/nofp\libc_nano.a(lib_a-nano-reallocr.o)
                0x000000000800584c                _realloc_r
 *fill*         0x00000000080058aa        0x2 
 .text._sbrk_r  0x00000000080058ac       0x20 c:/st/stm32cubeide_1.9.0/stm32cubeide/plugins/com.st.stm32cube.ide.mcu.externaltools.gnu-tools-for-stm32.10.3-2021.10.win32_1.0.0.202111181127/tools/bin/../lib/gcc/arm-none-eabi/10.3.1/../../../../arm-none-eabi/lib/thumb/v7-m/nofp\libc_nano.a(lib_a-sbrkr.o)
                0x00000000080058ac                _sbrk_r
 .text.__malloc_lock
                0x00000000080058cc        0xc c:/st/stm32cubeide_1.9.0/stm32cubeide/plugins/com.st.stm32cube.ide.mcu.externaltools.gnu-tools-for-stm32.10.3-2021.10.win32_1.0.0.202111181127/tools/bin/../lib/gcc/arm-none-eabi/10.3.1/../../../../arm-none-eabi/lib/thumb/v7-m/nofp\libc_nano.a(lib_a-mlock.o)
                0x00000000080058cc                __malloc_lock
 .text.__malloc_unlock
                0x00000000080058d8        0xc c:/st/stm32cubeide_1.9.0/stm32cubeide/plugins/com.st.stm32cube.ide.mcu.externaltools.gnu-tools-for-stm32.10.3-2021.10.win32_1.0.0.202111181127/tools/bin/../lib/gcc/arm-none-eabi/10.3.1/../../../../arm-none-eabi/lib/thumb/v7-m/nofp\libc_nano.a(lib_a-mlock.o)
                0x00000000080058d8                __malloc_unlock
 .text._malloc_usable_size_r
                0x00000000080058e4       0x10 c:/st/stm32cubeide_1.9.0/stm32cubeide/plugins/com.st.stm32cube.ide.mcu.externaltools.gnu-tools-for-stm32.10.3-2021.10.win32_1.0.0.202111181127/tools/bin/../lib/gcc/arm-none-eabi/10.3.1/../../../../arm-none-eabi/lib/thumb/v7-m/nofp\libc_nano.a(lib_a-nano-msizer.o)
                0x00000000080058e4                _malloc_usable_size_r
 .text.__retarget_lock_acquire_recursive
                0x00000000080058f4        0x2 c:/st/stm32cubeide_1.9.0/stm32cubeide/plugins/com.st.stm32cube.ide.mcu.externaltools.gnu-tools-for-stm32.10.3-2021.10.win32_1.0.0.202111181127/tools/bin/../lib/gcc/arm-none-eabi/10.3.1/../../../../arm-none-eabi/lib/thumb/v7-m/nofp\libc_nano.a(lib_a-lock.o)
                0x00000000080058f4                __retarget_lock_acquire_recursive
 .text.__retarget_lock_release_recursive
                0x00000000080058f6        0x2 c:/st/stm32cubeide_1.9.0/stm32cubeide/plugins/com.st.stm32cube.ide.mcu.externaltools.gnu-tools-for-stm32.10.3-2021.10.win32_1.0.0.202111181127/tools/bin/../lib/gcc/arm-none-eabi/10.3.1/../../../../arm-none-eabi/lib/thumb/v7-m/nofp\libc_nano.a(lib_a-lock.o)
                0x00000000080058f6                __retarget_lock_release_recursive
 *(.glue_7)
 .glue_7        0x00000000080058f8        0x0 linker stubs
 *(.glue_7t)
 .glue_7t       0x00000000080058f8        0x0 linker stubs
 *(.eh_frame)
 .eh_frame      0x00000000080058f8        0x0 c:/st/stm32cubeide_1.9.0/stm32cubeide/plugins/com.st.stm32cube.ide.mcu.externaltools.gnu-tools-for-stm32.10.3-2021.10.win32_1.0.0.202111181127/tools/bin/../lib/gcc/arm-none-eabi/10.3.1/thumb/v7-m/nofp/crtbegin.o
 *(.init)
 .init          0x00000000080058f8        0x4 c:/st/stm32cubeide_1.9.0/stm32cubeide/plugins/com.st.stm32cube.ide.mcu.externaltools.gnu-tools-for-stm32.10.3-2021.10.win32_1.0.0.202111181127/tools/bin/../lib/gcc/arm-none-eabi/10.3.1/thumb/v7-m/nofp/crti.o
                0x00000000080058f8                _init
 .init          0x00000000080058fc        0x8 c:/st/stm32cubeide_1.9.0/stm32cubeide/plugins/com.st.stm32cube.ide.mcu.externaltools.gnu-tools-for-stm32.10.3-2021.10.win32_1.0.0.202111181127/tools/bin/../lib/gcc/arm-none-eabi/10.3.1/thumb/v7-m/nofp/crtn.o
 *(.fini)
 .fini          0x0000000008005904        0x4 c:/st/stm32cubeide_1.9.0/stm32cubeide/plugins/com.st.stm32cube.ide.mcu.externaltools.gnu-tools-for-stm32.10.3-2021.10.win32_1.0.0.202111181127/tools/bin/../lib/gcc/arm-none-eabi/10.3.1/thumb/v7-m/nofp/crti.o
                0x0000000008005904                _fini
 .fini          0x0000000008005908        0x8 c:/st/stm32cubeide_1.9.0/stm32cubeide/plugins/com.st.stm32cube.ide.mcu.externaltools.gnu-tools-for-stm32.10.3-2021.10.win32_1.0.0.202111181127/tools/bin/../lib/gcc/arm-none-eabi/10.3.1/thumb/v7-m/nofp/crtn.o
                0x0000000008005910                . = ALIGN (0x4)
                0x0000000008005910                _etext = .

.vfp11_veneer   0x0000000008005910        0x0
 .vfp11_veneer  0x0000000008005910        0x0 linker stubs

.v4_bx          0x0000000008005910        0x0
 .v4_bx         0x0000000008005910        0x0 linker stubs

.iplt           0x0000000008005910        0x0
 .iplt          0x0000000008005910        0x0 c:/st/stm32cubeide_1.9.0/stm32cubeide/plugins/com.st.stm32cube.ide.mcu.externaltools.gnu-tools-for-stm32.10.3-2021.10.win32_1.0.0.202111181127/tools/bin/../lib/gcc/arm-none-eabi/10.3.1/thumb/v7-m/nofp/crtbegin.o

.rodata         0x0000000008005910      0x9a4
                0x0000000008005910                . = ALIGN (0x4)
 *(.rodata)
 .rodata        0x0000000008005910      0x2b8 ./Core/Src/main.o
 .rodata        0x0000000008005bc8       0x10 ./Drivers/STM32F1xx_HAL_Driver/stm32f1xx_hal_rcc.o
 .rodata        0x0000000008005bd8       0x10 ./Drivers/STM32F1xx_HAL_Driver/stm32f1xx_hal_rcc_ex.o
 *(.rodata*)
 .rodata.ucAscii_1608
                0x0000000008005be8      0x5f0 ./Core/Src/lcd.o
                0x0000000008005be8                ucAscii_1608
 .rodata.lut.1  0x00000000080061d8       0x46 ./Core/Src/main.o
 *fill*         0x000000000800621e        0x2 
 .rodata.lut.0  0x0000000008006220       0x46 ./Core/Src/main.o
 *fill*         0x0000000008006266        0x2 
 .rodata.AHBPrescTable
                0x0000000008006268       0x10 ./Core/Src/system_stm32f1xx.o
                0x0000000008006268                AHBPrescTable
 .rodata.APBPrescTable
                0x0000000008006278        0x8 ./Core/Src/system_stm32f1xx.o
                0x0000000008006278                APBPrescTable
 .rodata._svfprintf_r.str1.1
                0x0000000008006280       0x11 c:/st/stm32cubeide_1.9.0/stm32cubeide/plugins/com.st.stm32cube.ide.mcu.externaltools.gnu-tools-for-stm32.10.3-2021.10.win32_1.0.0.202111181127/tools/bin/../lib/gcc/arm-none-eabi/10.3.1/../../../../arm-none-eabi/lib/thumb/v7-m/nofp\libc_nano.a(lib_a-nano-svfprintf.o)
 .rodata._printf_i.str1.1
                0x0000000008006291       0x22 c:/st/stm32cubeide_1.9.0/stm32cubeide/plugins/com.st.stm32cube.ide.mcu.externaltools.gnu-tools-for-stm32.10.3-2021.10.win32_1.0.0.202111181127/tools/bin/../lib/gcc/arm-none-eabi/10.3.1/../../../../arm-none-eabi/lib/thumb/v7-m/nofp\libc_nano.a(lib_a-nano-vfprintf_i.o)
                0x00000000080062b4                . = ALIGN (0x4)
 *fill*         0x00000000080062b3        0x1 

.rel.dyn        0x00000000080062b4        0x0
 .rel.iplt      0x00000000080062b4        0x0 c:/st/stm32cubeide_1.9.0/stm32cubeide/plugins/com.st.stm32cube.ide.mcu.externaltools.gnu-tools-for-stm32.10.3-2021.10.win32_1.0.0.202111181127/tools/bin/../lib/gcc/arm-none-eabi/10.3.1/thumb/v7-m/nofp/crtbegin.o

.ARM.extab      0x00000000080062b4        0x0
                0x00000000080062b4                . = ALIGN (0x4)
 *(.ARM.extab* .gnu.linkonce.armextab.*)
                0x00000000080062b4                . = ALIGN (0x4)

.ARM            0x00000000080062b4        0x0
                0x00000000080062b4                . = ALIGN (0x4)
                0x00000000080062b4                __exidx_start = .
 *(.ARM.exidx*)
                0x00000000080062b4                __exidx_end = .
                0x00000000080062b4                . = ALIGN (0x4)

.preinit_array  0x00000000080062b4        0x0
                0x00000000080062b4                . = ALIGN (0x4)
                0x00000000080062b4                PROVIDE (__preinit_array_start = .)
 *(.preinit_array*)
                0x00000000080062b4                PROVIDE (__preinit_array_end = .)
                0x00000000080062b4                . = ALIGN (0x4)

.init_array     0x00000000080062b4        0x4
                0x00000000080062b4                . = ALIGN (0x4)
                0x00000000080062b4                PROVIDE (__init_array_start = .)
 *(SORT_BY_NAME(.init_array.*))
 *(.init_array*)
 .init_array    0x00000000080062b4        0x4 c:/st/stm32cubeide_1.9.0/stm32cubeide/plugins/com.st.stm32cube.ide.mcu.externaltools.gnu-tools-for-stm32.10.3-2021.10.win32_1.0.0.202111181127/tools/bin/../lib/gcc/arm-none-eabi/10.3.1/thumb/v7-m/nofp/crtbegin.o
                0x00000000080062b8                PROVIDE (__init_array_end = .)
                0x00000000080062b8                . = ALIGN (0x4)

.fini_array     0x00000000080062b8        0x4
                0x00000000080062b8                . = ALIGN (0x4)
                [!provide]                        PROVIDE (__fini_array_start = .)
 *(SORT_BY_NAME(.fini_array.*))
 *(.fini_array*)
 .fini_array    0x00000000080062b8        0x4 c:/st/stm32cubeide_1.9.0/stm32cubeide/plugins/com.st.stm32cube.ide.mcu.externaltools.gnu-tools-for-stm32.10.3-2021.10.win32_1.0.0.202111181127/tools/bin/../lib/gcc/arm-none-eabi/10.3.1/thumb/v7-m/nofp/crtbegin.o
                [!provide]                        PROVIDE (__fini_array_end = .)
                0x00000000080062bc                . = ALIGN (0x4)
                0x00000000080062bc                _sidata = LOADADDR (.data)

.data           0x0000000020000000       0xfc load address 0x00000000080062bc
                0x0000000020000000                . = ALIGN (0x4)
                0x0000000020000000                _sdata = .
 *(.data)
 *(.data*)
 .data.last_jsw_state
                0x0000000020000000        0x1 ./Core/Src/main.o
                0x0000000020000000                last_jsw_state
 *fill*         0x0000000020000001        0x3 
 .data.laser_line
                0x0000000020000004       0x20 ./Core/Src/main.o
                0x0000000020000004                laser_line
 .data.motion_line
                0x0000000020000024       0x18 ./Core/Src/main.o
                0x0000000020000024                motion_line
 .data.last_motor_cmd
                0x000000002000003c        0x1 ./Core/Src/main.o
                0x000000002000003c                last_motor_cmd
 *fill*         0x000000002000003d        0x3 
 .data.esp_cmd_rx
                0x0000000020000040        0x8 ./Core/Src/main.o
                0x0000000020000040                esp_cmd_rx
 .data.wifi_line1
                0x0000000020000048       0x20 ./Core/Src/main.o
                0x0000000020000048                wifi_line1
 .data.wifi_line2
                0x0000000020000068       0x20 ./Core/Src/main.o
                0x0000000020000068                wifi_line2
 .data.ds18b20_raw
                0x0000000020000088        0x4 ./Core/Src/main.o
                0x0000000020000088                ds18b20_raw
 .data.SystemCoreClock
                0x000000002000008c        0x4 ./Core/Src/system_stm32f1xx.o
                0x000000002000008c                SystemCoreClock
 .data.uwTickPrio
                0x0000000020000090        0x4 ./Drivers/STM32F1xx_HAL_Driver/stm32f1xx_hal.o
                0x0000000020000090                uwTickPrio
 .data.uwTickFreq
                0x0000000020000094        0x1 ./Drivers/STM32F1xx_HAL_Driver/stm32f1xx_hal.o
                0x0000000020000094                uwTickFreq
 *fill*         0x0000000020000095        0x3 
 .data._impure_ptr
                0x0000000020000098        0x4 c:/st/stm32cubeide_1.9.0/stm32cubeide/plugins/com.st.stm32cube.ide.mcu.externaltools.gnu-tools-for-stm32.10.3-2021.10.win32_1.0.0.202111181127/tools/bin/../lib/gcc/arm-none-eabi/10.3.1/../../../../arm-none-eabi/lib/thumb/v7-m/nofp\libc_nano.a(lib_a-impure.o)
                0x0000000020000098                _impure_ptr
 .data.impure_data
                0x000000002000009c       0x60 c:/st/stm32cubeide_1.9.0/stm32cubeide/plugins/com.st.stm32cube.ide.mcu.externaltools.gnu-tools-for-stm32.10.3-2021.10.win32_1.0.0.202111181127/tools/bin/../lib/gcc/arm-none-eabi/10.3.1/../../../../arm-none-eabi/lib/thumb/v7-m/nofp\libc_nano.a(lib_a-impure.o)
 *(.RamFunc)
 *(.RamFunc*)
                0x00000000200000fc                . = ALIGN (0x4)
                0x00000000200000fc                _edata = .

.igot.plt       0x00000000200000fc        0x0 load address 0x00000000080063b8
 .igot.plt      0x00000000200000fc        0x0 c:/st/stm32cubeide_1.9.0/stm32cubeide/plugins/com.st.stm32cube.ide.mcu.externaltools.gnu-tools-for-stm32.10.3-2021.10.win32_1.0.0.202111181127/tools/bin/../lib/gcc/arm-none-eabi/10.3.1/thumb/v7-m/nofp/crtbegin.o
                0x00000000200000fc                . = ALIGN (0x4)

.bss            0x00000000200000fc      0x3ac load address 0x00000000080063b8
                0x00000000200000fc                _sbss = .
                0x00000000200000fc                __bss_start__ = _sbss
 *(.bss)
 .bss           0x00000000200000fc       0x1c c:/st/stm32cubeide_1.9.0/stm32cubeide/plugins/com.st.stm32cube.ide.mcu.externaltools.gnu-tools-for-stm32.10.3-2021.10.win32_1.0.0.202111181127/tools/bin/../lib/gcc/arm-none-eabi/10.3.1/thumb/v7-m/nofp/crtbegin.o
 *(.bss*)
 .bss.hadc1     0x0000000020000118       0x30 ./Core/Src/main.o
                0x0000000020000118                hadc1
 .bss.hadc2     0x0000000020000148       0x30 ./Core/Src/main.o
                0x0000000020000148                hadc2
 .bss.hi2c2     0x0000000020000178       0x54 ./Core/Src/main.o
                0x0000000020000178                hi2c2
 .bss.huart3    0x00000000200001cc       0x44 ./Core/Src/main.o
                0x00000000200001cc                huart3
 .bss.hsram1    0x0000000020000210       0x48 ./Core/Src/main.o
                0x0000000020000210                hsram1
 .bss.last_k1_state
                0x0000000020000258        0x1 ./Core/Src/main.o
                0x0000000020000258                last_k1_state
 .bss.last_k2_state
                0x0000000020000259        0x1 ./Core/Src/main.o
                0x0000000020000259                last_k2_state
 *fill*         0x000000002000025a        0x2 
 .bss.last_jsw_press_tick
                0x000000002000025c        0x4 ./Core/Src/main.o
                0x000000002000025c                last_jsw_press_tick
 .bss.jsw_has_been_pressed
                0x0000000020000260        0x1 ./Core/Src/main.o
                0x0000000020000260                jsw_has_been_pressed
 .bss.laser_state
                0x0000000020000261        0x1 ./Core/Src/main.o
                0x0000000020000261                laser_state
 *fill*         0x0000000020000262        0x2 
 .bss.laser_tick
                0x0000000020000264        0x4 ./Core/Src/main.o
                0x0000000020000264                laser_tick
 .bss.last_motor_speed
                0x0000000020000268        0x1 ./Core/Src/main.o
                0x0000000020000268                last_motor_speed
 *fill*         0x0000000020000269        0x3 
 .bss.motor_cmd_tick
                0x000000002000026c        0x4 ./Core/Src/main.o
                0x000000002000026c                motor_cmd_tick
 .bss.esp_rx    0x0000000020000270      0x100 ./Core/Src/main.o
                0x0000000020000270                esp_rx
 .bss.esp_rx_byte
                0x0000000020000370        0x1 ./Core/Src/main.o
                0x0000000020000370                esp_rx_byte
 *fill*         0x0000000020000371        0x1 
 .bss.esp_rx_index
                0x0000000020000372        0x2 ./Core/Src/main.o
                0x0000000020000372                esp_rx_index
 .bss.esp_rx_done
                0x0000000020000374        0x1 ./Core/Src/main.o
                0x0000000020000374                esp_rx_done
 *fill*         0x0000000020000375        0x3 
 .bss.prev_esp_cmd
                0x0000000020000378        0x8 ./Core/Src/main.o
                0x0000000020000378                prev_esp_cmd
 .bss.wifi_state
                0x0000000020000380        0x1 ./Core/Src/main.o
                0x0000000020000380                wifi_state
 *fill*         0x0000000020000381        0x3 
 .bss.wifi_state_tick
                0x0000000020000384        0x4 ./Core/Src/main.o
                0x0000000020000384                wifi_state_tick
 .bss.ds18b20_last_tick
                0x0000000020000388        0x4 ./Core/Src/main.o
                0x0000000020000388                ds18b20_last_tick
 .bss.prev_wifi1
                0x000000002000038c       0x20 ./Core/Src/main.o
                0x000000002000038c                prev_wifi1
 .bss.prev_wifi2
                0x00000000200003ac       0x20 ./Core/Src/main.o
                0x00000000200003ac                prev_wifi2
 .bss.prev_x    0x00000000200003cc       0x18 ./Core/Src/main.o
                0x00000000200003cc                prev_x
 .bss.prev_y    0x00000000200003e4       0x18 ./Core/Src/main.o
                0x00000000200003e4                prev_y
 .bss.prev_btn  0x00000000200003fc        0x8 ./Core/Src/main.o
                0x00000000200003fc                prev_btn
 .bss.prev_last
                0x0000000020000404       0x18 ./Core/Src/main.o
                0x0000000020000404                prev_last
 .bss.prev_laser
                0x000000002000041c       0x18 ./Core/Src/main.o
                0x000000002000041c                prev_laser
 .bss.prev_temp
                0x0000000020000434       0x18 ./Core/Src/main.o
                0x0000000020000434                prev_temp
 .bss.prev_motion
                0x000000002000044c       0x18 ./Core/Src/main.o
                0x000000002000044c                prev_motion
 .bss.prev_seg  0x0000000020000464       0x10 ./Core/Src/main.o
                0x0000000020000464                prev_seg
 .bss.seg_mode  0x0000000020000474        0x1 ./Core/Src/main.o
                0x0000000020000474                seg_mode
 *fill*         0x0000000020000475        0x3 
 .bss.seg_tick  0x0000000020000478        0x4 ./Core/Src/main.o
                0x0000000020000478                seg_tick
 .bss.seg_tenths
                0x000000002000047c        0x4 ./Core/Src/main.o
                0x000000002000047c                seg_tenths
 .bss.seg_left  0x0000000020000480        0x1 ./Core/Src/main.o
                0x0000000020000480                seg_left
 .bss.seg_right
                0x0000000020000481        0x1 ./Core/Src/main.o
                0x0000000020000481                seg_right
 .bss.seg_dp    0x0000000020000482        0x1 ./Core/Src/main.o
                0x0000000020000482                seg_dp
 *fill*         0x0000000020000483        0x1 
 .bss.lcd_fast_tick
                0x0000000020000484        0x4 ./Core/Src/main.o
                0x0000000020000484                lcd_fast_tick
 .bss.lcd_slow_tick
                0x0000000020000488        0x4 ./Core/Src/main.o
                0x0000000020000488                lcd_slow_tick
 .bss.FSMC_Initialized
                0x000000002000048c        0x4 ./Core/Src/stm32f1xx_hal_msp.o
 .bss.__sbrk_heap_end
                0x0000000020000490        0x4 ./Core/Src/sysmem.o
 .bss.uwTick    0x0000000020000494        0x4 ./Drivers/STM32F1xx_HAL_Driver/stm32f1xx_hal.o
                0x0000000020000494                uwTick
 .bss.__malloc_free_list
                0x0000000020000498        0x4 c:/st/stm32cubeide_1.9.0/stm32cubeide/plugins/com.st.stm32cube.ide.mcu.externaltools.gnu-tools-for-stm32.10.3-2021.10.win32_1.0.0.202111181127/tools/bin/../lib/gcc/arm-none-eabi/10.3.1/../../../../arm-none-eabi/lib/thumb/v7-m/nofp\libc_nano.a(lib_a-nano-mallocr.o)
                0x0000000020000498                __malloc_free_list
 .bss.__malloc_sbrk_start
                0x000000002000049c        0x4 c:/st/stm32cubeide_1.9.0/stm32cubeide/plugins/com.st.stm32cube.ide.mcu.externaltools.gnu-tools-for-stm32.10.3-2021.10.win32_1.0.0.202111181127/tools/bin/../lib/gcc/arm-none-eabi/10.3.1/../../../../arm-none-eabi/lib/thumb/v7-m/nofp\libc_nano.a(lib_a-nano-mallocr.o)
                0x000000002000049c                __malloc_sbrk_start
 .bss.errno     0x00000000200004a0        0x4 c:/st/stm32cubeide_1.9.0/stm32cubeide/plugins/com.st.stm32cube.ide.mcu.externaltools.gnu-tools-for-stm32.10.3-2021.10.win32_1.0.0.202111181127/tools/bin/../lib/gcc/arm-none-eabi/10.3.1/../../../../arm-none-eabi/lib/thumb/v7-m/nofp\libc_nano.a(lib_a-reent.o)
                0x00000000200004a0                errno
 .bss.__lock___malloc_recursive_mutex
                0x00000000200004a4        0x1 c:/st/stm32cubeide_1.9.0/stm32cubeide/plugins/com.st.stm32cube.ide.mcu.externaltools.gnu-tools-for-stm32.10.3-2021.10.win32_1.0.0.202111181127/tools/bin/../lib/gcc/arm-none-eabi/10.3.1/../../../../arm-none-eabi/lib/thumb/v7-m/nofp\libc_nano.a(lib_a-lock.o)
                0x00000000200004a4                __lock___malloc_recursive_mutex
 *(COMMON)
                0x00000000200004a8                . = ALIGN (0x4)
 *fill*         0x00000000200004a5        0x3 
                0x00000000200004a8                _ebss = .
                0x00000000200004a8                __bss_end__ = _ebss

._user_heap_stack
                0x00000000200004a8      0x600 load address 0x00000000080063b8
                0x00000000200004a8                . = ALIGN (0x8)
                [!provide]                        PROVIDE (end = .)
                0x00000000200004a8                PROVIDE (_end = .)
                0x00000000200006a8                . = (. + _Min_Heap_Size)
 *fill*         0x00000000200004a8      0x200 
                0x0000000020000aa8                . = (. + _Min_Stack_Size)
 *fill*         0x00000000200006a8      0x400 
                0x0000000020000aa8                . = ALIGN (0x8)

/DISCARD/
 libc.a(*)
 libm.a(*)
 libgcc.a(*)

.ARM.attributes
                0x0000000000000000       0x29
 *(.ARM.attributes)
 .ARM.attributes
                0x0000000000000000       0x1d c:/st/stm32cubeide_1.9.0/stm32cubeide/plugins/com.st.stm32cube.ide.mcu.externaltools.gnu-tools-for-stm32.10.3-2021.10.win32_1.0.0.202111181127/tools/bin/../lib/gcc/arm-none-eabi/10.3.1/thumb/v7-m/nofp/crti.o
 .ARM.attributes
                0x000000000000001d       0x2d c:/st/stm32cubeide_1.9.0/stm32cubeide/plugins/com.st.stm32cube.ide.mcu.externaltools.gnu-tools-for-stm32.10.3-2021.10.win32_1.0.0.202111181127/tools/bin/../lib/gcc/arm-none-eabi/10.3.1/thumb/v7-m/nofp/crtbegin.o
 .ARM.attributes
                0x000000000000004a       0x2d ./Core/Src/lcd.o
 .ARM.attributes
                0x0000000000000077       0x2d ./Core/Src/main.o
 .ARM.attributes
                0x00000000000000a4       0x2d ./Core/Src/stm32f1xx_hal_msp.o
 .ARM.attributes
                0x00000000000000d1       0x2d ./Core/Src/stm32f1xx_it.o
 .ARM.attributes
                0x00000000000000fe       0x2d ./Core/Src/sysmem.o
 .ARM.attributes
                0x000000000000012b       0x2d ./Core/Src/system_stm32f1xx.o
 .ARM.attributes
                0x0000000000000158       0x21 ./Core/Startup/startup_stm32f103vetx.o
 .ARM.attributes
                0x0000000000000179       0x2d ./Drivers/STM32F1xx_HAL_Driver/stm32f1xx_hal.o
 .ARM.attributes
                0x00000000000001a6       0x2d ./Drivers/STM32F1xx_HAL_Driver/stm32f1xx_hal_adc.o
 .ARM.attributes
                0x00000000000001d3       0x2d ./Drivers/STM32F1xx_HAL_Driver/stm32f1xx_hal_adc_ex.o
 .ARM.attributes
                0x0000000000000200       0x2d ./Drivers/STM32F1xx_HAL_Driver/stm32f1xx_hal_cortex.o
 .ARM.attributes
                0x000000000000022d       0x2d ./Drivers/STM32F1xx_HAL_Driver/stm32f1xx_hal_gpio.o
 .ARM.attributes
                0x000000000000025a       0x2d ./Drivers/STM32F1xx_HAL_Driver/stm32f1xx_hal_i2c.o
 .ARM.attributes
                0x0000000000000287       0x2d ./Drivers/STM32F1xx_HAL_Driver/stm32f1xx_hal_rcc.o
 .ARM.attributes
                0x00000000000002b4       0x2d ./Drivers/STM32F1xx_HAL_Driver/stm32f1xx_hal_rcc_ex.o
 .ARM.attributes
                0x00000000000002e1       0x2d ./Drivers/STM32F1xx_HAL_Driver/stm32f1xx_hal_sram.o
 .ARM.attributes
                0x000000000000030e       0x2d ./Drivers/STM32F1xx_HAL_Driver/stm32f1xx_hal_uart.o
 .ARM.attributes
                0x000000000000033b       0x2d ./Drivers/STM32F1xx_HAL_Driver/stm32f1xx_ll_fsmc.o
 .ARM.attributes
                0x0000000000000368       0x2d c:/st/stm32cubeide_1.9.0/stm32cubeide/plugins/com.st.stm32cube.ide.mcu.externaltools.gnu-tools-for-stm32.10.3-2021.10.win32_1.0.0.202111181127/tools/bin/../lib/gcc/arm-none-eabi/10.3.1/../../../../arm-none-eabi/lib/thumb/v7-m/nofp\libc_nano.a(lib_a-errno.o)
 .ARM.attributes
                0x0000000000000395       0x2d c:/st/stm32cubeide_1.9.0/stm32cubeide/plugins/com.st.stm32cube.ide.mcu.externaltools.gnu-tools-for-stm32.10.3-2021.10.win32_1.0.0.202111181127/tools/bin/../lib/gcc/arm-none-eabi/10.3.1/../../../../arm-none-eabi/lib/thumb/v7-m/nofp\libc_nano.a(lib_a-impure.o)
 .ARM.attributes
                0x00000000000003c2       0x2d c:/st/stm32cubeide_1.9.0/stm32cubeide/plugins/com.st.stm32cube.ide.mcu.externaltools.gnu-tools-for-stm32.10.3-2021.10.win32_1.0.0.202111181127/tools/bin/../lib/gcc/arm-none-eabi/10.3.1/../../../../arm-none-eabi/lib/thumb/v7-m/nofp\libc_nano.a(lib_a-init.o)
 .ARM.attributes
                0x00000000000003ef       0x2d c:/st/stm32cubeide_1.9.0/stm32cubeide/plugins/com.st.stm32cube.ide.mcu.externaltools.gnu-tools-for-stm32.10.3-2021.10.win32_1.0.0.202111181127/tools/bin/../lib/gcc/arm-none-eabi/10.3.1/../../../../arm-none-eabi/lib/thumb/v7-m/nofp\libc_nano.a(lib_a-memset.o)
 .ARM.attributes
                0x000000000000041c       0x2d c:/st/stm32cubeide_1.9.0/stm32cubeide/plugins/com.st.stm32cube.ide.mcu.externaltools.gnu-tools-for-stm32.10.3-2021.10.win32_1.0.0.202111181127/tools/bin/../lib/gcc/arm-none-eabi/10.3.1/../../../../arm-none-eabi/lib/thumb/v7-m/nofp\libc_nano.a(lib_a-snprintf.o)
 .ARM.attributes
                0x0000000000000449       0x2d c:/st/stm32cubeide_1.9.0/stm32cubeide/plugins/com.st.stm32cube.ide.mcu.externaltools.gnu-tools-for-stm32.10.3-2021.10.win32_1.0.0.202111181127/tools/bin/../lib/gcc/arm-none-eabi/10.3.1/../../../../arm-none-eabi/lib/thumb/v7-m/nofp\libc_nano.a(lib_a-strchr.o)
 .ARM.attributes
                0x0000000000000476       0x1b c:/st/stm32cubeide_1.9.0/stm32cubeide/plugins/com.st.stm32cube.ide.mcu.externaltools.gnu-tools-for-stm32.10.3-2021.10.win32_1.0.0.202111181127/tools/bin/../lib/gcc/arm-none-eabi/10.3.1/../../../../arm-none-eabi/lib/thumb/v7-m/nofp\libc_nano.a(lib_a-strcmp.o)
 .ARM.attributes
                0x0000000000000491       0x2d c:/st/stm32cubeide_1.9.0/stm32cubeide/plugins/com.st.stm32cube.ide.mcu.externaltools.gnu-tools-for-stm32.10.3-2021.10.win32_1.0.0.202111181127/tools/bin/../lib/gcc/arm-none-eabi/10.3.1/../../../../arm-none-eabi/lib/thumb/v7-m/nofp\libc_nano.a(lib_a-strcpy.o)
 .ARM.attributes
                0x00000000000004be       0x17 c:/st/stm32cubeide_1.9.0/stm32cubeide/plugins/com.st.stm32cube.ide.mcu.externaltools.gnu-tools-for-stm32.10.3-2021.10.win32_1.0.0.202111181127/tools/bin/../lib/gcc/arm-none-eabi/10.3.1/../../../../arm-none-eabi/lib/thumb/v7-m/nofp\libc_nano.a(lib_a-strlen.o)
 .ARM.attributes
                0x00000000000004d5       0x2d c:/st/stm32cubeide_1.9.0/stm32cubeide/plugins/com.st.stm32cube.ide.mcu.externaltools.gnu-tools-for-stm32.10.3-2021.10.win32_1.0.0.202111181127/tools/bin/../lib/gcc/arm-none-eabi/10.3.1/../../../../arm-none-eabi/lib/thumb/v7-m/nofp\libc_nano.a(lib_a-strstr.o)
 .ARM.attributes
                0x0000000000000502       0x2d c:/st/stm32cubeide_1.9.0/stm32cubeide/plugins/com.st.stm32cube.ide.mcu.externaltools.gnu-tools-for-stm32.10.3-2021.10.win32_1.0.0.202111181127/tools/bin/../lib/gcc/arm-none-eabi/10.3.1/../../../../arm-none-eabi/lib/thumb/v7-m/nofp\libc_nano.a(lib_a-nano-svfprintf.o)
 .ARM.attributes
                0x000000000000052f       0x2d c:/st/stm32cubeide_1.9.0/stm32cubeide/plugins/com.st.stm32cube.ide.mcu.externaltools.gnu-tools-for-stm32.10.3-2021.10.win32_1.0.0.202111181127/tools/bin/../lib/gcc/arm-none-eabi/10.3.1/../../../../arm-none-eabi/lib/thumb/v7-m/nofp\libc_nano.a(lib_a-nano-vfprintf_i.o)
 .ARM.attributes
                0x000000000000055c       0x2d c:/st/stm32cubeide_1.9.0/stm32cubeide/plugins/com.st.stm32cube.ide.mcu.externaltools.gnu-tools-for-stm32.10.3-2021.10.win32_1.0.0.202111181127/tools/bin/../lib/gcc/arm-none-eabi/10.3.1/../../../../arm-none-eabi/lib/thumb/v7-m/nofp\libc_nano.a(lib_a-memchr-stub.o)
 .ARM.attributes
                0x0000000000000589       0x2d c:/st/stm32cubeide_1.9.0/stm32cubeide/plugins/com.st.stm32cube.ide.mcu.externaltools.gnu-tools-for-stm32.10.3-2021.10.win32_1.0.0.202111181127/tools/bin/../lib/gcc/arm-none-eabi/10.3.1/../../../../arm-none-eabi/lib/thumb/v7-m/nofp\libc_nano.a(lib_a-memcpy-stub.o)
 .ARM.attributes
                0x00000000000005b6       0x2d c:/st/stm32cubeide_1.9.0/stm32cubeide/plugins/com.st.stm32cube.ide.mcu.externaltools.gnu-tools-for-stm32.10.3-2021.10.win32_1.0.0.202111181127/tools/bin/../lib/gcc/arm-none-eabi/10.3.1/../../../../arm-none-eabi/lib/thumb/v7-m/nofp\libc_nano.a(lib_a-memmove.o)
 .ARM.attributes
                0x00000000000005e3       0x2d c:/st/stm32cubeide_1.9.0/stm32cubeide/plugins/com.st.stm32cube.ide.mcu.externaltools.gnu-tools-for-stm32.10.3-2021.10.win32_1.0.0.202111181127/tools/bin/../lib/gcc/arm-none-eabi/10.3.1/../../../../arm-none-eabi/lib/thumb/v7-m/nofp\libc_nano.a(lib_a-nano-freer.o)
 .ARM.attributes
                0x0000000000000610       0x2d c:/st/stm32cubeide_1.9.0/stm32cubeide/plugins/com.st.stm32cube.ide.mcu.externaltools.gnu-tools-for-stm32.10.3-2021.10.win32_1.0.0.202111181127/tools/bin/../lib/gcc/arm-none-eabi/10.3.1/../../../../arm-none-eabi/lib/thumb/v7-m/nofp\libc_nano.a(lib_a-nano-mallocr.o)
 .ARM.attributes
                0x000000000000063d       0x2d c:/st/stm32cubeide_1.9.0/stm32cubeide/plugins/com.st.stm32cube.ide.mcu.externaltools.gnu-tools-for-stm32.10.3-2021.10.win32_1.0.0.202111181127/tools/bin/../lib/gcc/arm-none-eabi/10.3.1/../../../../arm-none-eabi/lib/thumb/v7-m/nofp\libc_nano.a(lib_a-nano-reallocr.o)
 .ARM.attributes
                0x000000000000066a       0x2d c:/st/stm32cubeide_1.9.0/stm32cubeide/plugins/com.st.stm32cube.ide.mcu.externaltools.gnu-tools-for-stm32.10.3-2021.10.win32_1.0.0.202111181127/tools/bin/../lib/gcc/arm-none-eabi/10.3.1/../../../../arm-none-eabi/lib/thumb/v7-m/nofp\libc_nano.a(lib_a-sbrkr.o)
 .ARM.attributes
                0x0000000000000697       0x2d c:/st/stm32cubeide_1.9.0/stm32cubeide/plugins/com.st.stm32cube.ide.mcu.externaltools.gnu-tools-for-stm32.10.3-2021.10.win32_1.0.0.202111181127/tools/bin/../lib/gcc/arm-none-eabi/10.3.1/../../../../arm-none-eabi/lib/thumb/v7-m/nofp\libc_nano.a(lib_a-mlock.o)
 .ARM.attributes
                0x00000000000006c4       0x2d c:/st/stm32cubeide_1.9.0/stm32cubeide/plugins/com.st.stm32cube.ide.mcu.externaltools.gnu-tools-for-stm32.10.3-2021.10.win32_1.0.0.202111181127/tools/bin/../lib/gcc/arm-none-eabi/10.3.1/../../../../arm-none-eabi/lib/thumb/v7-m/nofp\libc_nano.a(lib_a-nano-msizer.o)
 .ARM.attributes
                0x00000000000006f1       0x2d c:/st/stm32cubeide_1.9.0/stm32cubeide/plugins/com.st.stm32cube.ide.mcu.externaltools.gnu-tools-for-stm32.10.3-2021.10.win32_1.0.0.202111181127/tools/bin/../lib/gcc/arm-none-eabi/10.3.1/../../../../arm-none-eabi/lib/thumb/v7-m/nofp\libc_nano.a(lib_a-reent.o)
 .ARM.attributes
                0x000000000000071e       0x2d c:/st/stm32cubeide_1.9.0/stm32cubeide/plugins/com.st.stm32cube.ide.mcu.externaltools.gnu-tools-for-stm32.10.3-2021.10.win32_1.0.0.202111181127/tools/bin/../lib/gcc/arm-none-eabi/10.3.1/../../../../arm-none-eabi/lib/thumb/v7-m/nofp\libc_nano.a(lib_a-lock.o)
 .ARM.attributes
                0x000000000000074b       0x1d c:/st/stm32cubeide_1.9.0/stm32cubeide/plugins/com.st.stm32cube.ide.mcu.externaltools.gnu-tools-for-stm32.10.3-2021.10.win32_1.0.0.202111181127/tools/bin/../lib/gcc/arm-none-eabi/10.3.1/thumb/v7-m/nofp/crtn.o
OUTPUT(PROJECT.elf elf32-littlearm)
LOAD linker stubs
LOAD c:/st/stm32cubeide_1.9.0/stm32cubeide/plugins/com.st.stm32cube.ide.mcu.externaltools.gnu-tools-for-stm32.10.3-2021.10.win32_1.0.0.202111181127/tools/bin/../lib/gcc/arm-none-eabi/10.3.1/../../../../arm-none-eabi/lib/thumb/v7-m/nofp\libc.a
LOAD c:/st/stm32cubeide_1.9.0/stm32cubeide/plugins/com.st.stm32cube.ide.mcu.externaltools.gnu-tools-for-stm32.10.3-2021.10.win32_1.0.0.202111181127/tools/bin/../lib/gcc/arm-none-eabi/10.3.1/../../../../arm-none-eabi/lib/thumb/v7-m/nofp\libm.a
LOAD c:/st/stm32cubeide_1.9.0/stm32cubeide/plugins/com.st.stm32cube.ide.mcu.externaltools.gnu-tools-for-stm32.10.3-2021.10.win32_1.0.0.202111181127/tools/bin/../lib/gcc/arm-none-eabi/10.3.1/thumb/v7-m/nofp\libgcc.a

.debug_info     0x0000000000000000     0xd2c8
 .debug_info    0x0000000000000000      0x7fd ./Core/Src/lcd.o
 .debug_info    0x00000000000007fd     0x2318 ./Core/Src/main.o
 .debug_info    0x0000000000002b15     0x114c ./Core/Src/stm32f1xx_hal_msp.o
 .debug_info    0x0000000000003c61      0x122 ./Core/Src/stm32f1xx_it.o
 .debug_info    0x0000000000003d83      0x171 ./Core/Src/sysmem.o
 .debug_info    0x0000000000003ef4      0x23d ./Core/Src/system_stm32f1xx.o
 .debug_info    0x0000000000004131       0x22 ./Core/Startup/startup_stm32f103vetx.o
 .debug_info    0x0000000000004153      0x79a ./Drivers/STM32F1xx_HAL_Driver/stm32f1xx_hal.o
 .debug_info    0x00000000000048ed      0xcd9 ./Drivers/STM32F1xx_HAL_Driver/stm32f1xx_hal_adc.o
 .debug_info    0x00000000000055c6      0xa8f ./Drivers/STM32F1xx_HAL_Driver/stm32f1xx_hal_adc_ex.o
 .debug_info    0x0000000000006055      0xb86 ./Drivers/STM32F1xx_HAL_Driver/stm32f1xx_hal_cortex.o
 .debug_info    0x0000000000006bdb      0x615 ./Drivers/STM32F1xx_HAL_Driver/stm32f1xx_hal_gpio.o
 .debug_info    0x00000000000071f0     0x2734 ./Drivers/STM32F1xx_HAL_Driver/stm32f1xx_hal_i2c.o
 .debug_info    0x0000000000009924      0x860 ./Drivers/STM32F1xx_HAL_Driver/stm32f1xx_hal_rcc.o
 .debug_info    0x000000000000a184      0x409 ./Drivers/STM32F1xx_HAL_Driver/stm32f1xx_hal_rcc_ex.o
 .debug_info    0x000000000000a58d      0xd5b ./Drivers/STM32F1xx_HAL_Driver/stm32f1xx_hal_sram.o
 .debug_info    0x000000000000b2e8     0x15d8 ./Drivers/STM32F1xx_HAL_Driver/stm32f1xx_hal_uart.o
 .debug_info    0x000000000000c8c0      0xa08 ./Drivers/STM32F1xx_HAL_Driver/stm32f1xx_ll_fsmc.o

.debug_abbrev   0x0000000000000000     0x21c4
 .debug_abbrev  0x0000000000000000      0x22f ./Core/Src/lcd.o
 .debug_abbrev  0x000000000000022f      0x376 ./Core/Src/main.o
 .debug_abbrev  0x00000000000005a5      0x204 ./Core/Src/stm32f1xx_hal_msp.o
 .debug_abbrev  0x00000000000007a9       0x74 ./Core/Src/stm32f1xx_it.o
 .debug_abbrev  0x000000000000081d       0xbb ./Core/Src/sysmem.o
 .debug_abbrev  0x00000000000008d8      0x13b ./Core/Src/system_stm32f1xx.o
 .debug_abbrev  0x0000000000000a13       0x12 ./Core/Startup/startup_stm32f103vetx.o
 .debug_abbrev  0x0000000000000a25      0x1fb ./Drivers/STM32F1xx_HAL_Driver/stm32f1xx_hal.o
 .debug_abbrev  0x0000000000000c20      0x210 ./Drivers/STM32F1xx_HAL_Driver/stm32f1xx_hal_adc.o
 .debug_abbrev  0x0000000000000e30      0x234 ./Drivers/STM32F1xx_HAL_Driver/stm32f1xx_hal_adc_ex.o
 .debug_abbrev  0x0000000000001064      0x2ed ./Drivers/STM32F1xx_HAL_Driver/stm32f1xx_hal_cortex.o
 .debug_abbrev  0x0000000000001351      0x1bb ./Drivers/STM32F1xx_HAL_Driver/stm32f1xx_hal_gpio.o
 .debug_abbrev  0x000000000000150c      0x288 ./Drivers/STM32F1xx_HAL_Driver/stm32f1xx_hal_i2c.o
 .debug_abbrev  0x0000000000001794      0x2a8 ./Drivers/STM32F1xx_HAL_Driver/stm32f1xx_hal_rcc.o
 .debug_abbrev  0x0000000000001a3c      0x182 ./Drivers/STM32F1xx_HAL_Driver/stm32f1xx_hal_rcc_ex.o
 .debug_abbrev  0x0000000000001bbe      0x1f8 ./Drivers/STM32F1xx_HAL_Driver/stm32f1xx_hal_sram.o
 .debug_abbrev  0x0000000000001db6      0x278 ./Drivers/STM32F1xx_HAL_Driver/stm32f1xx_hal_uart.o
 .debug_abbrev  0x000000000000202e      0x196 ./Drivers/STM32F1xx_HAL_Driver/stm32f1xx_ll_fsmc.o

.debug_aranges  0x0000000000000000      0xdd8
 .debug_aranges
                0x0000000000000000       0xb0 ./Core/Src/lcd.o
 .debug_aranges
                0x00000000000000b0      0x180 ./Core/Src/main.o
 .debug_aranges
                0x0000000000000230       0x70 ./Core/Src/stm32f1xx_hal_msp.o
 .debug_aranges
                0x00000000000002a0       0x60 ./Core/Src/stm32f1xx_it.o
 .debug_aranges
                0x0000000000000300       0x20 ./Core/Src/sysmem.o
 .debug_aranges
                0x0000000000000320       0x28 ./Core/Src/system_stm32f1xx.o
 .debug_aranges
                0x0000000000000348       0x28 ./Core/Startup/startup_stm32f103vetx.o
 .debug_aranges
                0x0000000000000370       0xe0 ./Drivers/STM32F1xx_HAL_Driver/stm32f1xx_hal.o
 .debug_aranges
                0x0000000000000450       0xf0 ./Drivers/STM32F1xx_HAL_Driver/stm32f1xx_hal_adc.o
 .debug_aranges
                0x0000000000000540       0x80 ./Drivers/STM32F1xx_HAL_Driver/stm32f1xx_hal_adc_ex.o
 .debug_aranges
                0x00000000000005c0      0x100 ./Drivers/STM32F1xx_HAL_Driver/stm32f1xx_hal_cortex.o
 .debug_aranges
                0x00000000000006c0       0x58 ./Drivers/STM32F1xx_HAL_Driver/stm32f1xx_hal_gpio.o
 .debug_aranges
                0x0000000000000718      0x2a0 ./Drivers/STM32F1xx_HAL_Driver/stm32f1xx_hal_i2c.o
 .debug_aranges
                0x00000000000009b8       0x90 ./Drivers/STM32F1xx_HAL_Driver/stm32f1xx_hal_rcc.o
 .debug_aranges
                0x0000000000000a48       0x30 ./Drivers/STM32F1xx_HAL_Driver/stm32f1xx_hal_rcc_ex.o
 .debug_aranges
                0x0000000000000a78       0xb8 ./Drivers/STM32F1xx_HAL_Driver/stm32f1xx_hal_sram.o
 .debug_aranges
                0x0000000000000b30      0x200 ./Drivers/STM32F1xx_HAL_Driver/stm32f1xx_hal_uart.o
 .debug_aranges
                0x0000000000000d30       0xa8 ./Drivers/STM32F1xx_HAL_Driver/stm32f1xx_ll_fsmc.o

.debug_ranges   0x0000000000000000      0xd18
 .debug_ranges  0x0000000000000000       0xa0 ./Core/Src/lcd.o
 .debug_ranges  0x00000000000000a0      0x170 ./Core/Src/main.o
 .debug_ranges  0x0000000000000210       0x60 ./Core/Src/stm32f1xx_hal_msp.o
 .debug_ranges  0x0000000000000270       0x50 ./Core/Src/stm32f1xx_it.o
 .debug_ranges  0x00000000000002c0       0x10 ./Core/Src/sysmem.o
 .debug_ranges  0x00000000000002d0       0x18 ./Core/Src/system_stm32f1xx.o
 .debug_ranges  0x00000000000002e8       0x20 ./Core/Startup/startup_stm32f103vetx.o
 .debug_ranges  0x0000000000000308       0xd0 ./Drivers/STM32F1xx_HAL_Driver/stm32f1xx_hal.o
 .debug_ranges  0x00000000000003d8       0xe0 ./Drivers/STM32F1xx_HAL_Driver/stm32f1xx_hal_adc.o
 .debug_ranges  0x00000000000004b8       0x70 ./Drivers/STM32F1xx_HAL_Driver/stm32f1xx_hal_adc_ex.o
 .debug_ranges  0x0000000000000528       0xf0 ./Drivers/STM32F1xx_HAL_Driver/stm32f1xx_hal_cortex.o
 .debug_ranges  0x0000000000000618       0x48 ./Drivers/STM32F1xx_HAL_Driver/stm32f1xx_hal_gpio.o
 .debug_ranges  0x0000000000000660      0x2b8 ./Drivers/STM32F1xx_HAL_Driver/stm32f1xx_hal_i2c.o
 .debug_ranges  0x0000000000000918       0x80 ./Drivers/STM32F1xx_HAL_Driver/stm32f1xx_hal_rcc.o
 .debug_ranges  0x0000000000000998       0x20 ./Drivers/STM32F1xx_HAL_Driver/stm32f1xx_hal_rcc_ex.o
 .debug_ranges  0x00000000000009b8       0xa8 ./Drivers/STM32F1xx_HAL_Driver/stm32f1xx_hal_sram.o
 .debug_ranges  0x0000000000000a60      0x220 ./Drivers/STM32F1xx_HAL_Driver/stm32f1xx_hal_uart.o
 .debug_ranges  0x0000000000000c80       0x98 ./Drivers/STM32F1xx_HAL_Driver/stm32f1xx_ll_fsmc.o

.debug_macro    0x0000000000000000    0x1adc0
 .debug_macro   0x0000000000000000      0x28a ./Core/Src/lcd.o
 .debug_macro   0x000000000000028a      0xa6c ./Core/Src/lcd.o
 .debug_macro   0x0000000000000cf6      0x227 ./Core/Src/lcd.o
 .debug_macro   0x0000000000000f1d       0x2e ./Core/Src/lcd.o
 .debug_macro   0x0000000000000f4b       0x22 ./Core/Src/lcd.o
 .debug_macro   0x0000000000000f6d       0x22 ./Core/Src/lcd.o
 .debug_macro   0x0000000000000f8f       0x8e ./Core/Src/lcd.o
 .debug_macro   0x000000000000101d       0x51 ./Core/Src/lcd.o
 .debug_macro   0x000000000000106e      0x103 ./Core/Src/lcd.o
 .debug_macro   0x0000000000001171       0x6a ./Core/Src/lcd.o
 .debug_macro   0x00000000000011db      0x1df ./Core/Src/lcd.o
 .debug_macro   0x00000000000013ba       0x1c ./Core/Src/lcd.o
 .debug_macro   0x00000000000013d6       0x22 ./Core/Src/lcd.o
 .debug_macro   0x00000000000013f8       0xbd ./Core/Src/lcd.o
 .debug_macro   0x00000000000014b5      0xd23 ./Core/Src/lcd.o
 .debug_macro   0x00000000000021d8     0xfd8c ./Core/Src/lcd.o
 .debug_macro   0x0000000000011f64       0x6d ./Core/Src/lcd.o
 .debug_macro   0x0000000000011fd1     0x3468 ./Core/Src/lcd.o
 .debug_macro   0x0000000000015439      0x174 ./Core/Src/lcd.o
 .debug_macro   0x00000000000155ad       0x5c ./Core/Src/lcd.o
 .debug_macro   0x0000000000015609      0x5be ./Core/Src/lcd.o
 .debug_macro   0x0000000000015bc7      0x4d5 ./Core/Src/lcd.o
 .debug_macro   0x000000000001609c      0x1cb ./Core/Src/lcd.o
 .debug_macro   0x0000000000016267      0x114 ./Core/Src/lcd.o
 .debug_macro   0x000000000001637b      0x1ea ./Core/Src/lcd.o
 .debug_macro   0x0000000000016565       0x27 ./Core/Src/lcd.o
 .debug_macro   0x000000000001658c      0x144 ./Core/Src/lcd.o
 .debug_macro   0x00000000000166d0      0x1bc ./Core/Src/lcd.o
 .debug_macro   0x000000000001688c       0x30 ./Core/Src/lcd.o
 .debug_macro   0x00000000000168bc       0x3c ./Core/Src/lcd.o
 .debug_macro   0x00000000000168f8       0x57 ./Core/Src/lcd.o
 .debug_macro   0x000000000001694f      0x46a ./Core/Src/lcd.o
 .debug_macro   0x0000000000016db9      0x25d ./Core/Src/lcd.o
 .debug_macro   0x0000000000017016       0x88 ./Core/Src/lcd.o
 .debug_macro   0x000000000001709e      0x24f ./Core/Src/lcd.o
 .debug_macro   0x00000000000172ed      0x356 ./Core/Src/lcd.o
 .debug_macro   0x0000000000017643      0x287 ./Core/Src/lcd.o
 .debug_macro   0x00000000000178ca      0x141 ./Core/Src/lcd.o
 .debug_macro   0x0000000000017a0b      0x279 ./Core/Src/lcd.o
 .debug_macro   0x0000000000017c84       0xb5 ./Core/Src/lcd.o
 .debug_macro   0x0000000000017d39       0xd0 ./Core/Src/lcd.o
 .debug_macro   0x0000000000017e09       0x52 ./Core/Src/lcd.o
 .debug_macro   0x0000000000017e5b       0x18 ./Core/Src/lcd.o
 .debug_macro   0x0000000000017e73       0x3c ./Core/Src/lcd.o
 .debug_macro   0x0000000000017eaf       0x34 ./Core/Src/lcd.o
 .debug_macro   0x0000000000017ee3       0x16 ./Core/Src/lcd.o
 .debug_macro   0x0000000000017ef9       0x43 ./Core/Src/lcd.o
 .debug_macro   0x0000000000017f3c       0x34 ./Core/Src/lcd.o
 .debug_macro   0x0000000000017f70       0x10 ./Core/Src/lcd.o
 .debug_macro   0x0000000000017f80       0x58 ./Core/Src/lcd.o
 .debug_macro   0x0000000000017fd8       0x71 ./Core/Src/lcd.o
 .debug_macro   0x0000000000018049       0x1c ./Core/Src/lcd.o
 .debug_macro   0x0000000000018065      0x12a ./Core/Src/lcd.o
 .debug_macro   0x000000000001818f      0x341 ./Core/Src/lcd.o
 .debug_macro   0x00000000000184d0      0x19b ./Core/Src/lcd.o
 .debug_macro   0x000000000001866b      0x4e6 ./Core/Src/main.o
 .debug_macro   0x0000000000018b51       0xd6 ./Core/Src/main.o
 .debug_macro   0x0000000000018c27       0x16 ./Core/Src/main.o
 .debug_macro   0x0000000000018c3d       0x35 ./Core/Src/main.o
 .debug_macro   0x0000000000018c72       0x10 ./Core/Src/main.o
 .debug_macro   0x0000000000018c82       0x10 ./Core/Src/main.o
 .debug_macro   0x0000000000018c92       0x1c ./Core/Src/main.o
 .debug_macro   0x0000000000018cae       0x52 ./Core/Src/main.o
 .debug_macro   0x0000000000018d00       0x22 ./Core/Src/main.o
 .debug_macro   0x0000000000018d22       0x10 ./Core/Src/main.o
 .debug_macro   0x0000000000018d32       0x52 ./Core/Src/main.o
 .debug_macro   0x0000000000018d84       0xd5 ./Core/Src/main.o
 .debug_macro   0x0000000000018e59       0x1c ./Core/Src/main.o
 .debug_macro   0x0000000000018e75       0x3d ./Core/Src/main.o
 .debug_macro   0x0000000000018eb2       0x16 ./Core/Src/main.o
 .debug_macro   0x0000000000018ec8      0x145 ./Core/Src/main.o
 .debug_macro   0x000000000001900d       0x16 ./Core/Src/main.o
 .debug_macro   0x0000000000019023       0x20 ./Core/Src/main.o
 .debug_macro   0x0000000000019043      0x1d0 ./Core/Src/stm32f1xx_hal_msp.o
 .debug_macro   0x0000000000019213      0x1da ./Core/Src/stm32f1xx_it.o
 .debug_macro   0x00000000000193ed       0xff ./Core/Src/sysmem.o
 .debug_macro   0x00000000000194ec      0x23b ./Core/Src/sysmem.o
 .debug_macro   0x0000000000019727      0x1c6 ./Core/Src/system_stm32f1xx.o
 .debug_macro   0x00000000000198ed      0x1ea ./Drivers/STM32F1xx_HAL_Driver/stm32f1xx_hal.o
 .debug_macro   0x0000000000019ad7      0x1e3 ./Drivers/STM32F1xx_HAL_Driver/stm32f1xx_hal_adc.o
 .debug_macro   0x0000000000019cba      0x1d8 ./Drivers/STM32F1xx_HAL_Driver/stm32f1xx_hal_adc_ex.o
 .debug_macro   0x0000000000019e92      0x1c6 ./Drivers/STM32F1xx_HAL_Driver/stm32f1xx_hal_cortex.o
 .debug_macro   0x000000000001a058      0x231 ./Drivers/STM32F1xx_HAL_Driver/stm32f1xx_hal_gpio.o
 .debug_macro   0x000000000001a289      0x20d ./Drivers/STM32F1xx_HAL_Driver/stm32f1xx_hal_i2c.o
 .debug_macro   0x000000000001a496      0x1d8 ./Drivers/STM32F1xx_HAL_Driver/stm32f1xx_hal_rcc.o
 .debug_macro   0x000000000001a66e      0x1c6 ./Drivers/STM32F1xx_HAL_Driver/stm32f1xx_hal_rcc_ex.o
 .debug_macro   0x000000000001a834      0x1c6 ./Drivers/STM32F1xx_HAL_Driver/stm32f1xx_hal_sram.o
 .debug_macro   0x000000000001a9fa      0x1c7 ./Drivers/STM32F1xx_HAL_Driver/stm32f1xx_hal_uart.o
 .debug_macro   0x000000000001abc1      0x1ff ./Drivers/STM32F1xx_HAL_Driver/stm32f1xx_ll_fsmc.o

.debug_line     0x0000000000000000    0x10b2a
 .debug_line    0x0000000000000000      0xcff ./Core/Src/lcd.o
 .debug_line    0x0000000000000cff     0x15de ./Core/Src/main.o
 .debug_line    0x00000000000022dd      0x945 ./Core/Src/stm32f1xx_hal_msp.o
 .debug_line    0x0000000000002c22      0x856 ./Core/Src/stm32f1xx_it.o
 .debug_line    0x0000000000003478      0x4e5 ./Core/Src/sysmem.o
 .debug_line    0x000000000000395d      0x812 ./Core/Src/system_stm32f1xx.o
 .debug_line    0x000000000000416f       0x87 ./Core/Startup/startup_stm32f103vetx.o
 .debug_line    0x00000000000041f6      0xa77 ./Drivers/STM32F1xx_HAL_Driver/stm32f1xx_hal.o
 .debug_line    0x0000000000004c6d     0x1104 ./Drivers/STM32F1xx_HAL_Driver/stm32f1xx_hal_adc.o
 .debug_line    0x0000000000005d71      0xe57 ./Drivers/STM32F1xx_HAL_Driver/stm32f1xx_hal_adc_ex.o
 .debug_line    0x0000000000006bc8      0xc5f ./Drivers/STM32F1xx_HAL_Driver/stm32f1xx_hal_cortex.o
 .debug_line    0x0000000000007827      0xb36 ./Drivers/STM32F1xx_HAL_Driver/stm32f1xx_hal_gpio.o
 .debug_line    0x000000000000835d     0x3b61 ./Drivers/STM32F1xx_HAL_Driver/stm32f1xx_hal_i2c.o
 .debug_line    0x000000000000bebe      0xe85 ./Drivers/STM32F1xx_HAL_Driver/stm32f1xx_hal_rcc.o
 .debug_line    0x000000000000cd43      0x9d6 ./Drivers/STM32F1xx_HAL_Driver/stm32f1xx_hal_rcc_ex.o
 .debug_line    0x000000000000d719      0xdea ./Drivers/STM32F1xx_HAL_Driver/stm32f1xx_hal_sram.o
 .debug_line    0x000000000000e503     0x1b52 ./Drivers/STM32F1xx_HAL_Driver/stm32f1xx_hal_uart.o
 .debug_line    0x0000000000010055      0xad5 ./Drivers/STM32F1xx_HAL_Driver/stm32f1xx_ll_fsmc.o

.debug_str      0x0000000000000000    0x9d2ef
 .debug_str     0x0000000000000000    0x96fe5 ./Core/Src/lcd.o
                                      0x97410 (size before relaxing)
 .debug_str     0x0000000000096fe5     0x290b ./Core/Src/main.o
                                      0x9947e (size before relaxing)
 .debug_str     0x00000000000998f0      0x130 ./Core/Src/stm32f1xx_hal_msp.o
                                      0x94366 (size before relaxing)
 .debug_str     0x0000000000099a20       0xc9 ./Core/Src/stm32f1xx_it.o
                                      0x93919 (size before relaxing)
 .debug_str     0x0000000000099ae9      0x511 ./Core/Src/sysmem.o
                                       0x5d53 (size before relaxing)
 .debug_str     0x0000000000099ffa       0x7e ./Core/Src/system_stm32f1xx.o
                                      0x9392f (size before relaxing)
 .debug_str     0x000000000009a078       0x36 ./Core/Startup/startup_stm32f103vetx.o
                                         0x6d (size before relaxing)
 .debug_str     0x000000000009a0ae      0x6cb ./Drivers/STM32F1xx_HAL_Driver/stm32f1xx_hal.o
                                      0x9417e (size before relaxing)
 .debug_str     0x000000000009a779      0x38b ./Drivers/STM32F1xx_HAL_Driver/stm32f1xx_hal_adc.o
                                      0x94044 (size before relaxing)
 .debug_str     0x000000000009ab04      0x2f4 ./Drivers/STM32F1xx_HAL_Driver/stm32f1xx_hal_adc_ex.o
                                      0x9401b (size before relaxing)
 .debug_str     0x000000000009adf8      0x2e9 ./Drivers/STM32F1xx_HAL_Driver/stm32f1xx_hal_cortex.o
                                      0x940ca (size before relaxing)
 .debug_str     0x000000000009b0e1      0x308 ./Drivers/STM32F1xx_HAL_Driver/stm32f1xx_hal_gpio.o
                                      0x93ced (size before relaxing)
 .debug_str     0x000000000009b3e9      0xba9 ./Drivers/STM32F1xx_HAL_Driver/stm32f1xx_hal_i2c.o
                                      0x949db (size before relaxing)
 .debug_str     0x000000000009bf92      0x265 ./Drivers/STM32F1xx_HAL_Driver/stm32f1xx_hal_rcc.o
                                      0x93d96 (size before relaxing)
 .debug_str     0x000000000009c1f7       0xca ./Drivers/STM32F1xx_HAL_Driver/stm32f1xx_hal_rcc_ex.o
                                      0x93b24 (size before relaxing)
 .debug_str     0x000000000009c2c1      0x2ce ./Drivers/STM32F1xx_HAL_Driver/stm32f1xx_hal_sram.o
                                      0x93fea (size before relaxing)
 .debug_str     0x000000000009c58f      0x5e1 ./Drivers/STM32F1xx_HAL_Driver/stm32f1xx_hal_uart.o
                                      0x943a1 (size before relaxing)
 .debug_str     0x000000000009cb70      0x77f ./Drivers/STM32F1xx_HAL_Driver/stm32f1xx_ll_fsmc.o
                                      0x942cc (size before relaxing)

.comment        0x0000000000000000       0x50
 .comment       0x0000000000000000       0x50 ./Core/Src/lcd.o
                                         0x51 (size before relaxing)
 .comment       0x0000000000000050       0x51 ./Core/Src/main.o
 .comment       0x0000000000000050       0x51 ./Core/Src/stm32f1xx_hal_msp.o
 .comment       0x0000000000000050       0x51 ./Core/Src/stm32f1xx_it.o
 .comment       0x0000000000000050       0x51 ./Core/Src/sysmem.o
 .comment       0x0000000000000050       0x51 ./Core/Src/system_stm32f1xx.o
 .comment       0x0000000000000050       0x51 ./Drivers/STM32F1xx_HAL_Driver/stm32f1xx_hal.o
 .comment       0x0000000000000050       0x51 ./Drivers/STM32F1xx_HAL_Driver/stm32f1xx_hal_adc.o
 .comment       0x0000000000000050       0x51 ./Drivers/STM32F1xx_HAL_Driver/stm32f1xx_hal_adc_ex.o
 .comment       0x0000000000000050       0x51 ./Drivers/STM32F1xx_HAL_Driver/stm32f1xx_hal_cortex.o
 .comment       0x0000000000000050       0x51 ./Drivers/STM32F1xx_HAL_Driver/stm32f1xx_hal_gpio.o
 .comment       0x0000000000000050       0x51 ./Drivers/STM32F1xx_HAL_Driver/stm32f1xx_hal_i2c.o
 .comment       0x0000000000000050       0x51 ./Drivers/STM32F1xx_HAL_Driver/stm32f1xx_hal_rcc.o
 .comment       0x0000000000000050       0x51 ./Drivers/STM32F1xx_HAL_Driver/stm32f1xx_hal_rcc_ex.o
 .comment       0x0000000000000050       0x51 ./Drivers/STM32F1xx_HAL_Driver/stm32f1xx_hal_sram.o
 .comment       0x0000000000000050       0x51 ./Drivers/STM32F1xx_HAL_Driver/stm32f1xx_hal_uart.o
 .comment       0x0000000000000050       0x51 ./Drivers/STM32F1xx_HAL_Driver/stm32f1xx_ll_fsmc.o

.debug_frame    0x0000000000000000     0x3dd4
 .debug_frame   0x0000000000000000      0x2c8 ./Core/Src/lcd.o
 .debug_frame   0x00000000000002c8      0x614 ./Core/Src/main.o
 .debug_frame   0x00000000000008dc      0x198 ./Core/Src/stm32f1xx_hal_msp.o
 .debug_frame   0x0000000000000a74      0x104 ./Core/Src/stm32f1xx_it.o
 .debug_frame   0x0000000000000b78       0x34 ./Core/Src/sysmem.o
 .debug_frame   0x0000000000000bac       0x58 ./Core/Src/system_stm32f1xx.o
 .debug_frame   0x0000000000000c04      0x334 ./Drivers/STM32F1xx_HAL_Driver/stm32f1xx_hal.o
 .debug_frame   0x0000000000000f38      0x40c ./Drivers/STM32F1xx_HAL_Driver/stm32f1xx_hal_adc.o
 .debug_frame   0x0000000000001344      0x200 ./Drivers/STM32F1xx_HAL_Driver/stm32f1xx_hal_adc_ex.o
 .debug_frame   0x0000000000001544      0x428 ./Drivers/STM32F1xx_HAL_Driver/stm32f1xx_hal_cortex.o
 .debug_frame   0x000000000000196c      0x14c ./Drivers/STM32F1xx_HAL_Driver/stm32f1xx_hal_gpio.o
 .debug_frame   0x0000000000001ab8      0xc5c ./Drivers/STM32F1xx_HAL_Driver/stm32f1xx_hal_i2c.o
 .debug_frame   0x0000000000002714      0x21c ./Drivers/STM32F1xx_HAL_Driver/stm32f1xx_hal_rcc.o
 .debug_frame   0x0000000000002930       0x84 ./Drivers/STM32F1xx_HAL_Driver/stm32f1xx_hal_rcc_ex.o
 .debug_frame   0x00000000000029b4      0x30c ./Drivers/STM32F1xx_HAL_Driver/stm32f1xx_hal_sram.o
 .debug_frame   0x0000000000002cc0      0x914 ./Drivers/STM32F1xx_HAL_Driver/stm32f1xx_hal_uart.o
 .debug_frame   0x00000000000035d4      0x2dc ./Drivers/STM32F1xx_HAL_Driver/stm32f1xx_ll_fsmc.o
 .debug_frame   0x00000000000038b0       0x20 c:/st/stm32cubeide_1.9.0/stm32cubeide/plugins/com.st.stm32cube.ide.mcu.externaltools.gnu-tools-for-stm32.10.3-2021.10.win32_1.0.0.202111181127/tools/bin/../lib/gcc/arm-none-eabi/10.3.1/../../../../arm-none-eabi/lib/thumb/v7-m/nofp\libc_nano.a(lib_a-errno.o)
 .debug_frame   0x00000000000038d0       0x2c c:/st/stm32cubeide_1.9.0/stm32cubeide/plugins/com.st.stm32cube.ide.mcu.externaltools.gnu-tools-for-stm32.10.3-2021.10.win32_1.0.0.202111181127/tools/bin/../lib/gcc/arm-none-eabi/10.3.1/../../../../arm-none-eabi/lib/thumb/v7-m/nofp\libc_nano.a(lib_a-init.o)
 .debug_frame   0x00000000000038fc       0x20 c:/st/stm32cubeide_1.9.0/stm32cubeide/plugins/com.st.stm32cube.ide.mcu.externaltools.gnu-tools-for-stm32.10.3-2021.10.win32_1.0.0.202111181127/tools/bin/../lib/gcc/arm-none-eabi/10.3.1/../../../../arm-none-eabi/lib/thumb/v7-m/nofp\libc_nano.a(lib_a-memset.o)
 .debug_frame   0x000000000000391c       0x7c c:/st/stm32cubeide_1.9.0/stm32cubeide/plugins/com.st.stm32cube.ide.mcu.externaltools.gnu-tools-for-stm32.10.3-2021.10.win32_1.0.0.202111181127/tools/bin/../lib/gcc/arm-none-eabi/10.3.1/../../../../arm-none-eabi/lib/thumb/v7-m/nofp\libc_nano.a(lib_a-snprintf.o)
 .debug_frame   0x0000000000003998       0x20 c:/st/stm32cubeide_1.9.0/stm32cubeide/plugins/com.st.stm32cube.ide.mcu.externaltools.gnu-tools-for-stm32.10.3-2021.10.win32_1.0.0.202111181127/tools/bin/../lib/gcc/arm-none-eabi/10.3.1/../../../../arm-none-eabi/lib/thumb/v7-m/nofp\libc_nano.a(lib_a-strchr.o)
 .debug_frame   0x00000000000039b8       0x20 c:/st/stm32cubeide_1.9.0/stm32cubeide/plugins/com.st.stm32cube.ide.mcu.externaltools.gnu-tools-for-stm32.10.3-2021.10.win32_1.0.0.202111181127/tools/bin/../lib/gcc/arm-none-eabi/10.3.1/../../../../arm-none-eabi/lib/thumb/v7-m/nofp\libc_nano.a(lib_a-strcmp.o)
 .debug_frame   0x00000000000039d8       0x20 c:/st/stm32cubeide_1.9.0/stm32cubeide/plugins/com.st.stm32cube.ide.mcu.externaltools.gnu-tools-for-stm32.10.3-2021.10.win32_1.0.0.202111181127/tools/bin/../lib/gcc/arm-none-eabi/10.3.1/../../../../arm-none-eabi/lib/thumb/v7-m/nofp\libc_nano.a(lib_a-strcpy.o)
 .debug_frame   0x00000000000039f8       0x2c c:/st/stm32cubeide_1.9.0/stm32cubeide/plugins/com.st.stm32cube.ide.mcu.externaltools.gnu-tools-for-stm32.10.3-2021.10.win32_1.0.0.202111181127/tools/bin/../lib/gcc/arm-none-eabi/10.3.1/../../../../arm-none-eabi/lib/thumb/v7-m/nofp\libc_nano.a(lib_a-strstr.o)
 .debug_frame   0x0000000000003a24       0x90 c:/st/stm32cubeide_1.9.0/stm32cubeide/plugins/com.st.stm32cube.ide.mcu.externaltools.gnu-tools-for-stm32.10.3-2021.10.win32_1.0.0.202111181127/tools/bin/../lib/gcc/arm-none-eabi/10.3.1/../../../../arm-none-eabi/lib/thumb/v7-m/nofp\libc_nano.a(lib_a-nano-svfprintf.o)
 .debug_frame   0x0000000000003ab4       0x60 c:/st/stm32cubeide_1.9.0/stm32cubeide/plugins/com.st.stm32cube.ide.mcu.externaltools.gnu-tools-for-stm32.10.3-2021.10.win32_1.0.0.202111181127/tools/bin/../lib/gcc/arm-none-eabi/10.3.1/../../../../arm-none-eabi/lib/thumb/v7-m/nofp\libc_nano.a(lib_a-nano-vfprintf_i.o)
 .debug_frame   0x0000000000003b14       0x28 c:/st/stm32cubeide_1.9.0/stm32cubeide/plugins/com.st.stm32cube.ide.mcu.externaltools.gnu-tools-for-stm32.10.3-2021.10.win32_1.0.0.202111181127/tools/bin/../lib/gcc/arm-none-eabi/10.3.1/../../../../arm-none-eabi/lib/thumb/v7-m/nofp\libc_nano.a(lib_a-memchr-stub.o)
 .debug_frame   0x0000000000003b3c       0x28 c:/st/stm32cubeide_1.9.0/stm32cubeide/plugins/com.st.stm32cube.ide.mcu.externaltools.gnu-tools-for-stm32.10.3-2021.10.win32_1.0.0.202111181127/tools/bin/../lib/gcc/arm-none-eabi/10.3.1/../../../../arm-none-eabi/lib/thumb/v7-m/nofp\libc_nano.a(lib_a-memcpy-stub.o)
 .debug_frame   0x0000000000003b64       0x28 c:/st/stm32cubeide_1.9.0/stm32cubeide/plugins/com.st.stm32cube.ide.mcu.externaltools.gnu-tools-for-stm32.10.3-2021.10.win32_1.0.0.202111181127/tools/bin/../lib/gcc/arm-none-eabi/10.3.1/../../../../arm-none-eabi/lib/thumb/v7-m/nofp\libc_nano.a(lib_a-memmove.o)
 .debug_frame   0x0000000000003b8c       0x38 c:/st/stm32cubeide_1.9.0/stm32cubeide/plugins/com.st.stm32cube.ide.mcu.externaltools.gnu-tools-for-stm32.10.3-2021.10.win32_1.0.0.202111181127/tools/bin/../lib/gcc/arm-none-eabi/10.3.1/../../../../arm-none-eabi/lib/thumb/v7-m/nofp\libc_nano.a(lib_a-nano-freer.o)
 .debug_frame   0x0000000000003bc4       0x4c c:/st/stm32cubeide_1.9.0/stm32cubeide/plugins/com.st.stm32cube.ide.mcu.externaltools.gnu-tools-for-stm32.10.3-2021.10.win32_1.0.0.202111181127/tools/bin/../lib/gcc/arm-none-eabi/10.3.1/../../../../arm-none-eabi/lib/thumb/v7-m/nofp\libc_nano.a(lib_a-nano-mallocr.o)
 .debug_frame   0x0000000000003c10       0x3c c:/st/stm32cubeide_1.9.0/stm32cubeide/plugins/com.st.stm32cube.ide.mcu.externaltools.gnu-tools-for-stm32.10.3-2021.10.win32_1.0.0.202111181127/tools/bin/../lib/gcc/arm-none-eabi/10.3.1/../../../../arm-none-eabi/lib/thumb/v7-m/nofp\libc_nano.a(lib_a-nano-reallocr.o)
 .debug_frame   0x0000000000003c4c       0x2c c:/st/stm32cubeide_1.9.0/stm32cubeide/plugins/com.st.stm32cube.ide.mcu.externaltools.gnu-tools-for-stm32.10.3-2021.10.win32_1.0.0.202111181127/tools/bin/../lib/gcc/arm-none-eabi/10.3.1/../../../../arm-none-eabi/lib/thumb/v7-m/nofp\libc_nano.a(lib_a-sbrkr.o)
 .debug_frame   0x0000000000003c78       0x30 c:/st/stm32cubeide_1.9.0/stm32cubeide/plugins/com.st.stm32cube.ide.mcu.externaltools.gnu-tools-for-stm32.10.3-2021.10.win32_1.0.0.202111181127/tools/bin/../lib/gcc/arm-none-eabi/10.3.1/../../../../arm-none-eabi/lib/thumb/v7-m/nofp\libc_nano.a(lib_a-mlock.o)
 .debug_frame   0x0000000000003ca8       0x20 c:/st/stm32cubeide_1.9.0/stm32cubeide/plugins/com.st.stm32cube.ide.mcu.externaltools.gnu-tools-for-stm32.10.3-2021.10.win32_1.0.0.202111181127/tools/bin/../lib/gcc/arm-none-eabi/10.3.1/../../../../arm-none-eabi/lib/thumb/v7-m/nofp\libc_nano.a(lib_a-nano-msizer.o)
 .debug_frame   0x0000000000003cc8       0x5c c:/st/stm32cubeide_1.9.0/stm32cubeide/plugins/com.st.stm32cube.ide.mcu.externaltools.gnu-tools-for-stm32.10.3-2021.10.win32_1.0.0.202111181127/tools/bin/../lib/gcc/arm-none-eabi/10.3.1/../../../../arm-none-eabi/lib/thumb/v7-m/nofp\libc_nano.a(lib_a-reent.o)
 .debug_frame   0x0000000000003d24       0xb0 c:/st/stm32cubeide_1.9.0/stm32cubeide/plugins/com.st.stm32cube.ide.mcu.externaltools.gnu-tools-for-stm32.10.3-2021.10.win32_1.0.0.202111181127/tools/bin/../lib/gcc/arm-none-eabi/10.3.1/../../../../arm-none-eabi/lib/thumb/v7-m/nofp\libc_nano.a(lib_a-lock.o)