Archive member included to satisfy reference by file (symbol)

c:/st/stm32cubeide_1.9.0/stm32cubeide/plugins/com.st.stm32cube.ide.mcu.externaltools.gnu-tools-for-stm32.10.3-2021.10.win32_1.0.0.202111181127/tools/bin/../lib/gcc/arm-none-eabi/10.3.1/../../../../arm-none-eabi/lib/thumb/v7-m/nofp\libc_nano.a(lib_a-errno.o)
                              ./Core/Src/syscalls.o (__errno)
c:/st/stm32cubeide_1.9.0/stm32cubeide/plugins/com.st.stm32cube.ide.mcu.externaltools.gnu-tools-for-stm32.10.3-2021.10.win32_1.0.0.202111181127/tools/bin/../lib/gcc/arm-none-eabi/10.3.1/../../../../arm-none-eabi/lib/thumb/v7-m/nofp\libc_nano.a(lib_a-exit.o)
                              c:/st/stm32cubeide_1.9.0/stm32cubeide/plugins/com.st.stm32cube.ide.mcu.externaltools.gnu-tools-for-stm32.10.3-2021.10.win32_1.0.0.202111181127/tools/bin/../lib/gcc/arm-none-eabi/10.3.1/../../../../arm-none-eabi/lib/thumb/v7-m/nofp/crt0.o (exit)
c:/st/stm32cubeide_1.9.0/stm32cubeide/plugins/com.st.stm32cube.ide.mcu.externaltools.gnu-tools-for-stm32.10.3-2021.10.win32_1.0.0.202111181127/tools/bin/../lib/gcc/arm-none-eabi/10.3.1/../../../../arm-none-eabi/lib/thumb/v7-m/nofp\libc_nano.a(lib_a-impure.o)
                              c:/st/stm32cubeide_1.9.0/stm32cubeide/plugins/com.st.stm32cube.ide.mcu.externaltools.gnu-tools-for-stm32.10.3-2021.10.win32_1.0.0.202111181127/tools/bin/../lib/gcc/arm-none-eabi/10.3.1/../../../../arm-none-eabi/lib/thumb/v7-m/nofp\libc_nano.a(lib_a-exit.o) (_global_impure_ptr)
c:/st/stm32cubeide_1.9.0/stm32cubeide/plugins/com.st.stm32cube.ide.mcu.externaltools.gnu-tools-for-stm32.10.3-2021.10.win32_1.0.0.202111181127/tools/bin/../lib/gcc/arm-none-eabi/10.3.1/../../../../arm-none-eabi/lib/thumb/v7-m/nofp\libc_nano.a(lib_a-init.o)
                              c:/st/stm32cubeide_1.9.0/stm32cubeide/plugins/com.st.stm32cube.ide.mcu.externaltools.gnu-tools-for-stm32.10.3-2021.10.win32_1.0.0.202111181127/tools/bin/../lib/gcc/arm-none-eabi/10.3.1/../../../../arm-none-eabi/lib/thumb/v7-m/nofp/crt0.o (__libc_init_array)
c:/st/stm32cubeide_1.9.0/stm32cubeide/plugins/com.st.stm32cube.ide.mcu.externaltools.gnu-tools-for-stm32.10.3-2021.10.win32_1.0.0.202111181127/tools/bin/../lib/gcc/arm-none-eabi/10.3.1/../../../../arm-none-eabi/lib/thumb/v7-m/nofp\libc_nano.a(lib_a-memset.o)
                              c:/st/stm32cubeide_1.9.0/stm32cubeide/plugins/com.st.stm32cube.ide.mcu.externaltools.gnu-tools-for-stm32.10.3-2021.10.win32_1.0.0.202111181127/tools/bin/../lib/gcc/arm-none-eabi/10.3.1/../../../../arm-none-eabi/lib/thumb/v7-m/nofp/crt0.o (memset)
c:/st/stm32cubeide_1.9.0/stm32cubeide/plugins/com.st.stm32cube.ide.mcu.externaltools.gnu-tools-for-stm32.10.3-2021.10.win32_1.0.0.202111181127/tools/bin/../lib/gcc/arm-none-eabi/10.3.1/../../../../arm-none-eabi/lib/thumb/v7-m/nofp\libc_nano.a(lib_a-snprintf.o)
                              ./Core/Src/game_logic.o (snprintf)
c:/st/stm32cubeide_1.9.0/stm32cubeide/plugins/com.st.stm32cube.ide.mcu.externaltools.gnu-tools-for-stm32.10.3-2021.10.win32_1.0.0.202111181127/tools/bin/../lib/gcc/arm-none-eabi/10.3.1/../../../../arm-none-eabi/lib/thumb/v7-m/nofp\libc_nano.a(lib_a-strlen.o)
                              ./Core/Src/peripherals.o (strlen)
c:/st/stm32cubeide_1.9.0/stm32cubeide/plugins/com.st.stm32cube.ide.mcu.externaltools.gnu-tools-for-stm32.10.3-2021.10.win32_1.0.0.202111181127/tools/bin/../lib/gcc/arm-none-eabi/10.3.1/../../../../arm-none-eabi/lib/thumb/v7-m/nofp\libc_nano.a(lib_a-strstr.o)
                              ./Core/Src/peripherals.o (strstr)
c:/st/stm32cubeide_1.9.0/stm32cubeide/plugins/com.st.stm32cube.ide.mcu.externaltools.gnu-tools-for-stm32.10.3-2021.10.win32_1.0.0.202111181127/tools/bin/../lib/gcc/arm-none-eabi/10.3.1/../../../../arm-none-eabi/lib/thumb/v7-m/nofp\libc_nano.a(lib_a-nano-svfprintf.o)
                              c:/st/stm32cubeide_1.9.0/stm32cubeide/plugins/com.st.stm32cube.ide.mcu.externaltools.gnu-tools-for-stm32.10.3-2021.10.win32_1.0.0.202111181127/tools/bin/../lib/gcc/arm-none-eabi/10.3.1/../../../../arm-none-eabi/lib/thumb/v7-m/nofp\libc_nano.a(lib_a-snprintf.o) (_svfprintf_r)
c:/st/stm32cubeide_1.9.0/stm32cubeide/plugins/com.st.stm32cube.ide.mcu.externaltools.gnu-tools-for-stm32.10.3-2021.10.win32_1.0.0.202111181127/tools/bin/../lib/gcc/arm-none-eabi/10.3.1/../../../../arm-none-eabi/lib/thumb/v7-m/nofp\libc_nano.a(lib_a-nano-vfprintf_i.o)
                              c:/st/stm32cubeide_1.9.0/stm32cubeide/plugins/com.st.stm32cube.ide.mcu.externaltools.gnu-tools-for-stm32.10.3-2021.10.win32_1.0.0.202111181127/tools/bin/../lib/gcc/arm-none-eabi/10.3.1/../../../../arm-none-eabi/lib/thumb/v7-m/nofp\libc_nano.a(lib_a-nano-svfprintf.o) (_printf_i)
c:/st/stm32cubeide_1.9.0/stm32cubeide/plugins/com.st.stm32cube.ide.mcu.externaltools.gnu-tools-for-stm32.10.3-2021.10.win32_1.0.0.202111181127/tools/bin/../lib/gcc/arm-none-eabi/10.3.1/../../../../arm-none-eabi/lib/thumb/v7-m/nofp\libc_nano.a(lib_a-memchr-stub.o)
[...]
Memory Configuration

Name             Origin             Length             Attributes
RAM              0x0000000020000000 0x0000000000010000 xrw
FLASH            0x0000000008000000 0x0000000000080000 xr
*default*        0x0000000000000000 0xffffffffffffffff

Linker script and memory map

LOAD c:/st/stm32cubeide_1.9.0/stm32cubeide/plugins/com.st.stm32cube.ide.mcu.externaltools.gnu-tools-for-stm32.10.3-2021.10.win32_1.0.0.202111181127/tools/bin/../lib/gcc/arm-none-eabi/10.3.1/thumb/v7-m/nofp/crti.o
LOAD c:/st/stm32cubeide_1.9.0/stm32cubeide/plugins/com.st.stm32cube.ide.mcu.externaltools.gnu-tools-for-stm32.10.3-2021.10.win32_1.0.0.202111181127/tools/bin/../lib/gcc/arm-none-eabi/10.3.1/thumb/v7-m/nofp/crtbegin.o
LOAD c:/st/stm32cubeide_1.9.0/stm32cubeide/plugins/com.st.stm32cube.ide.mcu.externaltools.gnu-tools-for-stm32.10.3-2021.10.win32_1.0.0.202111181127/tools/bin/../lib/gcc/arm-none-eabi/10.3.1/../../../../arm-none-eabi/lib/thumb/v7-m/nofp/crt0.o
LOAD ./Core/Src/alerts.o
LOAD ./Core/Src/game_logic.o
LOAD ./Core/Src/lcd.o
LOAD ./Core/Src/main.o
LOAD ./Core/Src/peripherals.o
LOAD ./Core/Src/seven_seg.o
LOAD ./Core/Src/stm32f1xx_hal_msp.o
LOAD ./Core/Src/stm32f1xx_it.o
LOAD ./Core/Src/syscalls.o
LOAD ./Core/Src/sysmem.o
LOAD ./Core/Src/system_stm32f1xx.o
LOAD ./Core/Src/touch.o
LOAD ./Core/Src/ui.o
LOAD ./Core/Startup/startup_stm32f103vetx.o
LOAD ./Drivers/STM32F1xx_HAL_Driver/stm32f1xx_hal.o
LOAD ./Drivers/STM32F1xx_HAL_Driver/stm32f1xx_hal_adc.o
LOAD ./Drivers/STM32F1xx_HAL_Driver/stm32f1xx_hal_adc_ex.o
LOAD ./Drivers/STM32F1xx_HAL_Driver/stm32f1xx_hal_cortex.o
LOAD ./Drivers/STM32F1xx_HAL_Driver/stm32f1xx_hal_dma.o
LOAD ./Drivers/STM32F1xx_HAL_Driver/stm32f1xx_hal_exti.o
LOAD ./Drivers/STM32F1xx_HAL_Driver/stm32f1xx_hal_flash.o
LOAD ./Drivers/STM32F1xx_HAL_Driver/stm32f1xx_hal_flash_ex.o
LOAD ./Drivers/STM32F1xx_HAL_Driver/stm32f1xx_hal_gpio.o
LOAD ./Drivers/STM32F1xx_HAL_Driver/stm32f1xx_hal_gpio_ex.o
LOAD ./Drivers/STM32F1xx_HAL_Driver/stm32f1xx_hal_i2c.o
LOAD ./Drivers/STM32F1xx_HAL_Driver/stm32f1xx_hal_pwr.o
LOAD ./Drivers/STM32F1xx_HAL_Driver/stm32f1xx_hal_rcc.o
LOAD ./Drivers/STM32F1xx_HAL_Driver/stm32f1xx_hal_rcc_ex.o
LOAD ./Drivers/STM32F1xx_HAL_Driver/stm32f1xx_hal_sram.o
LOAD ./Drivers/STM32F1xx_HAL_Driver/stm32f1xx_hal_tim.o
LOAD ./Drivers/STM32F1xx_HAL_Driver/stm32f1xx_hal_tim_ex.o
LOAD ./Drivers/STM32F1xx_HAL_Driver/stm32f1xx_hal_uart.o
LOAD ./Drivers/STM32F1xx_HAL_Driver/stm32f1xx_ll_fsmc.o
START GROUP
LOAD c:/st/stm32cubeide_1.9.0/stm32cubeide/plugins/com.st.stm32cube.ide.mcu.externaltools.gnu-tools-for-stm32.10.3-2021.10.win32_1.0.0.202111181127/tools/bin/../lib/gcc/arm-none-eabi/10.3.1/../../../../arm-none-eabi/lib/thumb/v7-m/nofp\libc_nano.a
LOAD c:/st/stm32cubeide_1.9.0/stm32cubeide/plugins/com.st.stm32cube.ide.mcu.externaltools.gnu-tools-for-stm32.10.3-2021.10.win32_1.0.0.202111181127/tools/bin/../lib/gcc/arm-none-eabi/10.3.1/../../../../arm-none-eabi/lib/thumb/v7-m/nofp\libm.a
END GROUP
START GROUP
LOAD c:/st/stm32cubeide_1.9.0/stm32cubeide/plugins/com.st.stm32cube.ide.mcu.externaltools.gnu-tools-for-stm32.10.3-2021.10.win32_1.0.0.202111181127/tools/bin/../lib/gcc/arm-none-eabi/10.3.1/thumb/v7-m/nofp\libgcc.a
LOAD c:/st/stm32cubeide_1.9.0/stm32cubeide/plugins/com.st.stm32cube.ide.mcu.externaltools.gnu-tools-for-stm32.10.3-2021.10.win32_1.0.0.202111181127/tools/bin/../lib/gcc/arm-none-eabi/10.3.1/../../../../arm-none-eabi/lib/thumb/v7-m/nofp\libc_nano.a
END GROUP
START GROUP
LOAD c:/st/stm32cubeide_1.9.0/stm32cubeide/plugins/com.st.stm32cube.ide.mcu.externaltools.gnu-tools-for-stm32.10.3-2021.10.win32_1.0.0.202111181127/tools/bin/../lib/gcc/arm-none-eabi/10.3.1/thumb/v7-m/nofp\libgcc.a
LOAD c:/st/stm32cubeide_1.9.0/stm32cubeide/plugins/com.st.stm32cube.ide.mcu.externaltools.gnu-tools-for-stm32.10.3-2021.10.win32_1.0.0.202111181127/tools/bin/../lib/gcc/arm-none-eabi/10.3.1/../../../../arm-none-eabi/lib/thumb/v7-m/nofp\libc_nano.a
LOAD c:/st/stm32cubeide_1.9.0/stm32cubeide/plugins/com.st.stm32cube.ide.mcu.externaltools.gnu-tools-for-stm32.10.3-2021.10.win32_1.0.0.202111181127/tools/bin/../lib/gcc/arm-none-eabi/10.3.1/../../../../arm-none-eabi/lib/thumb/v7-m/nofp\libnosys.a
END GROUP
START GROUP
LOAD c:/st/stm32cubeide_1.9.0/stm32cubeide/plugins/com.st.stm32cube.ide.mcu.externaltools.gnu-tools-for-stm32.10.3-2021.10.win32_1.0.0.202111181127/tools/bin/../lib/gcc/arm-none-eabi/10.3.1/thumb/v7-m/nofp\libgcc.a
LOAD c:/st/stm32cubeide_1.9.0/stm32cubeide/plugins/com.st.stm32cube.ide.mcu.externaltools.gnu-tools-for-stm32.10.3-2021.10.win32_1.0.0.202111181127/tools/bin/../lib/gcc/arm-none-eabi/10.3.1/../../../../arm-none-eabi/lib/thumb/v7-m/nofp\libc_nano.a
LOAD c:/st/stm32cubeide_1.9.0/stm32cubeide/plugins/com.st.stm32cube.ide.mcu.externaltools.gnu-tools-for-stm32.10.3-2021.10.win32_1.0.0.202111181127/tools/bin/../lib/gcc/arm-none-eabi/10.3.1/../../../../arm-none-eabi/lib/thumb/v7-m/nofp\libnosys.a
END GROUP
LOAD c:/st/stm32cubeide_1.9.0/stm32cubeide/plugins/com.st.stm32cube.ide.mcu.externaltools.gnu-tools-for-stm32.10.3-2021.10.win32_1.0.0.202111181127/tools/bin/../lib/gcc/arm-none-eabi/10.3.1/thumb/v7-m/nofp/crtend.o
LOAD c:/st/stm32cubeide_1.9.0/stm32cubeide/plugins/com.st.stm32cube.ide.mcu.externaltools.gnu-tools-for-stm32.10.3-2021.10.win32_1.0.0.202111181127/tools/bin/../lib/gcc/arm-none-eabi/10.3.1/thumb/v7-m/nofp/crtn.o
                0x0000000020010000                _estack = (ORIGIN (RAM) + LENGTH (RAM))
                0x0000000000000200                _Min_Heap_Size = 0x200
                0x0000000000000400                _Min_Stack_Size = 0x400

.isr_vector     0x0000000008000000      0x1e4
                0x0000000008000000                . = ALIGN (0x4)
 *(.isr_vector)
 .isr_vector    0x0000000008000000      0x1e4 ./Core/Startup/startup_stm32f103vetx.o
                0x0000000008000000                g_pfnVectors
                0x00000000080001e4                . = ALIGN (0x4)

.text           0x00000000080001e4     0x6a80
                0x00000000080001e4                . = ALIGN (0x4)
 *(.text)
 .text          0x00000000080001e4       0x40 c:/st/stm32cubeide_1.9.0/stm32cubeide/plugins/com.st.stm32cube.ide.mcu.externaltools.gnu-tools-for-stm32.10.3-2021.10.win32_1.0.0.202111181127/tools/bin/../lib/gcc/arm-none-eabi/10.3.1/thumb/v7-m/nofp/crtbegin.o
 .text          0x0000000008000224       0x10 c:/st/stm32cubeide_1.9.0/stm32cubeide/plugins/com.st.stm32cube.ide.mcu.externaltools.gnu-tools-for-stm32.10.3-2021.10.win32_1.0.0.202111181127/tools/bin/../lib/gcc/arm-none-eabi/10.3.1/../../../../arm-none-eabi/lib/thumb/v7-m/nofp\libc_nano.a(lib_a-strlen.o)
                0x0000000008000224                strlen
 *(.text*)
 .text.RGB_Set  0x0000000008000234       0x60 ./Core/Src/alerts.o
                0x0000000008000234                RGB_Set
 .text.Buzzer_Set
                0x0000000008000294       0x30 ./Core/Src/alerts.o
                0x0000000008000294                Buzzer_Set
 .text.Buzzer_BeepShort
                0x00000000080002c4       0x30 ./Core/Src/alerts.o
                0x00000000080002c4                Buzzer_BeepShort
 .text.Buzzer_BeepLong
                0x00000000080002f4       0x34 ./Core/Src/alerts.o
                0x00000000080002f4                Buzzer_BeepLong
 .text.Buzzer_Task
                0x0000000008000328       0x5c ./Core/Src/alerts.o
                0x0000000008000328                Buzzer_Task
 .text.MODE_Name
                0x0000000008000384       0x44 ./Core/Src/game_logic.o
                0x0000000008000384                MODE_Name
 .text.CAR_Code
                0x00000000080003c8       0x78 ./Core/Src/game_logic.o
                0x00000000080003c8                CAR_Code
 .text.CAR_Label
                0x0000000008000440       0x78 ./Core/Src/game_logic.o
                0x0000000008000440                CAR_Label
 .text.car_prime_ms
                0x00000000080004b8       0x3c ./Core/Src/game_logic.o
 .text.car_fire_ms
                0x00000000080004f4       0x50 ./Core/Src/game_logic.o
 .text.car_cooldown_ms
                0x0000000008000544       0x58 ./Core/Src/game_logic.o
 .text.car_apply_speed_cap
                0x000000000800059c       0x8c ./Core/Src/game_logic.o
                0x000000000800059c                car_apply_speed_cap
 .text.car_allows_move_while_firing
                0x0000000008000628       0x20 ./Core/Src/game_logic.o
 .text.car_uses_k2_fire
                0x0000000008000648       0x20 ./Core/Src/game_logic.o
                0x0000000008000648                car_uses_k2_fire
 .text.car_auto_fire_enabled
                0x0000000008000668       0x20 ./Core/Src/game_logic.o
                0x0000000008000668                car_auto_fire_enabled
 .text.car_turn_delay_ms
                0x0000000008000688       0x20 ./Core/Src/game_logic.o
 .text.map_range_percent
                0x00000000080006a8       0x9a ./Core/Src/game_logic.o
                0x00000000080006a8                map_range_percent
 *fill*         0x0000000008000742        0x2 
 .text.Motor_SendCmd
                0x0000000008000744       0xa4 ./Core/Src/game_logic.o
                0x0000000008000744                Motor_SendCmd
 .text.Fire_SendCmd
                0x00000000080007e8       0x64 ./Core/Src/game_logic.o
                0x00000000080007e8                Fire_SendCmd
 .text.laser_on_press
                0x000000000800084c       0x38 ./Core/Src/game_logic.o
                0x000000000800084c                laser_on_press
 .text.laser_on_release
                0x0000000008000884       0x3c ./Core/Src/game_logic.o
                0x0000000008000884                laser_on_release
 .text.laser_update
                0x00000000080008c0      0x21c ./Core/Src/game_logic.o
                0x00000000080008c0                laser_update
 .text.RGB_Update_From_State
                0x0000000008000adc       0x68 ./Core/Src/game_logic.o
                0x0000000008000adc                RGB_Update_From_State
 .text.Drive_Task
                0x0000000008000b44      0x1e8 ./Core/Src/game_logic.o
                0x0000000008000b44                Drive_Task
 .text.Delay    0x0000000008000d2c       0x22 ./Core/Src/lcd.o
                0x0000000008000d2c                Delay
 .text.LCD_INIT
                0x0000000008000d4e       0x2e ./Core/Src/lcd.o
                0x0000000008000d4e                LCD_INIT
 .text.LCD_Rst  0x0000000008000d7c       0x30 ./Core/Src/lcd.o
                0x0000000008000d7c                LCD_Rst
 .text.LCD_BackLed_Control
                0x0000000008000dac       0x38 ./Core/Src/lcd.o
                0x0000000008000dac                LCD_BackLed_Control
 .text.LCD_Write_Cmd
                0x0000000008000de4       0x1c ./Core/Src/lcd.o
                0x0000000008000de4                LCD_Write_Cmd
 .text.LCD_Write_Data
                0x0000000008000e00       0x20 ./Core/Src/lcd.o
                0x0000000008000e00                LCD_Write_Data
 .text.LCD_REG_Config
                0x0000000008000e20      0x234 ./Core/Src/lcd.o
                0x0000000008000e20                LCD_REG_Config
 .text.LCD_OpenWindow
                0x0000000008001054       0xb2 ./Core/Src/lcd.o
                0x0000000008001054                LCD_OpenWindow
 .text.LCD_FillColor
                0x0000000008001106       0x3c ./Core/Src/lcd.o
                0x0000000008001106                LCD_FillColor
 .text.LCD_Clear
                0x0000000008001142       0x46 ./Core/Src/lcd.o
                0x0000000008001142                LCD_Clear
 .text.LCD_DrawChar
                0x0000000008001188       0x8c ./Core/Src/lcd.o
                0x0000000008001188                LCD_DrawChar
 .text.LCD_DrawString
                0x0000000008001214       0x5e ./Core/Src/lcd.o
                0x0000000008001214                LCD_DrawString
 *fill*         0x0000000008001272        0x2 
 .text.main     0x0000000008001274      0xa48 ./Core/Src/main.o
                0x0000000008001274                main
 .text.SystemClock_Config
                0x0000000008001cbc       0xba ./Core/Src/main.o
                0x0000000008001cbc                SystemClock_Config
 *fill*         0x0000000008001d76        0x2 
 .text.MX_ADC1_Init
                0x0000000008001d78       0x7c ./Core/Src/main.o
 .text.MX_ADC2_Init
                0x0000000008001df4       0x7c ./Core/Src/main.o
 .text.MX_I2C2_Init
                0x0000000008001e70       0x5c ./Core/Src/main.o
 .text.MX_USART3_UART_Init
                0x0000000008001ecc       0x54 ./Core/Src/main.o
 .text.MX_GPIO_Init
                0x0000000008001f20      0x2c0 ./Core/Src/main.o
 .text.MX_FSMC_Init
                0x00000000080021e0       0xc8 ./Core/Src/main.o
 .text.Error_Handler
                0x00000000080022a8        0xa ./Core/Src/main.o
                0x00000000080022a8                Error_Handler
 *fill*         0x00000000080022b2        0x2 
 .text.read_adc1
                0x00000000080022b4       0x30 ./Core/Src/peripherals.o
                0x00000000080022b4                read_adc1
 .text.read_adc2
                0x00000000080022e4       0x30 ./Core/Src/peripherals.o
                0x00000000080022e4                read_adc2
 .text.ds_delay_us
                0x0000000008002314       0x30 ./Core/Src/peripherals.o
 .text.ds_pin_out
                0x0000000008002344       0x3c ./Core/Src/peripherals.o
 .text.ds_pin_in
                0x0000000008002380       0x38 ./Core/Src/peripherals.o
 .text.ds_start
                0x00000000080023b8       0x58 ./Core/Src/peripherals.o
 .text.ds_write
                0x0000000008002410       0x64 ./Core/Src/peripherals.o
 .text.ds_read_byte
                0x0000000008002474       0x70 ./Core/Src/peripherals.o
 .text.DS18B20_ReadRaw
                0x00000000080024e4       0x80 ./Core/Src/peripherals.o
                0x00000000080024e4                DS18B20_ReadRaw
 .text.sendAT   0x0000000008002564       0x44 ./Core/Src/peripherals.o
                0x0000000008002564                sendAT
 .text.readResponse
                0x00000000080025a8       0x58 ./Core/Src/peripherals.o
                0x00000000080025a8                readResponse
 .text.WifiSetUp
                0x0000000008002600       0x48 ./Core/Src/peripherals.o
                0x0000000008002600                WifiSetUp
 .text.SEG_WritePin
                0x0000000008002648       0x30 ./Core/Src/seven_seg.o
                0x0000000008002648                SEG_WritePin
 .text.SEG_AllOff
                0x0000000008002678       0xb8 ./Core/Src/seven_seg.o
                0x0000000008002678                SEG_AllOff
 .text.SEG_ShowLeft
                0x0000000008002730      0x100 ./Core/Src/seven_seg.o
                0x0000000008002730                SEG_ShowLeft
 .text.SEG_ShowRight
                0x0000000008002830       0xe4 ./Core/Src/seven_seg.o
                0x0000000008002830                SEG_ShowRight
 .text.SEG_ShowPair
                0x0000000008002914       0x4c ./Core/Src/seven_seg.o
                0x0000000008002914                SEG_ShowPair
 .text.SEG_ShowTenths
                0x0000000008002960       0x5c ./Core/Src/seven_seg.o
                0x0000000008002960                SEG_ShowTenths
 .text.SEG_StartCooldownCountdown
                0x00000000080029bc       0x68 ./Core/Src/seven_seg.o
                0x00000000080029bc                SEG_StartCooldownCountdown
 .text.SEG_Task
                0x0000000008002a24       0x9c ./Core/Src/seven_seg.o
                0x0000000008002a24                SEG_Task
 .text.HAL_MspInit
                0x0000000008002ac0       0x64 ./Core/Src/stm32f1xx_hal_msp.o
                0x0000000008002ac0                HAL_MspInit
 .text.HAL_ADC_MspInit
                0x0000000008002b24       0xcc ./Core/Src/stm32f1xx_hal_msp.o
                0x0000000008002b24                HAL_ADC_MspInit
 .text.HAL_I2C_MspInit
                0x0000000008002bf0       0x80 ./Core/Src/stm32f1xx_hal_msp.o
                0x0000000008002bf0                HAL_I2C_MspInit
 .text.HAL_UART_MspInit
                0x0000000008002c70       0xc0 ./Core/Src/stm32f1xx_hal_msp.o
                0x0000000008002c70                HAL_UART_MspInit
 .text.HAL_FSMC_MspInit
                0x0000000008002d30       0x88 ./Core/Src/stm32f1xx_hal_msp.o
 .text.HAL_SRAM_MspInit
                0x0000000008002db8       0x14 ./Core/Src/stm32f1xx_hal_msp.o
                0x0000000008002db8                HAL_SRAM_MspInit
 .text.NMI_Handler
                0x0000000008002dcc        0x6 ./Core/Src/stm32f1xx_it.o
                0x0000000008002dcc                NMI_Handler
 .text.HardFault_Handler
                0x0000000008002dd2        0x6 ./Core/Src/stm32f1xx_it.o
                0x0000000008002dd2                HardFault_Handler
 .text.MemManage_Handler
                0x0000000008002dd8        0x6 ./Core/Src/stm32f1xx_it.o
                0x0000000008002dd8                MemManage_Handler
 .text.BusFault_Handler
                0x0000000008002dde        0x6 ./Core/Src/stm32f1xx_it.o
                0x0000000008002dde                BusFault_Handler
 .text.UsageFault_Handler
                0x0000000008002de4        0x6 ./Core/Src/stm32f1xx_it.o
                0x0000000008002de4                UsageFault_Handler
 .text.SVC_Handler
                0x0000000008002dea        0xc ./Core/Src/stm32f1xx_it.o
                0x0000000008002dea                SVC_Handler
 .text.DebugMon_Handler
                0x0000000008002df6        0xc ./Core/Src/stm32f1xx_it.o
                0x0000000008002df6                DebugMon_Handler
 .text.PendSV_Handler
                0x0000000008002e02        0xc ./Core/Src/stm32f1xx_it.o
                0x0000000008002e02                PendSV_Handler
 .text.SysTick_Handler
                0x0000000008002e0e        0xc ./Core/Src/stm32f1xx_it.o
                0x0000000008002e0e                SysTick_Handler
 *fill*         0x0000000008002e1a        0x2 
 .text._sbrk    0x0000000008002e1c       0x6c ./Core/Src/sysmem.o
                0x0000000008002e1c                _sbrk
 .text.SystemInit
                0x0000000008002e88        0xc ./Core/Src/system_stm32f1xx.o
                0x0000000008002e88                SystemInit
 .text.T_Delay  0x0000000008002e94       0x26 ./Core/Src/touch.o
 *fill*         0x0000000008002eba        0x2 
 .text.T_WriteBit
                0x0000000008002ebc       0x48 ./Core/Src/touch.o
 .text.T_ReadBit
                0x0000000008002f04       0x3c ./Core/Src/touch.o
 .text.T_WriteByte
                0x0000000008002f40       0x3c ./Core/Src/touch.o
 .text.XPT2046_Read12
                0x0000000008002f7c       0x68 ./Core/Src/touch.o
 .text.TouchPressed
                0x0000000008002fe4       0x20 ./Core/Src/touch.o
                0x0000000008002fe4                TouchPressed
 .text.TouchReadXRaw
                0x0000000008003004       0x10 ./Core/Src/touch.o
                0x0000000008003004                TouchReadXRaw
 .text.TouchReadYRaw
                0x0000000008003014       0x10 ./Core/Src/touch.o
                0x0000000008003014                TouchReadYRaw
 .text.map_u16  0x0000000008003024       0x64 ./Core/Src/touch.o
                0x0000000008003024                map_u16
 .text.LCD_ClearTextField
                0x0000000008003088       0x3a ./Core/Src/ui.o
                0x0000000008003088                LCD_ClearTextField
 *fill*         0x00000000080030c2        0x2 
 .text.LCD_DrawModeSelect
                0x00000000080030c4      0x110 ./Core/Src/ui.o
                0x00000000080030c4                LCD_DrawModeSelect
 .text.LCD_UpdateModeSelection
                0x00000000080031d4       0x9c ./Core/Src/ui.o
                0x00000000080031d4                LCD_UpdateModeSelection
 .text.LCD_DrawModeConfirm
                0x0000000008003270       0xdc ./Core/Src/ui.o
                0x0000000008003270                LCD_DrawModeConfirm
 .text.LCD_DrawCarSelect
                0x000000000800334c      0x224 ./Core/Src/ui.o
                0x000000000800334c                LCD_DrawCarSelect
 .text.LCD_UpdateCarSelection
                0x0000000008003570      0x1a4 ./Core/Src/ui.o
                0x0000000008003570                LCD_UpdateCarSelection
 .text.LCD_DrawCarConfirm
                0x0000000008003714       0xdc ./Core/Src/ui.o
                0x0000000008003714                LCD_DrawCarConfirm
 .text.LCD_DrawGameLayout
                0x00000000080037f0       0xec ./Core/Src/ui.o
                0x00000000080037f0                LCD_DrawGameLayout
 .text.LCD_UpdateGameFast
                0x00000000080038dc      0x1ac ./Core/Src/ui.o
                0x00000000080038dc                LCD_UpdateGameFast
 .text.LCD_UpdateGameSlow
                0x0000000008003a88      0x188 ./Core/Src/ui.o
                0x0000000008003a88                LCD_UpdateGameSlow
 .text.Reset_Handler
                0x0000000008003c10       0x48 ./Core/Startup/startup_stm32f103vetx.o
                0x0000000008003c10                Reset_Handler
 .text.Default_Handler
                0x0000000008003c58        0x2 ./Core/Startup/startup_stm32f103vetx.o
                0x0000000008003c58                RTC_Alarm_IRQHandler
                0x0000000008003c58                EXTI2_IRQHandler
                0x0000000008003c58                TIM8_TRG_COM_IRQHandler
                0x0000000008003c58                TIM8_CC_IRQHandler
                0x0000000008003c58                TIM1_CC_IRQHandler
                0x0000000008003c58                TIM6_IRQHandler
                0x0000000008003c58                PVD_IRQHandler
                0x0000000008003c58                SDIO_IRQHandler
                0x0000000008003c58                EXTI3_IRQHandler
                0x0000000008003c58                EXTI0_IRQHandler
                0x0000000008003c58                I2C2_EV_IRQHandler
                0x0000000008003c58                ADC1_2_IRQHandler
                0x0000000008003c58                SPI1_IRQHandler
                0x0000000008003c58                TAMPER_IRQHandler
                0x0000000008003c58                TIM8_UP_IRQHandler
                0x0000000008003c58                DMA2_Channel2_IRQHandler
                0x0000000008003c58                DMA1_Channel4_IRQHandler
                0x0000000008003c58                USART3_IRQHandler
                0x0000000008003c58                RTC_IRQHandler
                0x0000000008003c58                DMA1_Channel7_IRQHandler
                0x0000000008003c58                CAN1_RX1_IRQHandler
                0x0000000008003c58                UART5_IRQHandler
                0x0000000008003c58                ADC3_IRQHandler
                0x0000000008003c58                TIM4_IRQHandler
                0x0000000008003c58                DMA2_Channel1_IRQHandler
                0x0000000008003c58                I2C1_EV_IRQHandler
                0x0000000008003c58                DMA1_Channel6_IRQHandler
                0x0000000008003c58                UART4_IRQHandler
                0x0000000008003c58                TIM3_IRQHandler
                0x0000000008003c58                RCC_IRQHandler
                0x0000000008003c58                TIM1_TRG_COM_IRQHandler
                0x0000000008003c58                DMA1_Channel1_IRQHandler
                0x0000000008003c58                Default_Handler
                0x0000000008003c58                EXTI15_10_IRQHandler
                0x0000000008003c58                TIM7_IRQHandler
                0x0000000008003c58                TIM5_IRQHandler
                0x0000000008003c58                EXTI9_5_IRQHandler
                0x0000000008003c58                SPI2_IRQHandler
                0x0000000008003c58                DMA1_Channel5_IRQHandler
                0x0000000008003c58                EXTI4_IRQHandler
                0x0000000008003c58                USB_LP_CAN1_RX0_IRQHandler
                0x0000000008003c58                USB_HP_CAN1_TX_IRQHandler
                0x0000000008003c58                DMA1_Channel3_IRQHandler
                0x0000000008003c58                FSMC_IRQHandler
                0x0000000008003c58                TIM1_UP_IRQHandler
                0x0000000008003c58                WWDG_IRQHandler
                0x0000000008003c58                TIM2_IRQHandler
                0x0000000008003c58                TIM1_BRK_IRQHandler
                0x0000000008003c58                EXTI1_IRQHandler
                0x0000000008003c58                DMA2_Channel4_5_IRQHandler
                0x0000000008003c58                USART2_IRQHandler
                0x0000000008003c58                I2C2_ER_IRQHandler
                0x0000000008003c58                DMA1_Channel2_IRQHandler
                0x0000000008003c58                TIM8_BRK_IRQHandler
                0x0000000008003c58                CAN1_SCE_IRQHandler
                0x0000000008003c58                FLASH_IRQHandler
                0x0000000008003c58                USART1_IRQHandler
                0x0000000008003c58                SPI3_IRQHandler
                0x0000000008003c58                I2C1_ER_IRQHandler
                0x0000000008003c58                USBWakeUp_IRQHandler
                0x0000000008003c58                DMA2_Channel3_IRQHandler
 *fill*         0x0000000008003c5a        0x2 
 .text.HAL_Init
                0x0000000008003c5c       0x2c ./Drivers/STM32F1xx_HAL_Driver/stm32f1xx_hal.o
                0x0000000008003c5c                HAL_Init
 .text.HAL_InitTick
                0x0000000008003c88       0x60 ./Drivers/STM32F1xx_HAL_Driver/stm32f1xx_hal.o
                0x0000000008003c88                HAL_InitTick
 .text.HAL_IncTick
                0x0000000008003ce8       0x24 ./Drivers/STM32F1xx_HAL_Driver/stm32f1xx_hal.o
                0x0000000008003ce8                HAL_IncTick
 .text.HAL_GetTick
                0x0000000008003d0c       0x14 ./Drivers/STM32F1xx_HAL_Driver/stm32f1xx_hal.o
                0x0000000008003d0c                HAL_GetTick
 .text.HAL_Delay
                0x0000000008003d20       0x48 ./Drivers/STM32F1xx_HAL_Driver/stm32f1xx_hal.o
                0x0000000008003d20                HAL_Delay
 .text.HAL_ADC_Init
                0x0000000008003d68      0x1d4 ./Drivers/STM32F1xx_HAL_Driver/stm32f1xx_hal_adc.o
                0x0000000008003d68                HAL_ADC_Init
 .text.HAL_ADC_Start
                0x0000000008003f3c      0x15c ./Drivers/STM32F1xx_HAL_Driver/stm32f1xx_hal_adc.o
                0x0000000008003f3c                HAL_ADC_Start
 .text.HAL_ADC_Stop
                0x0000000008004098       0x58 ./Drivers/STM32F1xx_HAL_Driver/stm32f1xx_hal_adc.o
                0x0000000008004098                HAL_ADC_Stop
 .text.HAL_ADC_PollForConversion
                0x00000000080040f0      0x20c ./Drivers/STM32F1xx_HAL_Driver/stm32f1xx_hal_adc.o
                0x00000000080040f0                HAL_ADC_PollForConversion
 .text.HAL_ADC_GetValue
                0x00000000080042fc       0x18 ./Drivers/STM32F1xx_HAL_Driver/stm32f1xx_hal_adc.o
                0x00000000080042fc                HAL_ADC_GetValue
 .text.HAL_ADC_ConfigChannel
                0x0000000008004314      0x1f0 ./Drivers/STM32F1xx_HAL_Driver/stm32f1xx_hal_adc.o
                0x0000000008004314                HAL_ADC_ConfigChannel
 .text.ADC_Enable
                0x0000000008004504       0xb4 ./Drivers/STM32F1xx_HAL_Driver/stm32f1xx_hal_adc.o
                0x0000000008004504                ADC_Enable
 .text.ADC_ConversionStop_Disable
                0x00000000080045b8       0x82 ./Drivers/STM32F1xx_HAL_Driver/stm32f1xx_hal_adc.o
                0x00000000080045b8                ADC_ConversionStop_Disable
 *fill*         0x000000000800463a        0x2 
 .text.HAL_ADCEx_Calibration_Start
                0x000000000800463c      0x158 ./Drivers/STM32F1xx_HAL_Driver/stm32f1xx_hal_adc_ex.o
                0x000000000800463c                HAL_ADCEx_Calibration_Start
 .text.__NVIC_SetPriorityGrouping
                0x0000000008004794       0x48 ./Drivers/STM32F1xx_HAL_Driver/stm32f1xx_hal_cortex.o
 .text.__NVIC_GetPriorityGrouping
                0x00000000080047dc       0x1c ./Drivers/STM32F1xx_HAL_Driver/stm32f1xx_hal_cortex.o
 .text.__NVIC_SetPriority
                0x00000000080047f8       0x54 ./Drivers/STM32F1xx_HAL_Driver/stm32f1xx_hal_cortex.o
 .text.NVIC_EncodePriority
                0x000000000800484c       0x64 ./Drivers/STM32F1xx_HAL_Driver/stm32f1xx_hal_cortex.o
 .text.SysTick_Config
                0x00000000080048b0       0x44 ./Drivers/STM32F1xx_HAL_Driver/stm32f1xx_hal_cortex.o
 .text.HAL_NVIC_SetPriorityGrouping
                0x00000000080048f4       0x16 ./Drivers/STM32F1xx_HAL_Driver/stm32f1xx_hal_cortex.o
                0x00000000080048f4                HAL_NVIC_SetPriorityGrouping
 .text.HAL_NVIC_SetPriority
                0x000000000800490a       0x38 ./Drivers/STM32F1xx_HAL_Driver/stm32f1xx_hal_cortex.o
                0x000000000800490a                HAL_NVIC_SetPriority
 .text.HAL_SYSTICK_Config
                0x0000000008004942       0x18 ./Drivers/STM32F1xx_HAL_Driver/stm32f1xx_hal_cortex.o
                0x0000000008004942                HAL_SYSTICK_Config
 *fill*         0x000000000800495a        0x2 
 .text.HAL_GPIO_Init
                0x000000000800495c      0x328 ./Drivers/STM32F1xx_HAL_Driver/stm32f1xx_hal_gpio.o
                0x000000000800495c                HAL_GPIO_Init
 .text.HAL_GPIO_ReadPin
                0x0000000008004c84       0x2e ./Drivers/STM32F1xx_HAL_Driver/stm32f1xx_hal_gpio.o
                0x0000000008004c84                HAL_GPIO_ReadPin
 .text.HAL_GPIO_WritePin
                0x0000000008004cb2       0x30 ./Drivers/STM32F1xx_HAL_Driver/stm32f1xx_hal_gpio.o
                0x0000000008004cb2                HAL_GPIO_WritePin
 *fill*         0x0000000008004ce2        0x2 
 .text.HAL_I2C_Init
                0x0000000008004ce4      0x288 ./Drivers/STM32F1xx_HAL_Driver/stm32f1xx_hal_i2c.o
                0x0000000008004ce4                HAL_I2C_Init
 .text.HAL_RCC_OscConfig
                0x0000000008004f6c      0x504 ./Drivers/STM32F1xx_HAL_Driver/stm32f1xx_hal_rcc.o
                0x0000000008004f6c                HAL_RCC_OscConfig
 .text.HAL_RCC_ClockConfig
                0x0000000008005470      0x1d4 ./Drivers/STM32F1xx_HAL_Driver/stm32f1xx_hal_rcc.o
                0x0000000008005470                HAL_RCC_ClockConfig
 .text.HAL_RCC_GetSysClockFreq
                0x0000000008005644       0xbc ./Drivers/STM32F1xx_HAL_Driver/stm32f1xx_hal_rcc.o
                0x0000000008005644                HAL_RCC_GetSysClockFreq
 .text.HAL_RCC_GetHCLKFreq
                0x0000000008005700       0x14 ./Drivers/STM32F1xx_HAL_Driver/stm32f1xx_hal_rcc.o
                0x0000000008005700                HAL_RCC_GetHCLKFreq
 .text.HAL_RCC_GetPCLK1Freq
                0x0000000008005714       0x28 ./Drivers/STM32F1xx_HAL_Driver/stm32f1xx_hal_rcc.o
                0x0000000008005714                HAL_RCC_GetPCLK1Freq
 .text.HAL_RCC_GetPCLK2Freq
                0x000000000800573c       0x28 ./Drivers/STM32F1xx_HAL_Driver/stm32f1xx_hal_rcc.o
                0x000000000800573c                HAL_RCC_GetPCLK2Freq
 .text.RCC_Delay
                0x0000000008005764       0x3c ./Drivers/STM32F1xx_HAL_Driver/stm32f1xx_hal_rcc.o
 .text.HAL_RCCEx_PeriphCLKConfig
                0x00000000080057a0      0x16c ./Drivers/STM32F1xx_HAL_Driver/stm32f1xx_hal_rcc_ex.o
                0x00000000080057a0                HAL_RCCEx_PeriphCLKConfig
 .text.HAL_RCCEx_GetPeriphCLKFreq
                0x000000000800590c      0x1c8 ./Drivers/STM32F1xx_HAL_Driver/stm32f1xx_hal_rcc_ex.o
                0x000000000800590c                HAL_RCCEx_GetPeriphCLKFreq
 .text.HAL_SRAM_Init
                0x0000000008005ad4       0x9a ./Drivers/STM32F1xx_HAL_Driver/stm32f1xx_hal_sram.o
                0x0000000008005ad4                HAL_SRAM_Init
 .text.HAL_UART_Init
                0x0000000008005b6e       0x9a ./Drivers/STM32F1xx_HAL_Driver/stm32f1xx_hal_uart.o
                0x0000000008005b6e                HAL_UART_Init
 .text.HAL_UART_Transmit
                0x0000000008005c08      0x124 ./Drivers/STM32F1xx_HAL_Driver/stm32f1xx_hal_uart.o
                0x0000000008005c08                HAL_UART_Transmit
 .text.HAL_UART_Receive
                0x0000000008005d2c      0x144 ./Drivers/STM32F1xx_HAL_Driver/stm32f1xx_hal_uart.o
                0x0000000008005d2c                HAL_UART_Receive
 .text.HAL_UART_Receive_IT
                0x0000000008005e70       0x60 ./Drivers/STM32F1xx_HAL_Driver/stm32f1xx_hal_uart.o
                0x0000000008005e70                HAL_UART_Receive_IT
 .text.UART_WaitOnFlagUntilTimeout
                0x0000000008005ed0       0x94 ./Drivers/STM32F1xx_HAL_Driver/stm32f1xx_hal_uart.o
 .text.UART_Start_Receive_IT
                0x0000000008005f64       0x72 ./Drivers/STM32F1xx_HAL_Driver/stm32f1xx_hal_uart.o
                0x0000000008005f64                UART_Start_Receive_IT
 *fill*         0x0000000008005fd6        0x2 
 .text.UART_SetConfig
                0x0000000008005fd8      0x11c ./Drivers/STM32F1xx_HAL_Driver/stm32f1xx_hal_uart.o
 .text.FSMC_NORSRAM_Init
                0x00000000080060f4       0xd4 ./Drivers/STM32F1xx_HAL_Driver/stm32f1xx_ll_fsmc.o
                0x00000000080060f4                FSMC_NORSRAM_Init
 .text.FSMC_NORSRAM_Timing_Init
                0x00000000080061c8       0x68 ./Drivers/STM32F1xx_HAL_Driver/stm32f1xx_ll_fsmc.o
                0x00000000080061c8                FSMC_NORSRAM_Timing_Init
 .text.FSMC_NORSRAM_Extended_Timing_Init
                0x0000000008006230       0x70 ./Drivers/STM32F1xx_HAL_Driver/stm32f1xx_ll_fsmc.o
                0x0000000008006230                FSMC_NORSRAM_Extended_Timing_Init
 .text.__errno  0x00000000080062a0        0xc c:/st/stm32cubeide_1.9.0/stm32cubeide/plugins/com.st.stm32cube.ide.mcu.externaltools.gnu-tools-for-stm32.10.3-2021.10.win32_1.0.0.202111181127/tools/bin/../lib/gcc/arm-none-eabi/10.3.1/../../../../arm-none-eabi/lib/thumb/v7-m/nofp\libc_nano.a(lib_a-errno.o)
                0x00000000080062a0                __errno
 .text.__libc_init_array
                0x00000000080062ac       0x48 c:/st/stm32cubeide_1.9.0/stm32cubeide/plugins/com.st.stm32cube.ide.mcu.externaltools.gnu-tools-for-stm32.10.3-2021.10.win32_1.0.0.202111181127/tools/bin/../lib/gcc/arm-none-eabi/10.3.1/../../../../arm-none-eabi/lib/thumb/v7-m/nofp\libc_nano.a(lib_a-init.o)
                0x00000000080062ac                __libc_init_array
 .text.memset   0x00000000080062f4       0x10 c:/st/stm32cubeide_1.9.0/stm32cubeide/plugins/com.st.stm32cube.ide.mcu.externaltools.gnu-tools-for-stm32.10.3-2021.10.win32_1.0.0.202111181127/tools/bin/../lib/gcc/arm-none-eabi/10.3.1/../../../../arm-none-eabi/lib/thumb/v7-m/nofp\libc_nano.a(lib_a-memset.o)
                0x00000000080062f4                memset
 .text.snprintf
                0x0000000008006304       0x68 c:/st/stm32cubeide_1.9.0/stm32cubeide/plugins/com.st.stm32cube.ide.mcu.externaltools.gnu-tools-for-stm32.10.3-2021.10.win32_1.0.0.202111181127/tools/bin/../lib/gcc/arm-none-eabi/10.3.1/../../../../arm-none-eabi/lib/thumb/v7-m/nofp\libc_nano.a(lib_a-snprintf.o)
                0x0000000008006304                sniprintf
                0x0000000008006304                snprintf
 .text.strstr   0x000000000800636c       0x2c c:/st/stm32cubeide_1.9.0/stm32cubeide/plugins/com.st.stm32cube.ide.mcu.externaltools.gnu-tools-for-stm32.10.3-2021.10.win32_1.0.0.202111181127/tools/bin/../lib/gcc/arm-none-eabi/10.3.1/../../../../arm-none-eabi/lib/thumb/v7-m/nofp\libc_nano.a(lib_a-strstr.o)
                0x000000000800636c                strstr
 .text.__ssputs_r
                0x0000000008006398       0xb6 c:/st/stm32cubeide_1.9.0/stm32cubeide/plugins/com.st.stm32cube.ide.mcu.externaltools.gnu-tools-for-stm32.10.3-2021.10.win32_1.0.0.202111181127/tools/bin/../lib/gcc/arm-none-eabi/10.3.1/../../../../arm-none-eabi/lib/thumb/v7-m/nofp\libc_nano.a(lib_a-nano-svfprintf.o)
                0x0000000008006398                __ssputs_r
 *fill*         0x000000000800644e        0x2 
 .text._svfprintf_r
                0x0000000008006450      0x200 c:/st/stm32cubeide_1.9.0/stm32cubeide/plugins/com.st.stm32cube.ide.mcu.externaltools.gnu-tools-for-stm32.10.3-2021.10.win32_1.0.0.202111181127/tools/bin/../lib/gcc/arm-none-eabi/10.3.1/../../../../arm-none-eabi/lib/thumb/v7-m/nofp\libc_nano.a(lib_a-nano-svfprintf.o)
                0x0000000008006450                _svfiprintf_r
                0x0000000008006450                _svfprintf_r
 .text._printf_common
                0x0000000008006650       0xde c:/st/stm32cubeide_1.9.0/stm32cubeide/plugins/com.st.stm32cube.ide.mcu.externaltools.gnu-tools-for-stm32.10.3-2021.10.win32_1.0.0.202111181127/tools/bin/../lib/gcc/arm-none-eabi/10.3.1/../../../../arm-none-eabi/lib/thumb/v7-m/nofp\libc_nano.a(lib_a-nano-vfprintf_i.o)
                0x0000000008006650                _printf_common
 *fill*         0x000000000800672e        0x2 
 .text._printf_i
                0x0000000008006730      0x24c c:/st/stm32cubeide_1.9.0/stm32cubeide/plugins/com.st.stm32cube.ide.mcu.externaltools.gnu-tools-for-stm32.10.3-2021.10.win32_1.0.0.202111181127/tools/bin/../lib/gcc/arm-none-eabi/10.3.1/../../../../arm-none-eabi/lib/thumb/v7-m/nofp\libc_nano.a(lib_a-nano-vfprintf_i.o)
                0x0000000008006730                _printf_i
 .text.memchr   0x000000000800697c       0x1c c:/st/stm32cubeide_1.9.0/stm32cubeide/plugins/com.st.stm32cube.ide.mcu.externaltools.gnu-tools-for-stm32.10.3-2021.10.win32_1.0.0.202111181127/tools/bin/../lib/gcc/arm-none-eabi/10.3.1/../../../../arm-none-eabi/lib/thumb/v7-m/nofp\libc_nano.a(lib_a-memchr-stub.o)
                0x000000000800697c                memchr
 .text.memcpy   0x0000000008006998       0x1c c:/st/stm32cubeide_1.9.0/stm32cubeide/plugins/com.st.stm32cube.ide.mcu.externaltools.gnu-tools-for-stm32.10.3-2021.10.win32_1.0.0.202111181127/tools/bin/../lib/gcc/arm-none-eabi/10.3.1/../../../../arm-none-eabi/lib/thumb/v7-m/nofp\libc_nano.a(lib_a-memcpy-stub.o)
                0x0000000008006998                memcpy
 .text.memmove  0x00000000080069b4       0x34 c:/st/stm32cubeide_1.9.0/stm32cubeide/plugins/com.st.stm32cube.ide.mcu.externaltools.gnu-tools-for-stm32.10.3-2021.10.win32_1.0.0.202111181127/tools/bin/../lib/gcc/arm-none-eabi/10.3.1/../../../../arm-none-eabi/lib/thumb/v7-m/nofp\libc_nano.a(lib_a-memmove.o)
                0x00000000080069b4                memmove
 .text._free_r  0x00000000080069e8       0x90 c:/st/stm32cubeide_1.9.0/stm32cubeide/plugins/com.st.stm32cube.ide.mcu.externaltools.gnu-tools-for-stm32.10.3-2021.10.win32_1.0.0.202111181127/tools/bin/../lib/gcc/arm-none-eabi/10.3.1/../../../../arm-none-eabi/lib/thumb/v7-m/nofp\libc_nano.a(lib_a-nano-freer.o)
                0x00000000080069e8                _free_r
 .text.sbrk_aligned
                0x0000000008006a78       0x40 c:/st/stm32cubeide_1.9.0/stm32cubeide/plugins/com.st.stm32cube.ide.mcu.externaltools.gnu-tools-for-stm32.10.3-2021.10.win32_1.0.0.202111181127/tools/bin/../lib/gcc/arm-none-eabi/10.3.1/../../../../arm-none-eabi/lib/thumb/v7-m/nofp\libc_nano.a(lib_a-nano-mallocr.o)
 .text._malloc_r
                0x0000000008006ab8       0xe8 c:/st/stm32cubeide_1.9.0/stm32cubeide/plugins/com.st.stm32cube.ide.mcu.externaltools.gnu-tools-for-stm32.10.3-2021.10.win32_1.0.0.202111181127/tools/bin/../lib/gcc/arm-none-eabi/10.3.1/../../../../arm-none-eabi/lib/thumb/v7-m/nofp\libc_nano.a(lib_a-nano-mallocr.o)
                0x0000000008006ab8                _malloc_r
 .text._realloc_r
                0x0000000008006ba0       0x5e c:/st/stm32cubeide_1.9.0/stm32cubeide/plugins/com.st.stm32cube.ide.mcu.externaltools.gnu-tools-for-stm32.10.3-2021.10.win32_1.0.0.202111181127/tools/bin/../lib/gcc/arm-none-eabi/10.3.1/../../../../arm-none-eabi/lib/thumb/v7-m/nofp\libc_nano.a(lib_a-nano-reallocr.o)
                0x0000000008006ba0                _realloc_r
 *fill*         0x0000000008006bfe        0x2 
 .text._sbrk_r  0x0000000008006c00       0x20 c:/st/stm32cubeide_1.9.0/stm32cubeide/plugins/com.st.stm32cube.ide.mcu.externaltools.gnu-tools-for-stm32.10.3-2021.10.win32_1.0.0.202111181127/tools/bin/../lib/gcc/arm-none-eabi/10.3.1/../../../../arm-none-eabi/lib/thumb/v7-m/nofp\libc_nano.a(lib_a-sbrkr.o)
                0x0000000008006c00                _sbrk_r
 .text.__malloc_lock
                0x0000000008006c20        0xc c:/st/stm32cubeide_1.9.0/stm32cubeide/plugins/com.st.stm32cube.ide.mcu.externaltools.gnu-tools-for-stm32.10.3-2021.10.win32_1.0.0.202111181127/tools/bin/../lib/gcc/arm-none-eabi/10.3.1/../../../../arm-none-eabi/lib/thumb/v7-m/nofp\libc_nano.a(lib_a-mlock.o)
                0x0000000008006c20                __malloc_lock
 .text.__malloc_unlock
                0x0000000008006c2c        0xc c:/st/stm32cubeide_1.9.0/stm32cubeide/plugins/com.st.stm32cube.ide.mcu.externaltools.gnu-tools-for-stm32.10.3-2021.10.win32_1.0.0.202111181127/tools/bin/../lib/gcc/arm-none-eabi/10.3.1/../../../../arm-none-eabi/lib/thumb/v7-m/nofp\libc_nano.a(lib_a-mlock.o)
                0x0000000008006c2c                __malloc_unlock
 .text._malloc_usable_size_r
                0x0000000008006c38       0x10 c:/st/stm32cubeide_1.9.0/stm32cubeide/plugins/com.st.stm32cube.ide.mcu.externaltools.gnu-tools-for-stm32.10.3-2021.10.win32_1.0.0.202111181127/tools/bin/../lib/gcc/arm-none-eabi/10.3.1/../../../../arm-none-eabi/lib/thumb/v7-m/nofp\libc_nano.a(lib_a-nano-msizer.o)
                0x0000000008006c38                _malloc_usable_size_r
 .text.__retarget_lock_acquire_recursive
                0x0000000008006c48        0x2 c:/st/stm32cubeide_1.9.0/stm32cubeide/plugins/com.st.stm32cube.ide.mcu.externaltools.gnu-tools-for-stm32.10.3-2021.10.win32_1.0.0.202111181127/tools/bin/../lib/gcc/arm-none-eabi/10.3.1/../../../../arm-none-eabi/lib/thumb/v7-m/nofp\libc_nano.a(lib_a-lock.o)
                0x0000000008006c48                __retarget_lock_acquire_recursive
 .text.__retarget_lock_release_recursive
                0x0000000008006c4a        0x2 c:/st/stm32cubeide_1.9.0/stm32cubeide/plugins/com.st.stm32cube.ide.mcu.externaltools.gnu-tools-for-stm32.10.3-2021.10.win32_1.0.0.202111181127/tools/bin/../lib/gcc/arm-none-eabi/10.3.1/../../../../arm-none-eabi/lib/thumb/v7-m/nofp\libc_nano.a(lib_a-lock.o)
                0x0000000008006c4a                __retarget_lock_release_recursive
 *(.glue_7)
 .glue_7        0x0000000008006c4c        0x0 linker stubs
 *(.glue_7t)
 .glue_7t       0x0000000008006c4c        0x0 linker stubs
 *(.eh_frame)
 .eh_frame      0x0000000008006c4c        0x0 c:/st/stm32cubeide_1.9.0/stm32cubeide/plugins/com.st.stm32cube.ide.mcu.externaltools.gnu-tools-for-stm32.10.3-2021.10.win32_1.0.0.202111181127/tools/bin/../lib/gcc/arm-none-eabi/10.3.1/thumb/v7-m/nofp/crtbegin.o
 *(.init)
 .init          0x0000000008006c4c        0x4 c:/st/stm32cubeide_1.9.0/stm32cubeide/plugins/com.st.stm32cube.ide.mcu.externaltools.gnu-tools-for-stm32.10.3-2021.10.win32_1.0.0.202111181127/tools/bin/../lib/gcc/arm-none-eabi/10.3.1/thumb/v7-m/nofp/crti.o
                0x0000000008006c4c                _init
 .init          0x0000000008006c50        0x8 c:/st/stm32cubeide_1.9.0/stm32cubeide/plugins/com.st.stm32cube.ide.mcu.externaltools.gnu-tools-for-stm32.10.3-2021.10.win32_1.0.0.202111181127/tools/bin/../lib/gcc/arm-none-eabi/10.3.1/thumb/v7-m/nofp/crtn.o
 *(.fini)
 .fini          0x0000000008006c58        0x4 c:/st/stm32cubeide_1.9.0/stm32cubeide/plugins/com.st.stm32cube.ide.mcu.externaltools.gnu-tools-for-stm32.10.3-2021.10.win32_1.0.0.202111181127/tools/bin/../lib/gcc/arm-none-eabi/10.3.1/thumb/v7-m/nofp/crti.o
                0x0000000008006c58                _fini
 .fini          0x0000000008006c5c        0x8 c:/st/stm32cubeide_1.9.0/stm32cubeide/plugins/com.st.stm32cube.ide.mcu.externaltools.gnu-tools-for-stm32.10.3-2021.10.win32_1.0.0.202111181127/tools/bin/../lib/gcc/arm-none-eabi/10.3.1/thumb/v7-m/nofp/crtn.o
                0x0000000008006c64                . = ALIGN (0x4)
                0x0000000008006c64                _etext = .

.vfp11_veneer   0x0000000008006c64        0x0
 .vfp11_veneer  0x0000000008006c64        0x0 linker stubs

.v4_bx          0x0000000008006c64        0x0
 .v4_bx         0x0000000008006c64        0x0 linker stubs

.iplt           0x0000000008006c64        0x0
 .iplt          0x0000000008006c64        0x0 c:/st/stm32cubeide_1.9.0/stm32cubeide/plugins/com.st.stm32cube.ide.mcu.externaltools.gnu-tools-for-stm32.10.3-2021.10.win32_1.0.0.202111181127/tools/bin/../lib/gcc/arm-none-eabi/10.3.1/thumb/v7-m/nofp/crtbegin.o

.rodata         0x0000000008006c64      0xb18
                0x0000000008006c64                . = ALIGN (0x4)
 *(.rodata)
 .rodata        0x0000000008006c64      0x14e ./Core/Src/game_logic.o
 *fill*         0x0000000008006db2        0x2 
 .rodata        0x0000000008006db4       0x24 ./Core/Src/main.o
 .rodata        0x0000000008006dd8       0x8a ./Core/Src/peripherals.o
 *fill*         0x0000000008006e62        0x2 
 .rodata        0x0000000008006e64      0x22b ./Core/Src/ui.o
 *fill*         0x000000000800708f        0x1 
 .rodata        0x0000000008007090       0x10 ./Drivers/STM32F1xx_HAL_Driver/stm32f1xx_hal_rcc.o
 .rodata        0x00000000080070a0       0x10 ./Drivers/STM32F1xx_HAL_Driver/stm32f1xx_hal_rcc_ex.o
 *(.rodata*)
 .rodata.ucAscii_1608
                0x00000000080070b0      0x5f0 ./Core/Src/lcd.o
                0x00000000080070b0                ucAscii_1608
 .rodata.lut.1  0x00000000080076a0       0x46 ./Core/Src/seven_seg.o
 *fill*         0x00000000080076e6        0x2 
 .rodata.lut.0  0x00000000080076e8       0x46 ./Core/Src/seven_seg.o
 *fill*         0x000000000800772e        0x2 
 .rodata.AHBPrescTable
                0x0000000008007730       0x10 ./Core/Src/system_stm32f1xx.o
                0x0000000008007730                AHBPrescTable
 .rodata.APBPrescTable
                0x0000000008007740        0x8 ./Core/Src/system_stm32f1xx.o
                0x0000000008007740                APBPrescTable
 .rodata._svfprintf_r.str1.1
                0x0000000008007748       0x11 c:/st/stm32cubeide_1.9.0/stm32cubeide/plugins/com.st.stm32cube.ide.mcu.externaltools.gnu-tools-for-stm32.10.3-2021.10.win32_1.0.0.202111181127/tools/bin/../lib/gcc/arm-none-eabi/10.3.1/../../../../arm-none-eabi/lib/thumb/v7-m/nofp\libc_nano.a(lib_a-nano-svfprintf.o)
 .rodata._printf_i.str1.1
                0x0000000008007759       0x22 c:/st/stm32cubeide_1.9.0/stm32cubeide/plugins/com.st.stm32cube.ide.mcu.externaltools.gnu-tools-for-stm32.10.3-2021.10.win32_1.0.0.202111181127/tools/bin/../lib/gcc/arm-none-eabi/10.3.1/../../../../arm-none-eabi/lib/thumb/v7-m/nofp\libc_nano.a(lib_a-nano-vfprintf_i.o)
                0x000000000800777c                . = ALIGN (0x4)
 *fill*         0x000000000800777b        0x1 

.rel.dyn        0x000000000800777c        0x0
 .rel.iplt      0x000000000800777c        0x0 c:/st/stm32cubeide_1.9.0/stm32cubeide/plugins/com.st.stm32cube.ide.mcu.externaltools.gnu-tools-for-stm32.10.3-2021.10.win32_1.0.0.202111181127/tools/bin/../lib/gcc/arm-none-eabi/10.3.1/thumb/v7-m/nofp/crtbegin.o

.ARM.extab      0x000000000800777c        0x0
                0x000000000800777c                . = ALIGN (0x4)
 *(.ARM.extab* .gnu.linkonce.armextab.*)
                0x000000000800777c                . = ALIGN (0x4)

.ARM            0x000000000800777c        0x0
                0x000000000800777c                . = ALIGN (0x4)
                0x000000000800777c                __exidx_start = .
 *(.ARM.exidx*)
                0x000000000800777c                __exidx_end = .
                0x000000000800777c                . = ALIGN (0x4)

.preinit_array  0x000000000800777c        0x0
                0x000000000800777c                . = ALIGN (0x4)
                0x000000000800777c                PROVIDE (__preinit_array_start = .)
 *(.preinit_array*)
                0x000000000800777c                PROVIDE (__preinit_array_end = .)
                0x000000000800777c                . = ALIGN (0x4)

.init_array     0x000000000800777c        0x4
                0x000000000800777c                . = ALIGN (0x4)
                0x000000000800777c                PROVIDE (__init_array_start = .)
 *(SORT_BY_NAME(.init_array.*))
 *(.init_array*)
 .init_array    0x000000000800777c        0x4 c:/st/stm32cubeide_1.9.0/stm32cubeide/plugins/com.st.stm32cube.ide.mcu.externaltools.gnu-tools-for-stm32.10.3-2021.10.win32_1.0.0.202111181127/tools/bin/../lib/gcc/arm-none-eabi/10.3.1/thumb/v7-m/nofp/crtbegin.o
                0x0000000008007780                PROVIDE (__init_array_end = .)
                0x0000000008007780                . = ALIGN (0x4)

.fini_array     0x0000000008007780        0x4
                0x0000000008007780                . = ALIGN (0x4)
                [!provide]                        PROVIDE (__fini_array_start = .)
 *(SORT_BY_NAME(.fini_array.*))
 *(.fini_array*)
 .fini_array    0x0000000008007780        0x4 c:/st/stm32cubeide_1.9.0/stm32cubeide/plugins/com.st.stm32cube.ide.mcu.externaltools.gnu-tools-for-stm32.10.3-2021.10.win32_1.0.0.202111181127/tools/bin/../lib/gcc/arm-none-eabi/10.3.1/thumb/v7-m/nofp/crtbegin.o
                [!provide]                        PROVIDE (__fini_array_end = .)
                0x0000000008007784                . = ALIGN (0x4)
                0x0000000008007784                _sidata = LOADADDR (.data)

.data           0x0000000020000000      0x100 load address 0x0000000008007784
                0x0000000020000000                . = ALIGN (0x4)
                0x0000000020000000                _sdata = .
 *(.data)
 *(.data*)
 .data.laser_line
                0x0000000020000000       0x20 ./Core/Src/game_logic.o
                0x0000000020000000                laser_line
 .data.motion_line
                0x0000000020000020       0x18 ./Core/Src/game_logic.o
                0x0000000020000020                motion_line
 .data.esp_cmd_rx
                0x0000000020000038        0x8 ./Core/Src/game_logic.o
                0x0000000020000038                esp_cmd_rx
 .data.current_dir_cmd
                0x0000000020000040        0x1 ./Core/Src/game_logic.o
                0x0000000020000040                current_dir_cmd
 .data.turn_target_cmd
                0x0000000020000041        0x1 ./Core/Src/game_logic.o
                0x0000000020000041                turn_target_cmd
 .data.last_motor_cmd
                0x0000000020000042        0x1 ./Core/Src/game_logic.o
                0x0000000020000042                last_motor_cmd
 .data.last_touch_state
                0x0000000020000043        0x1 ./Core/Src/main.o
                0x0000000020000043                last_touch_state
 .data.last_fire_input_state
                0x0000000020000044        0x1 ./Core/Src/main.o
                0x0000000020000044                last_fire_input_state
 *fill*         0x0000000020000045        0x3 
 .data.ds18b20_raw
                0x0000000020000048        0x4 ./Core/Src/main.o
                0x0000000020000048                ds18b20_raw
 .data.wifi_line1
                0x000000002000004c       0x20 ./Core/Src/peripherals.o
                0x000000002000004c                wifi_line1
 .data.wifi_line2
                0x000000002000006c       0x20 ./Core/Src/peripherals.o
                0x000000002000006c                wifi_line2
 .data.SystemCoreClock
                0x000000002000008c        0x4 ./Core/Src/system_stm32f1xx.o
                0x000000002000008c                SystemCoreClock
 .data.last_drawn_state
                0x0000000020000090        0x1 ./Core/Src/ui.o
                0x0000000020000090                last_drawn_state
 .data.last_drawn_mode
                0x0000000020000091        0x1 ./Core/Src/ui.o
                0x0000000020000091                last_drawn_mode
 .data.last_drawn_car
                0x0000000020000092        0x1 ./Core/Src/ui.o
                0x0000000020000092                last_drawn_car
 *fill*         0x0000000020000093        0x1 
 .data.uwTickPrio
                0x0000000020000094        0x4 ./Drivers/STM32F1xx_HAL_Driver/stm32f1xx_hal.o
                0x0000000020000094                uwTickPrio
 .data.uwTickFreq
                0x0000000020000098        0x1 ./Drivers/STM32F1xx_HAL_Driver/stm32f1xx_hal.o
                0x0000000020000098                uwTickFreq
 *fill*         0x0000000020000099        0x3 
 .data._impure_ptr
                0x000000002000009c        0x4 c:/st/stm32cubeide_1.9.0/stm32cubeide/plugins/com.st.stm32cube.ide.mcu.externaltools.gnu-tools-for-stm32.10.3-2021.10.win32_1.0.0.202111181127/tools/bin/../lib/gcc/arm-none-eabi/10.3.1/../../../../arm-none-eabi/lib/thumb/v7-m/nofp\libc_nano.a(lib_a-impure.o)
                0x000000002000009c                _impure_ptr
 .data.impure_data
                0x00000000200000a0       0x60 c:/st/stm32cubeide_1.9.0/stm32cubeide/plugins/com.st.stm32cube.ide.mcu.externaltools.gnu-tools-for-stm32.10.3-2021.10.win32_1.0.0.202111181127/tools/bin/../lib/gcc/arm-none-eabi/10.3.1/../../../../arm-none-eabi/lib/thumb/v7-m/nofp\libc_nano.a(lib_a-impure.o)
 *(.RamFunc)
 *(.RamFunc*)
                0x0000000020000100                . = ALIGN (0x4)
                0x0000000020000100                _edata = .

.igot.plt       0x0000000020000100        0x0 load address 0x0000000008007884
 .igot.plt      0x0000000020000100        0x0 c:/st/stm32cubeide_1.9.0/stm32cubeide/plugins/com.st.stm32cube.ide.mcu.externaltools.gnu-tools-for-stm32.10.3-2021.10.win32_1.0.0.202111181127/tools/bin/../lib/gcc/arm-none-eabi/10.3.1/thumb/v7-m/nofp/crtbegin.o
                0x0000000020000100                . = ALIGN (0x4)

.bss            0x0000000020000100      0x1d8 load address 0x0000000008007884
                0x0000000020000100                _sbss = .
                0x0000000020000100                __bss_start__ = _sbss
 *(.bss)
 .bss           0x0000000020000100       0x1c c:/st/stm32cubeide_1.9.0/stm32cubeide/plugins/com.st.stm32cube.ide.mcu.externaltools.gnu-tools-for-stm32.10.3-2021.10.win32_1.0.0.202111181127/tools/bin/../lib/gcc/arm-none-eabi/10.3.1/thumb/v7-m/nofp/crtbegin.o
 *(.bss*)
 .bss.buzzer_active
                0x000000002000011c        0x1 ./Core/Src/alerts.o
                0x000000002000011c                buzzer_active
 *fill*         0x000000002000011d        0x3 
 .bss.buzzer_tick
                0x0000000020000120        0x4 ./Core/Src/alerts.o
                0x0000000020000120                buzzer_tick
 .bss.buzzer_duration
                0x0000000020000124        0x4 ./Core/Src/alerts.o
                0x0000000020000124                buzzer_duration
 .bss.app_state
                0x0000000020000128        0x1 ./Core/Src/game_logic.o
                0x0000000020000128                app_state
 .bss.selected_mode
                0x0000000020000129        0x1 ./Core/Src/game_logic.o
                0x0000000020000129                selected_mode
 .bss.selected_car
                0x000000002000012a        0x1 ./Core/Src/game_logic.o
                0x000000002000012a                selected_car
 .bss.laser_state
                0x000000002000012b        0x1 ./Core/Src/game_logic.o
                0x000000002000012b                laser_state
 .bss.touch_ability_shots_needed
                0x000000002000012c        0x1 ./Core/Src/game_logic.o
                0x000000002000012c                touch_ability_shots_needed
 .bss.fire_cmd_priority
                0x000000002000012d        0x1 ./Core/Src/game_logic.o
                0x000000002000012d                fire_cmd_priority
 *fill*         0x000000002000012e        0x2 
 .bss.last_direction_change_tick
                0x0000000020000130        0x4 ./Core/Src/game_logic.o
                0x0000000020000130                last_direction_change_tick
 .bss.turn_delay_active
                0x0000000020000134        0x1 ./Core/Src/game_logic.o
                0x0000000020000134                turn_delay_active
 *fill*         0x0000000020000135        0x3 
 .bss.laser_tick
                0x0000000020000138        0x4 ./Core/Src/game_logic.o
                0x0000000020000138                laser_tick
 .bss.last_motor_speed
                0x000000002000013c        0x1 ./Core/Src/game_logic.o
                0x000000002000013c                last_motor_speed
 *fill*         0x000000002000013d        0x3 
 .bss.motor_cmd_tick
                0x0000000020000140        0x4 ./Core/Src/game_logic.o
                0x0000000020000140                motor_cmd_tick
 .bss.hadc1     0x0000000020000144       0x30 ./Core/Src/main.o
                0x0000000020000144                hadc1
 .bss.hadc2     0x0000000020000174       0x30 ./Core/Src/main.o
                0x0000000020000174                hadc2
 .bss.hi2c2     0x00000000200001a4       0x54 ./Core/Src/main.o
                0x00000000200001a4                hi2c2
 .bss.huart3    0x00000000200001f8       0x44 ./Core/Src/main.o
                0x00000000200001f8                huart3
 .bss.hsram1    0x000000002000023c       0x48 ./Core/Src/main.o
                0x000000002000023c                hsram1
 .bss.last_k1_state
                0x0000000020000284        0x1 ./Core/Src/main.o
                0x0000000020000284                last_k1_state
 .bss.last_k2_state
                0x0000000020000285        0x1 ./Core/Src/main.o
                0x0000000020000285                last_k2_state
 *fill*         0x0000000020000286        0x2 
 .bss.last_k1_event_tick
                0x0000000020000288        0x4 ./Core/Src/main.o
                0x0000000020000288                last_k1_event_tick
 .bss.last_k2_event_tick
                0x000000002000028c        0x4 ./Core/Src/main.o
                0x000000002000028c                last_k2_event_tick
 .bss.last_jsw_press_tick
                0x0000000020000290        0x4 ./Core/Src/main.o
                0x0000000020000290                last_jsw_press_tick
 .bss.jsw_has_been_pressed
                0x0000000020000294        0x1 ./Core/Src/main.o
                0x0000000020000294                jsw_has_been_pressed
 *fill*         0x0000000020000295        0x3 
 .bss.ds18b20_last_tick
                0x0000000020000298        0x4 ./Core/Src/main.o
                0x0000000020000298                ds18b20_last_tick
 .bss.last_ts_state_mem.1
                0x000000002000029c        0x1 ./Core/Src/main.o
 *fill*         0x000000002000029d        0x3 
 .bss.last_ts_event_tick.0
                0x00000000200002a0        0x4 ./Core/Src/main.o
 .bss.esp_rx_byte
                0x00000000200002a4        0x1 ./Core/Src/peripherals.o
                0x00000000200002a4                esp_rx_byte
 .bss.seg_mode  0x00000000200002a5        0x1 ./Core/Src/seven_seg.o
                0x00000000200002a5                seg_mode
 *fill*         0x00000000200002a6        0x2 
 .bss.seg_tick  0x00000000200002a8        0x4 ./Core/Src/seven_seg.o
                0x00000000200002a8                seg_tick
 .bss.seg_tenths
                0x00000000200002ac        0x4 ./Core/Src/seven_seg.o
                0x00000000200002ac                seg_tenths
 .bss.seg_left  0x00000000200002b0        0x1 ./Core/Src/seven_seg.o
                0x00000000200002b0                seg_left
 .bss.seg_right
                0x00000000200002b1        0x1 ./Core/Src/seven_seg.o
                0x00000000200002b1                seg_right
 .bss.seg_dp    0x00000000200002b2        0x1 ./Core/Src/seven_seg.o
                0x00000000200002b2                seg_dp
 *fill*         0x00000000200002b3        0x1 
 .bss.FSMC_Initialized
                0x00000000200002b4        0x4 ./Core/Src/stm32f1xx_hal_msp.o
 .bss.__sbrk_heap_end
                0x00000000200002b8        0x4 ./Core/Src/sysmem.o
 .bss.lcd_fast_tick
                0x00000000200002bc        0x4 ./Core/Src/ui.o
                0x00000000200002bc                lcd_fast_tick
 .bss.lcd_slow_tick
                0x00000000200002c0        0x4 ./Core/Src/ui.o
                0x00000000200002c0                lcd_slow_tick
 .bss.uwTick    0x00000000200002c4        0x4 ./Drivers/STM32F1xx_HAL_Driver/stm32f1xx_hal.o
                0x00000000200002c4                uwTick
 .bss.__malloc_free_list
                0x00000000200002c8        0x4 c:/st/stm32cubeide_1.9.0/stm32cubeide/plugins/com.st.stm32cube.ide.mcu.externaltools.gnu-tools-for-stm32.10.3-2021.10.win32_1.0.0.202111181127/tools/bin/../lib/gcc/arm-none-eabi/10.3.1/../../../../arm-none-eabi/lib/thumb/v7-m/nofp\libc_nano.a(lib_a-nano-mallocr.o)
                0x00000000200002c8                __malloc_free_list
 .bss.__malloc_sbrk_start
                0x00000000200002cc        0x4 c:/st/stm32cubeide_1.9.0/stm32cubeide/plugins/com.st.stm32cube.ide.mcu.externaltools.gnu-tools-for-stm32.10.3-2021.10.win32_1.0.0.202111181127/tools/bin/../lib/gcc/arm-none-eabi/10.3.1/../../../../arm-none-eabi/lib/thumb/v7-m/nofp\libc_nano.a(lib_a-nano-mallocr.o)
                0x00000000200002cc                __malloc_sbrk_start
 .bss.errno     0x00000000200002d0        0x4 c:/st/stm32cubeide_1.9.0/stm32cubeide/plugins/com.st.stm32cube.ide.mcu.externaltools.gnu-tools-for-stm32.10.3-2021.10.win32_1.0.0.202111181127/tools/bin/../lib/gcc/arm-none-eabi/10.3.1/../../../../arm-none-eabi/lib/thumb/v7-m/nofp\libc_nano.a(lib_a-reent.o)
                0x00000000200002d0                errno
 .bss.__lock___malloc_recursive_mutex
                0x00000000200002d4        0x1 c:/st/stm32cubeide_1.9.0/stm32cubeide/plugins/com.st.stm32cube.ide.mcu.externaltools.gnu-tools-for-stm32.10.3-2021.10.win32_1.0.0.202111181127/tools/bin/../lib/gcc/arm-none-eabi/10.3.1/../../../../arm-none-eabi/lib/thumb/v7-m/nofp\libc_nano.a(lib_a-lock.o)
                0x00000000200002d4                __lock___malloc_recursive_mutex
 *(COMMON)
                0x00000000200002d8                . = ALIGN (0x4)
 *fill*         0x00000000200002d5        0x3 
                0x00000000200002d8                _ebss = .
                0x00000000200002d8                __bss_end__ = _ebss

._user_heap_stack
                0x00000000200002d8      0x600 load address 0x0000000008007884
                0x00000000200002d8                . = ALIGN (0x8)
                [!provide]                        PROVIDE (end = .)
                0x00000000200002d8                PROVIDE (_end = .)
                0x00000000200004d8                . = (. + _Min_Heap_Size)
 *fill*         0x00000000200002d8      0x200 
                0x00000000200008d8                . = (. + _Min_Stack_Size)
 *fill*         0x00000000200004d8      0x400 
                0x00000000200008d8                . = ALIGN (0x8)

/DISCARD/
 libc.a(*)
 libm.a(*)
 libgcc.a(*)

.ARM.attributes
                0x0000000000000000       0x29
 *(.ARM.attributes)
 .ARM.attributes
                0x0000000000000000       0x1d c:/st/stm32cubeide_1.9.0/stm32cubeide/plugins/com.st.stm32cube.ide.mcu.externaltools.gnu-tools-for-stm32.10.3-2021.10.win32_1.0.0.202111181127/tools/bin/../lib/gcc/arm-none-eabi/10.3.1/thumb/v7-m/nofp/crti.o
 .ARM.attributes
                0x000000000000001d       0x2d c:/st/stm32cubeide_1.9.0/stm32cubeide/plugins/com.st.stm32cube.ide.mcu.externaltools.gnu-tools-for-stm32.10.3-2021.10.win32_1.0.0.202111181127/tools/bin/../lib/gcc/arm-none-eabi/10.3.1/thumb/v7-m/nofp/crtbegin.o
 .ARM.attributes
                0x000000000000004a       0x2d ./Core/Src/alerts.o
 .ARM.attributes
                0x0000000000000077       0x2d ./Core/Src/game_logic.o
 .ARM.attributes
                0x00000000000000a4       0x2d ./Core/Src/lcd.o
 .ARM.attributes
                0x00000000000000d1       0x2d ./Core/Src/main.o
 .ARM.attributes
                0x00000000000000fe       0x2d ./Core/Src/peripherals.o
 .ARM.attributes
                0x000000000000012b       0x2d ./Core/Src/seven_seg.o
 .ARM.attributes
                0x0000000000000158       0x2d ./Core/Src/stm32f1xx_hal_msp.o
 .ARM.attributes
                0x0000000000000185       0x2d ./Core/Src/stm32f1xx_it.o
 .ARM.attributes
                0x00000000000001b2       0x2d ./Core/Src/sysmem.o
 .ARM.attributes
                0x00000000000001df       0x2d ./Core/Src/system_stm32f1xx.o
 .ARM.attributes
                0x000000000000020c       0x2d ./Core/Src/touch.o
 .ARM.attributes
                0x0000000000000239       0x2d ./Core/Src/ui.o
 .ARM.attributes
                0x0000000000000266       0x21 ./Core/Startup/startup_stm32f103vetx.o
 .ARM.attributes
                0x0000000000000287       0x2d ./Drivers/STM32F1xx_HAL_Driver/stm32f1xx_hal.o
 .ARM.attributes
                0x00000000000002b4       0x2d ./Drivers/STM32F1xx_HAL_Driver/stm32f1xx_hal_adc.o
 .ARM.attributes
                0x00000000000002e1       0x2d ./Drivers/STM32F1xx_HAL_Driver/stm32f1xx_hal_adc_ex.o
 .ARM.attributes
                0x000000000000030e       0x2d ./Drivers/STM32F1xx_HAL_Driver/stm32f1xx_hal_cortex.o
 .ARM.attributes
                0x000000000000033b       0x2d ./Drivers/STM32F1xx_HAL_Driver/stm32f1xx_hal_gpio.o
 .ARM.attributes
                0x0000000000000368       0x2d ./Drivers/STM32F1xx_HAL_Driver/stm32f1xx_hal_i2c.o
 .ARM.attributes
                0x0000000000000395       0x2d ./Drivers/STM32F1xx_HAL_Driver/stm32f1xx_hal_rcc.o
 .ARM.attributes
                0x00000000000003c2       0x2d ./Drivers/STM32F1xx_HAL_Driver/stm32f1xx_hal_rcc_ex.o
 .ARM.attributes
                0x00000000000003ef       0x2d ./Drivers/STM32F1xx_HAL_Driver/stm32f1xx_hal_sram.o
 .ARM.attributes
                0x000000000000041c       0x2d ./Drivers/STM32F1xx_HAL_Driver/stm32f1xx_hal_uart.o
 .ARM.attributes
                0x0000000000000449       0x2d ./Drivers/STM32F1xx_HAL_Driver/stm32f1xx_ll_fsmc.o
 .ARM.attributes
                0x0000000000000476       0x2d c:/st/stm32cubeide_1.9.0/stm32cubeide/plugins/com.st.stm32cube.ide.mcu.externaltools.gnu-tools-for-stm32.10.3-2021.10.win32_1.0.0.202111181127/tools/bin/../lib/gcc/arm-none-eabi/10.3.1/../../../../arm-none-eabi/lib/thumb/v7-m/nofp\libc_nano.a(lib_a-errno.o)
 .ARM.attributes
                0x00000000000004a3       0x2d c:/st/stm32cubeide_1.9.0/stm32cubeide/plugins/com.st.stm32cube.ide.mcu.externaltools.gnu-tools-for-stm32.10.3-2021.10.win32_1.0.0.202111181127/tools/bin/../lib/gcc/arm-none-eabi/10.3.1/../../../../arm-none-eabi/lib/thumb/v7-m/nofp\libc_nano.a(lib_a-impure.o)
 .ARM.attributes
                0x00000000000004d0       0x2d c:/st/stm32cubeide_1.9.0/stm32cubeide/plugins/com.st.stm32cube.ide.mcu.externaltools.gnu-tools-for-stm32.10.3-2021.10.win32_1.0.0.202111181127/tools/bin/../lib/gcc/arm-none-eabi/10.3.1/../../../../arm-none-eabi/lib/thumb/v7-m/nofp\libc_nano.a(lib_a-init.o)
 .ARM.attributes
                0x00000000000004fd       0x2d c:/st/stm32cubeide_1.9.0/stm32cubeide/plugins/com.st.stm32cube.ide.mcu.externaltools.gnu-tools-for-stm32.10.3-2021.10.win32_1.0.0.202111181127/tools/bin/../lib/gcc/arm-none-eabi/10.3.1/../../../../arm-none-eabi/lib/thumb/v7-m/nofp\libc_nano.a(lib_a-memset.o)
 .ARM.attributes
                0x000000000000052a       0x2d c:/st/stm32cubeide_1.9.0/stm32cubeide/plugins/com.st.stm32cube.ide.mcu.externaltools.gnu-tools-for-stm32.10.3-2021.10.win32_1.0.0.202111181127/tools/bin/../lib/gcc/arm-none-eabi/10.3.1/../../../../arm-none-eabi/lib/thumb/v7-m/nofp\libc_nano.a(lib_a-snprintf.o)
 .ARM.attributes
                0x0000000000000557       0x17 c:/st/stm32cubeide_1.9.0/stm32cubeide/plugins/com.st.stm32cube.ide.mcu.externaltools.gnu-tools-for-stm32.10.3-2021.10.win32_1.0.0.202111181127/tools/bin/../lib/gcc/arm-none-eabi/10.3.1/../../../../arm-none-eabi/lib/thumb/v7-m/nofp\libc_nano.a(lib_a-strlen.o)
 .ARM.attributes
                0x000000000000056e       0x2d c:/st/stm32cubeide_1.9.0/stm32cubeide/plugins/com.st.stm32cube.ide.mcu.externaltools.gnu-tools-for-stm32.10.3-2021.10.win32_1.0.0.202111181127/tools/bin/../lib/gcc/arm-none-eabi/10.3.1/../../../../arm-none-eabi/lib/thumb/v7-m/nofp\libc_nano.a(lib_a-strstr.o)
 .ARM.attributes
                0x000000000000059b       0x2d c:/st/stm32cubeide_1.9.0/stm32cubeide/plugins/com.st.stm32cube.ide.mcu.externaltools.gnu-tools-for-stm32.10.3-2021.10.win32_1.0.0.202111181127/tools/bin/../lib/gcc/arm-none-eabi/10.3.1/../../../../arm-none-eabi/lib/thumb/v7-m/nofp\libc_nano.a(lib_a-nano-svfprintf.o)
 .ARM.attributes
                0x00000000000005c8       0x2d c:/st/stm32cubeide_1.9.0/stm32cubeide/plugins/com.st.stm32cube.ide.mcu.externaltools.gnu-tools-for-stm32.10.3-2021.10.win32_1.0.0.202111181127/tools/bin/../lib/gcc/arm-none-eabi/10.3.1/../../../../arm-none-eabi/lib/thumb/v7-m/nofp\libc_nano.a(lib_a-nano-vfprintf_i.o)
 .ARM.attributes
                0x00000000000005f5       0x2d c:/st/stm32cubeide_1.9.0/stm32cubeide/plugins/com.st.stm32cube.ide.mcu.externaltools.gnu-tools-for-stm32.10.3-2021.10.win32_1.0.0.202111181127/tools/bin/../lib/gcc/arm-none-eabi/10.3.1/../../../../arm-none-eabi/lib/thumb/v7-m/nofp\libc_nano.a(lib_a-memchr-stub.o)
 .ARM.attributes
                0x0000000000000622       0x2d c:/st/stm32cubeide_1.9.0/stm32cubeide/plugins/com.st.stm32cube.ide.mcu.externaltools.gnu-tools-for-stm32.10.3-2021.10.win32_1.0.0.202111181127/tools/bin/../lib/gcc/arm-none-eabi/10.3.1/../../../../arm-none-eabi/lib/thumb/v7-m/nofp\libc_nano.a(lib_a-memcpy-stub.o)
 .ARM.attributes
                0x000000000000064f       0x2d c:/st/stm32cubeide_1.9.0/stm32cubeide/plugins/com.st.stm32cube.ide.mcu.externaltools.gnu-tools-for-stm32.10.3-2021.10.win32_1.0.0.202111181127/tools/bin/../lib/gcc/arm-none-eabi/10.3.1/../../../../arm-none-eabi/lib/thumb/v7-m/nofp\libc_nano.a(lib_a-memmove.o)
 .ARM.attributes
                0x000000000000067c       0x2d c:/st/stm32cubeide_1.9.0/stm32cubeide/plugins/com.st.stm32cube.ide.mcu.externaltools.gnu-tools-for-stm32.10.3-2021.10.win32_1.0.0.202111181127/tools/bin/../lib/gcc/arm-none-eabi/10.3.1/../../../../arm-none-eabi/lib/thumb/v7-m/nofp\libc_nano.a(lib_a-nano-freer.o)
 .ARM.attributes
                0x00000000000006a9       0x2d c:/st/stm32cubeide_1.9.0/stm32cubeide/plugins/com.st.stm32cube.ide.mcu.externaltools.gnu-tools-for-stm32.10.3-2021.10.win32_1.0.0.202111181127/tools/bin/../lib/gcc/arm-none-eabi/10.3.1/../../../../arm-none-eabi/lib/thumb/v7-m/nofp\libc_nano.a(lib_a-nano-mallocr.o)
 .ARM.attributes
                0x00000000000006d6       0x2d c:/st/stm32cubeide_1.9.0/stm32cubeide/plugins/com.st.stm32cube.ide.mcu.externaltools.gnu-tools-for-stm32.10.3-2021.10.win32_1.0.0.202111181127/tools/bin/../lib/gcc/arm-none-eabi/10.3.1/../../../../arm-none-eabi/lib/thumb/v7-m/nofp\libc_nano.a(lib_a-nano-reallocr.o)
 .ARM.attributes
                0x0000000000000703       0x2d c:/st/stm32cubeide_1.9.0/stm32cubeide/plugins/com.st.stm32cube.ide.mcu.externaltools.gnu-tools-for-stm32.10.3-2021.10.win32_1.0.0.202111181127/tools/bin/../lib/gcc/arm-none-eabi/10.3.1/../../../../arm-none-eabi/lib/thumb/v7-m/nofp\libc_nano.a(lib_a-sbrkr.o)
 .ARM.attributes
                0x0000000000000730       0x2d c:/st/stm32cubeide_1.9.0/stm32cubeide/plugins/com.st.stm32cube.ide.mcu.externaltools.gnu-tools-for-stm32.10.3-2021.10.win32_1.0.0.202111181127/tools/bin/../lib/gcc/arm-none-eabi/10.3.1/../../../../arm-none-eabi/lib/thumb/v7-m/nofp\libc_nano.a(lib_a-mlock.o)
 .ARM.attributes
                0x000000000000075d       0x2d c:/st/stm32cubeide_1.9.0/stm32cubeide/plugins/com.st.stm32cube.ide.mcu.externaltools.gnu-tools-for-stm32.10.3-2021.10.win32_1.0.0.202111181127/tools/bin/../lib/gcc/arm-none-eabi/10.3.1/../../../../arm-none-eabi/lib/thumb/v7-m/nofp\libc_nano.a(lib_a-nano-msizer.o)
 .ARM.attributes
                0x000000000000078a       0x2d c:/st/stm32cubeide_1.9.0/stm32cubeide/plugins/com.st.stm32cube.ide.mcu.externaltools.gnu-tools-for-stm32.10.3-2021.10.win32_1.0.0.202111181127/tools/bin/../lib/gcc/arm-none-eabi/10.3.1/../../../../arm-none-eabi/lib/thumb/v7-m/nofp\libc_nano.a(lib_a-reent.o)
 .ARM.attributes
                0x00000000000007b7       0x2d c:/st/stm32cubeide_1.9.0/stm32cubeide/plugins/com.st.stm32cube.ide.mcu.externaltools.gnu-tools-for-stm32.10.3-2021.10.win32_1.0.0.202111181127/tools/bin/../lib/gcc/arm-none-eabi/10.3.1/../../../../arm-none-eabi/lib/thumb/v7-m/nofp\libc_nano.a(lib_a-lock.o)
 .ARM.attributes
                0x00000000000007e4       0x1d c:/st/stm32cubeide_1.9.0/stm32cubeide/plugins/com.st.stm32cube.ide.mcu.externaltools.gnu-tools-for-stm32.10.3-2021.10.win32_1.0.0.202111181127/tools/bin/../lib/gcc/arm-none-eabi/10.3.1/thumb/v7-m/nofp/crtn.o
OUTPUT(PROJECT.elf elf32-littlearm)
LOAD linker stubs
LOAD c:/st/stm32cubeide_1.9.0/stm32cubeide/plugins/com.st.stm32cube.ide.mcu.externaltools.gnu-tools-for-stm32.10.3-2021.10.win32_1.0.0.202111181127/tools/bin/../lib/gcc/arm-none-eabi/10.3.1/../../../../arm-none-eabi/lib/thumb/v7-m/nofp\libc.a
LOAD c:/st/stm32cubeide_1.9.0/stm32cubeide/plugins/com.st.stm32cube.ide.mcu.externaltools.gnu-tools-for-stm32.10.3-2021.10.win32_1.0.0.202111181127/tools/bin/../lib/gcc/arm-none-eabi/10.3.1/../../../../arm-none-eabi/lib/thumb/v7-m/nofp\libm.a
LOAD c:/st/stm32cubeide_1.9.0/stm32cubeide/plugins/com.st.stm32cube.ide.mcu.externaltools.gnu-tools-for-stm32.10.3-2021.10.win32_1.0.0.202111181127/tools/bin/../lib/gcc/arm-none-eabi/10.3.1/thumb/v7-m/nofp\libgcc.a

.debug_info     0x0000000000000000     0xf032
 .debug_info    0x0000000000000000      0x273 ./Core/Src/alerts.o
 .debug_info    0x0000000000000273      0x8a4 ./Core/Src/game_logic.o
 .debug_info    0x0000000000000b17      0x7fd ./Core/Src/lcd.o
 .debug_info    0x0000000000001314     0x1b43 ./Core/Src/main.o
 .debug_info    0x0000000000002e57      0xd87 ./Core/Src/peripherals.o
 .debug_info    0x0000000000003bde      0x407 ./Core/Src/seven_seg.o
 .debug_info    0x0000000000003fe5     0x114c ./Core/Src/stm32f1xx_hal_msp.o
 .debug_info    0x0000000000005131      0x122 ./Core/Src/stm32f1xx_it.o
 .debug_info    0x0000000000005253      0x171 ./Core/Src/sysmem.o
 .debug_info    0x00000000000053c4      0x23d ./Core/Src/system_stm32f1xx.o
 .debug_info    0x0000000000005601      0x33c ./Core/Src/touch.o
 .debug_info    0x000000000000593d      0x55e ./Core/Src/ui.o
 .debug_info    0x0000000000005e9b       0x22 ./Core/Startup/startup_stm32f103vetx.o
 .debug_info    0x0000000000005ebd      0x79a ./Drivers/STM32F1xx_HAL_Driver/stm32f1xx_hal.o
 .debug_info    0x0000000000006657      0xcd9 ./Drivers/STM32F1xx_HAL_Driver/stm32f1xx_hal_adc.o
 .debug_info    0x0000000000007330      0xa8f ./Drivers/STM32F1xx_HAL_Driver/stm32f1xx_hal_adc_ex.o
 .debug_info    0x0000000000007dbf      0xb86 ./Drivers/STM32F1xx_HAL_Driver/stm32f1xx_hal_cortex.o
 .debug_info    0x0000000000008945      0x615 ./Drivers/STM32F1xx_HAL_Driver/stm32f1xx_hal_gpio.o
 .debug_info    0x0000000000008f5a     0x2734 ./Drivers/STM32F1xx_HAL_Driver/stm32f1xx_hal_i2c.o
 .debug_info    0x000000000000b68e      0x860 ./Drivers/STM32F1xx_HAL_Driver/stm32f1xx_hal_rcc.o
 .debug_info    0x000000000000beee      0x409 ./Drivers/STM32F1xx_HAL_Driver/stm32f1xx_hal_rcc_ex.o
 .debug_info    0x000000000000c2f7      0xd5b ./Drivers/STM32F1xx_HAL_Driver/stm32f1xx_hal_sram.o
 .debug_info    0x000000000000d052     0x15d8 ./Drivers/STM32F1xx_HAL_Driver/stm32f1xx_hal_uart.o
 .debug_info    0x000000000000e62a      0xa08 ./Drivers/STM32F1xx_HAL_Driver/stm32f1xx_ll_fsmc.o

.debug_abbrev   0x0000000000000000     0x2cbf
 .debug_abbrev  0x0000000000000000      0x15e ./Core/Src/alerts.o
 .debug_abbrev  0x000000000000015e      0x2c4 ./Core/Src/game_logic.o
 .debug_abbrev  0x0000000000000422      0x22f ./Core/Src/lcd.o
 .debug_abbrev  0x0000000000000651      0x2eb ./Core/Src/main.o
 .debug_abbrev  0x000000000000093c      0x2a6 ./Core/Src/peripherals.o
 .debug_abbrev  0x0000000000000be2      0x197 ./Core/Src/seven_seg.o
 .debug_abbrev  0x0000000000000d79      0x204 ./Core/Src/stm32f1xx_hal_msp.o
 .debug_abbrev  0x0000000000000f7d       0x74 ./Core/Src/stm32f1xx_it.o
 .debug_abbrev  0x0000000000000ff1       0xbb ./Core/Src/sysmem.o
 .debug_abbrev  0x00000000000010ac      0x13b ./Core/Src/system_stm32f1xx.o
 .debug_abbrev  0x00000000000011e7      0x1b9 ./Core/Src/touch.o
 .debug_abbrev  0x00000000000013a0      0x16e ./Core/Src/ui.o
 .debug_abbrev  0x000000000000150e       0x12 ./Core/Startup/startup_stm32f103vetx.o
 .debug_abbrev  0x0000000000001520      0x1fb ./Drivers/STM32F1xx_HAL_Driver/stm32f1xx_hal.o
 .debug_abbrev  0x000000000000171b      0x210 ./Drivers/STM32F1xx_HAL_Driver/stm32f1xx_hal_adc.o
 .debug_abbrev  0x000000000000192b      0x234 ./Drivers/STM32F1xx_HAL_Driver/stm32f1xx_hal_adc_ex.o
 .debug_abbrev  0x0000000000001b5f      0x2ed ./Drivers/STM32F1xx_HAL_Driver/stm32f1xx_hal_cortex.o
 .debug_abbrev  0x0000000000001e4c      0x1bb ./Drivers/STM32F1xx_HAL_Driver/stm32f1xx_hal_gpio.o
 .debug_abbrev  0x0000000000002007      0x288 ./Drivers/STM32F1xx_HAL_Driver/stm32f1xx_hal_i2c.o
 .debug_abbrev  0x000000000000228f      0x2a8 ./Drivers/STM32F1xx_HAL_Driver/stm32f1xx_hal_rcc.o
 .debug_abbrev  0x0000000000002537      0x182 ./Drivers/STM32F1xx_HAL_Driver/stm32f1xx_hal_rcc_ex.o
 .debug_abbrev  0x00000000000026b9      0x1f8 ./Drivers/STM32F1xx_HAL_Driver/stm32f1xx_hal_sram.o
 .debug_abbrev  0x00000000000028b1      0x278 ./Drivers/STM32F1xx_HAL_Driver/stm32f1xx_hal_uart.o
 .debug_abbrev  0x0000000000002b29      0x196 ./Drivers/STM32F1xx_HAL_Driver/stm32f1xx_ll_fsmc.o

.debug_aranges  0x0000000000000000      0xf48
 .debug_aranges
                0x0000000000000000       0x40 ./Core/Src/alerts.o
 .debug_aranges
                0x0000000000000040       0xb0 ./Core/Src/game_logic.o
 .debug_aranges
                0x00000000000000f0       0xb0 ./Core/Src/lcd.o
 .debug_aranges
                0x00000000000001a0       0x60 ./Core/Src/main.o
 .debug_aranges
                0x0000000000000200       0x80 ./Core/Src/peripherals.o
 .debug_aranges
                0x0000000000000280       0x58 ./Core/Src/seven_seg.o
 .debug_aranges
                0x00000000000002d8       0x70 ./Core/Src/stm32f1xx_hal_msp.o
 .debug_aranges
                0x0000000000000348       0x60 ./Core/Src/stm32f1xx_it.o
 .debug_aranges
                0x00000000000003a8       0x20 ./Core/Src/sysmem.o
 .debug_aranges
                0x00000000000003c8       0x28 ./Core/Src/system_stm32f1xx.o
 .debug_aranges
                0x00000000000003f0       0x60 ./Core/Src/touch.o
 .debug_aranges
                0x0000000000000450       0x68 ./Core/Src/ui.o
 .debug_aranges
                0x00000000000004b8       0x28 ./Core/Startup/startup_stm32f103vetx.o
 .debug_aranges
                0x00000000000004e0       0xe0 ./Drivers/STM32F1xx_HAL_Driver/stm32f1xx_hal.o
 .debug_aranges
                0x00000000000005c0       0xf0 ./Drivers/STM32F1xx_HAL_Driver/stm32f1xx_hal_adc.o
 .debug_aranges
                0x00000000000006b0       0x80 ./Drivers/STM32F1xx_HAL_Driver/stm32f1xx_hal_adc_ex.o
 .debug_aranges
                0x0000000000000730      0x100 ./Drivers/STM32F1xx_HAL_Driver/stm32f1xx_hal_cortex.o
 .debug_aranges
                0x0000000000000830       0x58 ./Drivers/STM32F1xx_HAL_Driver/stm32f1xx_hal_gpio.o
 .debug_aranges
                0x0000000000000888      0x2a0 ./Drivers/STM32F1xx_HAL_Driver/stm32f1xx_hal_i2c.o
 .debug_aranges
                0x0000000000000b28       0x90 ./Drivers/STM32F1xx_HAL_Driver/stm32f1xx_hal_rcc.o
 .debug_aranges
                0x0000000000000bb8       0x30 ./Drivers/STM32F1xx_HAL_Driver/stm32f1xx_hal_rcc_ex.o
 .debug_aranges
                0x0000000000000be8       0xb8 ./Drivers/STM32F1xx_HAL_Driver/stm32f1xx_hal_sram.o
 .debug_aranges
                0x0000000000000ca0      0x200 ./Drivers/STM32F1xx_HAL_Driver/stm32f1xx_hal_uart.o
 .debug_aranges
                0x0000000000000ea0       0xa8 ./Drivers/STM32F1xx_HAL_Driver/stm32f1xx_ll_fsmc.o

.debug_ranges   0x0000000000000000      0xe28
 .debug_ranges  0x0000000000000000       0x30 ./Core/Src/alerts.o
 .debug_ranges  0x0000000000000030       0xa0 ./Core/Src/game_logic.o
 .debug_ranges  0x00000000000000d0       0xa0 ./Core/Src/lcd.o
 .debug_ranges  0x0000000000000170       0x50 ./Core/Src/main.o
 .debug_ranges  0x00000000000001c0       0x70 ./Core/Src/peripherals.o
 .debug_ranges  0x0000000000000230       0x48 ./Core/Src/seven_seg.o
 .debug_ranges  0x0000000000000278       0x60 ./Core/Src/stm32f1xx_hal_msp.o
 .debug_ranges  0x00000000000002d8       0x50 ./Core/Src/stm32f1xx_it.o
 .debug_ranges  0x0000000000000328       0x10 ./Core/Src/sysmem.o
 .debug_ranges  0x0000000000000338       0x18 ./Core/Src/system_stm32f1xx.o
 .debug_ranges  0x0000000000000350       0x50 ./Core/Src/touch.o
 .debug_ranges  0x00000000000003a0       0x58 ./Core/Src/ui.o
 .debug_ranges  0x00000000000003f8       0x20 ./Core/Startup/startup_stm32f103vetx.o
 .debug_ranges  0x0000000000000418       0xd0 ./Drivers/STM32F1xx_HAL_Driver/stm32f1xx_hal.o
 .debug_ranges  0x00000000000004e8       0xe0 ./Drivers/STM32F1xx_HAL_Driver/stm32f1xx_hal_adc.o
 .debug_ranges  0x00000000000005c8       0x70 ./Drivers/STM32F1xx_HAL_Driver/stm32f1xx_hal_adc_ex.o
 .debug_ranges  0x0000000000000638       0xf0 ./Drivers/STM32F1xx_HAL_Driver/stm32f1xx_hal_cortex.o
 .debug_ranges  0x0000000000000728       0x48 ./Drivers/STM32F1xx_HAL_Driver/stm32f1xx_hal_gpio.o
 .debug_ranges  0x0000000000000770      0x2b8 ./Drivers/STM32F1xx_HAL_Driver/stm32f1xx_hal_i2c.o
 .debug_ranges  0x0000000000000a28       0x80 ./Drivers/STM32F1xx_HAL_Driver/stm32f1xx_hal_rcc.o
 .debug_ranges  0x0000000000000aa8       0x20 ./Drivers/STM32F1xx_HAL_Driver/stm32f1xx_hal_rcc_ex.o
 .debug_ranges  0x0000000000000ac8       0xa8 ./Drivers/STM32F1xx_HAL_Driver/stm32f1xx_hal_sram.o
 .debug_ranges  0x0000000000000b70      0x220 ./Drivers/STM32F1xx_HAL_Driver/stm32f1xx_hal_uart.o
 .debug_ranges  0x0000000000000d90       0x98 ./Drivers/STM32F1xx_HAL_Driver/stm32f1xx_ll_fsmc.o

.debug_macro    0x0000000000000000    0x1c05b
 .debug_macro   0x0000000000000000      0x1df ./Core/Src/alerts.o
 .debug_macro   0x00000000000001df      0xa6c ./Core/Src/alerts.o
 .debug_macro   0x0000000000000c4b      0x227 ./Core/Src/alerts.o
 .debug_macro   0x0000000000000e72       0x2e ./Core/Src/alerts.o
 .debug_macro   0x0000000000000ea0       0x22 ./Core/Src/alerts.o
 .debug_macro   0x0000000000000ec2       0x22 ./Core/Src/alerts.o
 .debug_macro   0x0000000000000ee4       0x8e ./Core/Src/alerts.o
 .debug_macro   0x0000000000000f72       0x51 ./Core/Src/alerts.o
 .debug_macro   0x0000000000000fc3      0x103 ./Core/Src/alerts.o
 .debug_macro   0x00000000000010c6       0x6a ./Core/Src/alerts.o
 .debug_macro   0x0000000000001130      0x1df ./Core/Src/alerts.o
 .debug_macro   0x000000000000130f       0x1c ./Core/Src/alerts.o
 .debug_macro   0x000000000000132b       0x22 ./Core/Src/alerts.o
 .debug_macro   0x000000000000134d       0xbd ./Core/Src/alerts.o
 .debug_macro   0x000000000000140a      0xd23 ./Core/Src/alerts.o
 .debug_macro   0x000000000000212d     0xfd8c ./Core/Src/alerts.o
 .debug_macro   0x0000000000011eb9       0x6d ./Core/Src/alerts.o
 .debug_macro   0x0000000000011f26     0x3468 ./Core/Src/alerts.o
 .debug_macro   0x000000000001538e      0x174 ./Core/Src/alerts.o
 .debug_macro   0x0000000000015502       0x5c ./Core/Src/alerts.o
 .debug_macro   0x000000000001555e      0x5be ./Core/Src/alerts.o
 .debug_macro   0x0000000000015b1c      0x4d5 ./Core/Src/alerts.o
 .debug_macro   0x0000000000015ff1      0x1cb ./Core/Src/alerts.o
 .debug_macro   0x00000000000161bc      0x114 ./Core/Src/alerts.o
 .debug_macro   0x00000000000162d0      0x1ea ./Core/Src/alerts.o
 .debug_macro   0x00000000000164ba       0x27 ./Core/Src/alerts.o
 .debug_macro   0x00000000000164e1      0x144 ./Core/Src/alerts.o
 .debug_macro   0x0000000000016625      0x1bc ./Core/Src/alerts.o
 .debug_macro   0x00000000000167e1       0x30 ./Core/Src/alerts.o
 .debug_macro   0x0000000000016811       0x3c ./Core/Src/alerts.o
 .debug_macro   0x000000000001684d       0x57 ./Core/Src/alerts.o
 .debug_macro   0x00000000000168a4      0x46a ./Core/Src/alerts.o
 .debug_macro   0x0000000000016d0e      0x25d ./Core/Src/alerts.o
 .debug_macro   0x0000000000016f6b       0x88 ./Core/Src/alerts.o
 .debug_macro   0x0000000000016ff3      0x24f ./Core/Src/alerts.o
 .debug_macro   0x0000000000017242      0x356 ./Core/Src/alerts.o
 .debug_macro   0x0000000000017598      0x287 ./Core/Src/alerts.o
 .debug_macro   0x000000000001781f      0x141 ./Core/Src/alerts.o
 .debug_macro   0x0000000000017960      0x279 ./Core/Src/alerts.o
 .debug_macro   0x0000000000017bd9       0xb5 ./Core/Src/alerts.o
 .debug_macro   0x0000000000017c8e       0x40 ./Core/Src/alerts.o
 .debug_macro   0x0000000000017cce      0x389 ./Core/Src/game_logic.o
 .debug_macro   0x0000000000018057       0x46 ./Core/Src/game_logic.o
 .debug_macro   0x000000000001809d       0x16 ./Core/Src/game_logic.o
 .debug_macro   0x00000000000180b3       0x46 ./Core/Src/game_logic.o
 .debug_macro   0x00000000000180f9       0xbe ./Core/Src/game_logic.o
 .debug_macro   0x00000000000181b7       0x52 ./Core/Src/game_logic.o
 .debug_macro   0x0000000000018209       0x18 ./Core/Src/game_logic.o
 .debug_macro   0x0000000000018221       0x3c ./Core/Src/game_logic.o
 .debug_macro   0x000000000001825d       0x34 ./Core/Src/game_logic.o
 .debug_macro   0x0000000000018291       0x16 ./Core/Src/game_logic.o
 .debug_macro   0x00000000000182a7       0x35 ./Core/Src/game_logic.o
 .debug_macro   0x00000000000182dc      0x341 ./Core/Src/game_logic.o
 .debug_macro   0x000000000001861d       0x10 ./Core/Src/game_logic.o
 .debug_macro   0x000000000001862d       0x16 ./Core/Src/game_logic.o
 .debug_macro   0x0000000000018643       0x43 ./Core/Src/game_logic.o
 .debug_macro   0x0000000000018686       0x34 ./Core/Src/game_logic.o
 .debug_macro   0x00000000000186ba       0x10 ./Core/Src/game_logic.o
 .debug_macro   0x00000000000186ca       0x58 ./Core/Src/game_logic.o
 .debug_macro   0x0000000000018722       0x71 ./Core/Src/game_logic.o
 .debug_macro   0x0000000000018793       0x1c ./Core/Src/game_logic.o
 .debug_macro   0x00000000000187af      0x12a ./Core/Src/game_logic.o
 .debug_macro   0x00000000000188d9       0x10 ./Core/Src/game_logic.o
 .debug_macro   0x00000000000188e9       0x1c ./Core/Src/game_logic.o
 .debug_macro   0x0000000000018905       0x52 ./Core/Src/game_logic.o
 .debug_macro   0x0000000000018957       0x22 ./Core/Src/game_logic.o
 .debug_macro   0x0000000000018979       0x10 ./Core/Src/game_logic.o
 .debug_macro   0x0000000000018989       0x52 ./Core/Src/game_logic.o
 .debug_macro   0x00000000000189db       0xd5 ./Core/Src/game_logic.o
 .debug_macro   0x0000000000018ab0       0x1c ./Core/Src/game_logic.o
 .debug_macro   0x0000000000018acc       0x3d ./Core/Src/game_logic.o
 .debug_macro   0x0000000000018b09       0x16 ./Core/Src/game_logic.o
 .debug_macro   0x0000000000018b1f      0x145 ./Core/Src/game_logic.o
 .debug_macro   0x0000000000018c64       0x16 ./Core/Src/game_logic.o
 .debug_macro   0x0000000000018c7a       0x20 ./Core/Src/game_logic.o
 .debug_macro   0x0000000000018c9a      0x28a ./Core/Src/lcd.o
 .debug_macro   0x0000000000018f24       0xd0 ./Core/Src/lcd.o
 .debug_macro   0x0000000000018ff4      0x19b ./Core/Src/lcd.o
 .debug_macro   0x000000000001918f      0x400 ./Core/Src/main.o
 .debug_macro   0x000000000001958f       0xd6 ./Core/Src/main.o
 .debug_macro   0x0000000000019665       0x64 ./Core/Src/main.o
 .debug_macro   0x00000000000196c9       0x4c ./Core/Src/main.o
 .debug_macro   0x0000000000019715       0x4c ./Core/Src/main.o
 .debug_macro   0x0000000000019761      0x36e ./Core/Src/peripherals.o
 .debug_macro   0x0000000000019acf       0x10 ./Core/Src/peripherals.o
 .debug_macro   0x0000000000019adf      0x1df ./Core/Src/seven_seg.o
 .debug_macro   0x0000000000019cbe       0xb8 ./Core/Src/seven_seg.o
 .debug_macro   0x0000000000019d76      0x1d0 ./Core/Src/stm32f1xx_hal_msp.o
 .debug_macro   0x0000000000019f46      0x1da ./Core/Src/stm32f1xx_it.o
 .debug_macro   0x000000000001a120       0xff ./Core/Src/sysmem.o
 .debug_macro   0x000000000001a21f      0x23b ./Core/Src/sysmem.o
 .debug_macro   0x000000000001a45a      0x1c6 ./Core/Src/system_stm32f1xx.o
 .debug_macro   0x000000000001a620      0x1df ./Core/Src/touch.o
 .debug_macro   0x000000000001a7ff      0x389 ./Core/Src/ui.o
 .debug_macro   0x000000000001ab88      0x1ea ./Drivers/STM32F1xx_HAL_Driver/stm32f1xx_hal.o
 .debug_macro   0x000000000001ad72      0x1e3 ./Drivers/STM32F1xx_HAL_Driver/stm32f1xx_hal_adc.o
 .debug_macro   0x000000000001af55      0x1d8 ./Drivers/STM32F1xx_HAL_Driver/stm32f1xx_hal_adc_ex.o
 .debug_macro   0x000000000001b12d      0x1c6 ./Drivers/STM32F1xx_HAL_Driver/stm32f1xx_hal_cortex.o
 .debug_macro   0x000000000001b2f3      0x231 ./Drivers/STM32F1xx_HAL_Driver/stm32f1xx_hal_gpio.o
 .debug_macro   0x000000000001b524      0x20d ./Drivers/STM32F1xx_HAL_Driver/stm32f1xx_hal_i2c.o
 .debug_macro   0x000000000001b731      0x1d8 ./Drivers/STM32F1xx_HAL_Driver/stm32f1xx_hal_rcc.o
 .debug_macro   0x000000000001b909      0x1c6 ./Drivers/STM32F1xx_HAL_Driver/stm32f1xx_hal_rcc_ex.o
 .debug_macro   0x000000000001bacf      0x1c6 ./Drivers/STM32F1xx_HAL_Driver/stm32f1xx_hal_sram.o
 .debug_macro   0x000000000001bc95      0x1c7 ./Drivers/STM32F1xx_HAL_Driver/stm32f1xx_hal_uart.o
 .debug_macro   0x000000000001be5c      0x1ff ./Drivers/STM32F1xx_HAL_Driver/stm32f1xx_ll_fsmc.o

.debug_line     0x0000000000000000    0x149a3
 .debug_line    0x0000000000000000      0x82b ./Core/Src/alerts.o
 .debug_line    0x000000000000082b      0xecb ./Core/Src/game_logic.o
 .debug_line    0x00000000000016f6      0xcff ./Core/Src/lcd.o
 .debug_line    0x00000000000023f5     0x1116 ./Core/Src/main.o
 .debug_line    0x000000000000350b      0xc1c ./Core/Src/peripherals.o
 .debug_line    0x0000000000004127      0x904 ./Core/Src/seven_seg.o
 .debug_line    0x0000000000004a2b      0x945 ./Core/Src/stm32f1xx_hal_msp.o
 .debug_line    0x0000000000005370      0x856 ./Core/Src/stm32f1xx_it.o
 .debug_line    0x0000000000005bc6      0x4e5 ./Core/Src/sysmem.o
 .debug_line    0x00000000000060ab      0x812 ./Core/Src/system_stm32f1xx.o
 .debug_line    0x00000000000068bd      0x90c ./Core/Src/touch.o
 .debug_line    0x00000000000071c9      0xe1f ./Core/Src/ui.o
 .debug_line    0x0000000000007fe8       0x87 ./Core/Startup/startup_stm32f103vetx.o
 .debug_line    0x000000000000806f      0xa77 ./Drivers/STM32F1xx_HAL_Driver/stm32f1xx_hal.o
 .debug_line    0x0000000000008ae6     0x1104 ./Drivers/STM32F1xx_HAL_Driver/stm32f1xx_hal_adc.o
 .debug_line    0x0000000000009bea      0xe57 ./Drivers/STM32F1xx_HAL_Driver/stm32f1xx_hal_adc_ex.o
 .debug_line    0x000000000000aa41      0xc5f ./Drivers/STM32F1xx_HAL_Driver/stm32f1xx_hal_cortex.o
 .debug_line    0x000000000000b6a0      0xb36 ./Drivers/STM32F1xx_HAL_Driver/stm32f1xx_hal_gpio.o
 .debug_line    0x000000000000c1d6     0x3b61 ./Drivers/STM32F1xx_HAL_Driver/stm32f1xx_hal_i2c.o
 .debug_line    0x000000000000fd37      0xe85 ./Drivers/STM32F1xx_HAL_Driver/stm32f1xx_hal_rcc.o
 .debug_line    0x0000000000010bbc      0x9d6 ./Drivers/STM32F1xx_HAL_Driver/stm32f1xx_hal_rcc_ex.o
 .debug_line    0x0000000000011592      0xdea ./Drivers/STM32F1xx_HAL_Driver/stm32f1xx_hal_sram.o
 .debug_line    0x000000000001237c     0x1b52 ./Drivers/STM32F1xx_HAL_Driver/stm32f1xx_hal_uart.o
 .debug_line    0x0000000000013ece      0xad5 ./Drivers/STM32F1xx_HAL_Driver/stm32f1xx_ll_fsmc.o

.debug_str      0x0000000000000000    0x9d7c5
 .debug_str     0x0000000000000000    0x9362c ./Core/Src/alerts.o
                                      0x93a2c (size before relaxing)
 .debug_str     0x000000000009362c     0x451e ./Core/Src/game_logic.o
                                      0x97f15 (size before relaxing)
 .debug_str     0x0000000000097b4a      0xd6c ./Core/Src/lcd.o
                                      0x97410 (size before relaxing)
 .debug_str     0x00000000000988b6     0x126f ./Core/Src/main.o
                                      0x994dd (size before relaxing)
 .debug_str     0x0000000000099b25      0x14b ./Core/Src/peripherals.o
                                      0x97e0c (size before relaxing)
 .debug_str     0x0000000000099c70       0x82 ./Core/Src/seven_seg.o
                                      0x93c7a (size before relaxing)
 .debug_str     0x0000000000099cf2      0x130 ./Core/Src/stm32f1xx_hal_msp.o
                                      0x94366 (size before relaxing)
 .debug_str     0x0000000000099e22       0xc9 ./Core/Src/stm32f1xx_it.o
                                      0x93919 (size before relaxing)
 .debug_str     0x0000000000099eeb      0x4da ./Core/Src/sysmem.o
                                       0x5d56 (size before relaxing)
 .debug_str     0x000000000009a3c5       0x7e ./Core/Src/system_stm32f1xx.o
                                      0x9392f (size before relaxing)
 .debug_str     0x000000000009a443       0x6a ./Core/Src/touch.o
                                      0x93aaa (size before relaxing)
 .debug_str     0x000000000009a4ad       0x7f ./Core/Src/ui.o
                                      0x97ed7 (size before relaxing)
 .debug_str     0x000000000009a52c       0x6d ./Core/Startup/startup_stm32f103vetx.o
 .debug_str     0x000000000009a599      0x6cb ./Drivers/STM32F1xx_HAL_Driver/stm32f1xx_hal.o
                                      0x9417e (size before relaxing)
 .debug_str     0x000000000009ac64      0x38b ./Drivers/STM32F1xx_HAL_Driver/stm32f1xx_hal_adc.o
                                      0x94044 (size before relaxing)
 .debug_str     0x000000000009afef      0x2f4 ./Drivers/STM32F1xx_HAL_Driver/stm32f1xx_hal_adc_ex.o
                                      0x9401b (size before relaxing)
 .debug_str     0x000000000009b2e3      0x2e0 ./Drivers/STM32F1xx_HAL_Driver/stm32f1xx_hal_cortex.o
                                      0x940ca (size before relaxing)
 .debug_str     0x000000000009b5c3      0x30d ./Drivers/STM32F1xx_HAL_Driver/stm32f1xx_hal_gpio.o
                                      0x93ced (size before relaxing)
 .debug_str     0x000000000009b8d0      0xba9 ./Drivers/STM32F1xx_HAL_Driver/stm32f1xx_hal_i2c.o
                                      0x949db (size before relaxing)
 .debug_str     0x000000000009c479      0x265 ./Drivers/STM32F1xx_HAL_Driver/stm32f1xx_hal_rcc.o
                                      0x93d96 (size before relaxing)
 .debug_str     0x000000000009c6de       0xca ./Drivers/STM32F1xx_HAL_Driver/stm32f1xx_hal_rcc_ex.o
                                      0x93b24 (size before relaxing)
 .debug_str     0x000000000009c7a8      0x2ce ./Drivers/STM32F1xx_HAL_Driver/stm32f1xx_hal_sram.o
                                      0x93fea (size before relaxing)