../Core/Src/game_logic.c:31:13:MODE_Name	16	static
../Core/Src/game_logic.c:42:13:CAR_Code	16	static
../Core/Src/game_logic.c:57:13:CAR_Label	16	static
../Core/Src/game_logic.c:72:17:car_prime_ms	4	static
../Core/Src/game_logic.c:83:17:car_fire_ms	4	static
../Core/Src/game_logic.c:95:17:car_cooldown_ms	4	static
../Core/Src/game_logic.c:108:9:car_apply_speed_cap	24	static
../Core/Src/game_logic.c:133:16:car_allows_move_while_firing	4	static
../Core/Src/game_logic.c:138:9:car_uses_k2_fire	4	static
../Core/Src/game_logic.c:143:9:car_auto_fire_enabled	4	static
../Core/Src/game_logic.c:148:17:car_turn_delay_ms	4	static
../Core/Src/game_logic.c:157:9:map_range_percent	40	static
../Core/Src/game_logic.c:177:6:Motor_SendCmd	40	static
../Core/Src/game_logic.c:195:6:Fire_SendCmd	24	static
../Core/Src/game_logic.c:204:6:laser_on_press	4	static
../Core/Src/game_logic.c:211:6:laser_on_release	8	static
../Core/Src/game_logic.c:219:6:laser_update	48	static
../Core/Src/game_logic.c:293:6:RGB_Update_From_State	8	static
../Core/Src/game_logic.c:306:13:Drive_Task_Mode1	32	static
../Core/Src/game_logic.c:369:6:Game_Router_Task	24	static
