../Core/Src/game_logic.c:33:13:MODE_Name	16	static
../Core/Src/game_logic.c:44:13:CAR_Code	16	static
../Core/Src/game_logic.c:59:13:CAR_Label	16	static
../Core/Src/game_logic.c:74:17:car_prime_ms	4	static
../Core/Src/game_logic.c:85:17:car_fire_ms	4	static
../Core/Src/game_logic.c:97:17:car_cooldown_ms	4	static
../Core/Src/game_logic.c:110:9:car_apply_speed_cap	24	static
../Core/Src/game_logic.c:135:16:car_allows_move_while_firing	4	static
../Core/Src/game_logic.c:140:9:car_uses_k2_fire	4	static
../Core/Src/game_logic.c:145:9:car_auto_fire_enabled	4	static
../Core/Src/game_logic.c:150:17:car_turn_delay_ms	4	static
../Core/Src/game_logic.c:159:9:map_range_percent	40	static
../Core/Src/game_logic.c:179:6:Motor_SendCmd	40	static
../Core/Src/game_logic.c:197:6:Fire_SendCmd	24	static
../Core/Src/game_logic.c:206:6:laser_on_press	4	static
../Core/Src/game_logic.c:213:6:laser_on_release	8	static
../Core/Src/game_logic.c:221:6:laser_update	48	static
../Core/Src/game_logic.c:295:6:RGB_Update_From_State	8	static
../Core/Src/game_logic.c:308:13:Drive_Task_Mode1	32	static
../Core/Src/game_logic.c:371:6:Game_Router_Task	24	static
