../Core/Src/game_logic.c:30:13:MODE_Name	16	static
../Core/Src/game_logic.c:41:13:CAR_Code	16	static
../Core/Src/game_logic.c:56:13:CAR_Label	16	static
../Core/Src/game_logic.c:71:17:car_prime_ms	4	static
../Core/Src/game_logic.c:82:17:car_fire_ms	4	static
../Core/Src/game_logic.c:94:17:car_cooldown_ms	4	static
../Core/Src/game_logic.c:107:9:car_apply_speed_cap	24	static
../Core/Src/game_logic.c:132:16:car_allows_move_while_firing	4	static
../Core/Src/game_logic.c:137:9:car_uses_k2_fire	4	static
../Core/Src/game_logic.c:142:9:car_auto_fire_enabled	4	static
../Core/Src/game_logic.c:147:17:car_turn_delay_ms	4	static
../Core/Src/game_logic.c:156:9:map_range_percent	40	static
../Core/Src/game_logic.c:176:6:Motor_SendCmd	40	static
../Core/Src/game_logic.c:194:6:Fire_SendCmd	24	static
../Core/Src/game_logic.c:203:6:laser_on_press	4	static
../Core/Src/game_logic.c:210:6:laser_on_release	8	static
../Core/Src/game_logic.c:218:6:laser_update	48	static
../Core/Src/game_logic.c:292:6:RGB_Update_From_State	8	static
../Core/Src/game_logic.c:305:6:Drive_Task	32	static
