../Core/Src/lcd.c:9:6:Delay	16	static
../Core/Src/lcd.c:11:6:LCD_INIT	16	static
../Core/Src/lcd.c:19:6:LCD_Rst	8	static
../Core/Src/lcd.c:27:6:LCD_BackLed_Control	16	static
../Core/Src/lcd.c:35:6:LCD_Write_Cmd	16	static
../Core/Src/lcd.c:40:6:LCD_Write_Data	16	static
../Core/Src/lcd.c:45:10:LCD_Read_Data	4	static
../Core/Src/lcd.c:50:6:LCD_REG_Config	8	static
../Core/Src/lcd.c:93:6:LCD_OpenWindow	24	static
../Core/Src/lcd.c:103:6:LCD_FillColor	24	static
../Core/Src/lcd.c:110:6:LCD_Clear	24	static
../Core/Src/lcd.c:116:10:LCD_Read_PixelData	16	static
../Core/Src/lcd.c:124:10:LCD_GetPointPixel	16	static
../Core/Src/lcd.c:130:6:LCD_DrawLine	64	static
../Core/Src/lcd.c:149:6:LCD_DrawRectangle	32	static
../Core/Src/lcd.c:160:6:LCD_SetColors	16	static
../Core/Src/lcd.c:162:6:LCD_DrawChar	24	static
../Core/Src/lcd.c:177:6:LCD_DrawString	16	static
../Core/Src/lcd.c:187:6:LCD_DrawDot	16	static
../Core/Src/lcd.c:193:6:LCD_DrawEllipse	40	static
../Core/Src/lcd.c:199:6:LCD_DrawChinese	24	static
