../Core/Src/main.c:233:13:LCD_DrawStringS	16	static
../Core/Src/main.c:238:17:read_adc1	16	static
../Core/Src/main.c:247:17:read_adc2	16	static
../Core/Src/main.c:256:13:RGB_Set	16	static
../Core/Src/main.c:263:16:map_range_percent	40	static
../Core/Src/main.c:289:13:SEG_WritePin	16	static
../Core/Src/main.c:294:13:SEG_AllOff	8	static
../Core/Src/main.c:314:13:SEG_ShowLeft	16	static
../Core/Src/main.c:341:13:SEG_ShowRight	16	static
../Core/Src/main.c:367:13:SEG_ShowPair	16	static
../Core/Src/main.c:376:13:SEG_ShowTenths	16	static
../Core/Src/main.c:383:13:SEG_StartK1Countdown	8	static
../Core/Src/main.c:391:13:SEG_StartK2Show88	8	static
../Core/Src/main.c:398:13:SEG_StartCooldownCountdown	8	static
../Core/Src/main.c:406:13:SEG_Task	16	static
../Core/Src/main.c:454:13:Motor_SendCmd	40	static
../Core/Src/main.c:477:13:laser_on_press	4	static
../Core/Src/main.c:484:13:laser_on_release	8	static
../Core/Src/main.c:492:13:laser_update	40	static
../Core/Src/main.c:558:13:RGB_Update_From_State	8	static
../Core/Src/main.c:571:13:Drive_Task	24	static
../Core/Src/main.c:604:13:ESP_Send	16	static
../Core/Src/main.c:609:13:ESP_ClearBuffer	8	static
../Core/Src/main.c:616:13:ESP_StartReceiveIT	8	static
../Core/Src/main.c:621:13:WiFi_Start	8	static
../Core/Src/main.c:629:13:WiFi_Task	144	static
../Core/Src/main.c:746:13:ds_delay_us	24	static,ignoring_inline_asm
../Core/Src/main.c:752:13:ds_pin_out	24	static
../Core/Src/main.c:762:13:ds_pin_in	24	static
../Core/Src/main.c:771:16:ds_start	16	static
../Core/Src/main.c:784:13:ds_write	24	static
../Core/Src/main.c:800:16:ds_read_byte	16	static
../Core/Src/main.c:817:16:DS18B20_ReadRaw	16	static
../Core/Src/main.c:840:13:LCD_UpdateFast	80	static
../Core/Src/main.c:864:13:LCD_UpdateSlow	120	static
../Core/Src/main.c:914:6:HAL_UART_RxCpltCallback	24	static
../Core/Src/main.c:932:5:main	32	static
../Core/Src/main.c:1059:6:SystemClock_Config	96	static
../Core/Src/main.c:1087:13:MX_ADC1_Init	24	static
../Core/Src/main.c:1106:13:MX_ADC2_Init	24	static
../Core/Src/main.c:1125:13:MX_I2C2_Init	8	static
../Core/Src/main.c:1139:13:MX_USART3_UART_Init	8	static
../Core/Src/main.c:1152:13:MX_GPIO_Init	48	static
../Core/Src/main.c:1217:13:MX_FSMC_Init	40	static
../Core/Src/main.c:1250:6:Error_Handler	4	static,ignoring_inline_asm
