../Core/Src/main.c:86:10:read_adc1	16	static
../Core/Src/main.c:95:10:read_adc2	16	static
../Core/Src/main.c:104:6:laser_fire_1s	8	static
../Core/Src/main.c:111:6:ESP_Send	16	static
../Core/Src/main.c:116:6:ESP_ReadResponse	16	static
../Core/Src/main.c:122:6:ESP_ConnectWiFi	152	static
../Core/Src/main.c:173:5:main	88	static
../Core/Src/main.c:286:6:SystemClock_Config	96	static
../Core/Src/main.c:317:13:MX_ADC1_Init	24	static
../Core/Src/main.c:348:13:MX_ADC2_Init	24	static
../Core/Src/main.c:379:13:MX_I2C2_Init	8	static
../Core/Src/main.c:405:13:MX_USART3_UART_Init	8	static
../Core/Src/main.c:430:13:MX_GPIO_Init	48	static
../Core/Src/main.c:472:13:MX_FSMC_Init	40	static
../Core/Src/main.c:521:6:Error_Handler	4	static,ignoring_inline_asm
