../Core/Src/mode_3.c:101:6:Mode3_Init	8	static
../Core/Src/mode_3.c:114:13:Mode3_GenerateWorld	120	static
../Core/Src/mode_3.c:235:17:GetTileColor	16	static
../Core/Src/mode_3.c:248:13:DrawGridCell	40	static
../Core/Src/mode_3.c:264:13:Mode3_BurstRefresh	48	static
../Core/Src/mode_3.c:286:13:Mode3_RenderArena	96	static
../Core/Src/mode_3.c:335:6:LCD_DrawMode3SetupSize	16	static
../Core/Src/mode_3.c:341:6:LCD_UpdateMode3SetupSize	24	static
../Core/Src/mode_3.c:355:6:LCD_DrawMode3SetupObstacles	16	static
../Core/Src/mode_3.c:361:6:LCD_UpdateMode3SetupObstacles	144	static
../Core/Src/mode_3.c:397:6:LCD_DrawMode3SetupBots	16	static
../Core/Src/mode_3.c:403:6:LCD_UpdateMode3SetupBots	88	static
../Core/Src/mode_3.c:432:6:LCD_DrawMode3HUD	40	static
../Core/Src/mode_3.c:442:6:Mode3_Run	248	static
