../Core/Src/mode_3.c:101:13:SafeClear	40	static
../Core/Src/mode_3.c:114:13:SafeDrawLine	32	static
../Core/Src/mode_3.c:126:6:Mode3_Init	8	static
../Core/Src/mode_3.c:139:13:Mode3_GenerateWorld	120	static
../Core/Src/mode_3.c:260:17:GetTileColor	16	static
../Core/Src/mode_3.c:273:13:DrawGridCell	40	static
../Core/Src/mode_3.c:289:13:Mode3_BurstRefresh	48	static
../Core/Src/mode_3.c:311:13:Mode3_RenderArena	88	static
../Core/Src/mode_3.c:368:6:LCD_DrawMode3SetupSize	16	static
../Core/Src/mode_3.c:374:6:LCD_UpdateMode3SetupSize	24	static
../Core/Src/mode_3.c:388:6:LCD_DrawMode3SetupObstacles	16	static
../Core/Src/mode_3.c:394:6:LCD_UpdateMode3SetupObstacles	144	static
../Core/Src/mode_3.c:430:6:LCD_DrawMode3SetupBots	16	static
../Core/Src/mode_3.c:436:6:LCD_UpdateMode3SetupBots	88	static
../Core/Src/mode_3.c:465:6:LCD_DrawMode3HUD	40	static
../Core/Src/mode_3.c:475:6:Mode3_Run	248	static
