../Core/Src/peripherals.c:16:10:read_adc1	16	static
../Core/Src/peripherals.c:25:10:read_adc2	16	static
../Core/Src/peripherals.c:35:13:ds_delay_us	24	static,ignoring_inline_asm
../Core/Src/peripherals.c:41:13:ds_pin_out	24	static
../Core/Src/peripherals.c:51:13:ds_pin_in	24	static
../Core/Src/peripherals.c:60:16:ds_start	16	static
../Core/Src/peripherals.c:73:13:ds_write	24	static
../Core/Src/peripherals.c:89:16:ds_read_byte	16	static
../Core/Src/peripherals.c:106:9:DS18B20_ReadRaw	16	static
../Core/Src/peripherals.c:130:6:sendAT	16	static
../Core/Src/peripherals.c:137:6:readResponse	136	static
../Core/Src/peripherals.c:148:6:WifiSetUp	8	static
../Core/Src/peripherals.c:160:6:HAL_UART_RxCpltCallback	24	static
