../Core/Src/ui.c:16:6:LCD_ClearTextField	32	static
../Core/Src/ui.c:21:6:LCD_DrawStatusBar	48	static
../Core/Src/ui.c:37:6:LCD_DrawHome	16	static
../Core/Src/ui.c:64:6:LCD_DrawSettings	16	static
../Core/Src/ui.c:88:6:LCD_DrawMode3Placeholder	48	static
../Core/Src/ui.c:113:6:LCD_DrawModeSelect	16	static
../Core/Src/ui.c:131:6:LCD_UpdateModeSelection	16	static
../Core/Src/ui.c:141:6:LCD_DrawModeConfirm	16	static
../Core/Src/ui.c:161:6:LCD_DrawCarSelect	48	static
../Core/Src/ui.c:193:6:LCD_UpdateCarSelection	16	static
../Core/Src/ui.c:216:6:LCD_DrawCarConfirm	16	static
../Core/Src/ui.c:236:6:LCD_DrawGameLayout	16	static
../Core/Src/ui.c:255:6:LCD_DrawMode2InputSelect	16	static
../Core/Src/ui.c:282:6:LCD_UpdateMode2InputSelect	16	static
../Core/Src/ui.c:307:6:LCD_DrawMode2CommandHistory	24	static
../Core/Src/ui.c:326:6:LCD_DrawMode2Stats	96	static
../Core/Src/ui.c:342:6:LCD_DrawMode2Canvas	16	static
../Core/Src/ui.c:364:6:LCD_DrawMode2ResetConfirm	16	static
../Core/Src/ui.c:375:6:LCD_UpdateGameFast	56	static
../Core/Src/ui.c:413:6:LCD_UpdateGameSlow	112	static
