../Core/Src/main.c:342:13:T_Delay	16	static,ignoring_inline_asm
../Core/Src/main.c:347:13:T_WriteBit	16	static
../Core/Src/main.c:356:16:T_ReadBit	8	static
../Core/Src/main.c:365:13:T_WriteByte	24	static
../Core/Src/main.c:370:17:XPT2046_Read12	24	static
../Core/Src/main.c:384:16:TouchPressed	8	static
../Core/Src/main.c:389:17:TouchReadXRaw	8	static
../Core/Src/main.c:394:17:TouchReadYRaw	8	static
../Core/Src/main.c:399:17:map_u16	16	static
../Core/Src/main.c:408:20:MODE_Name	16	static
../Core/Src/main.c:419:20:CAR_Code	16	static
../Core/Src/main.c:434:20:CAR_Label	16	static
../Core/Src/main.c:449:17:car_prime_ms	4	static
../Core/Src/main.c:460:17:car_fire_ms	4	static
../Core/Src/main.c:472:17:car_cooldown_ms	4	static
../Core/Src/main.c:485:16:car_apply_speed_cap	24	static
../Core/Src/main.c:510:16:car_allows_move_while_firing	4	static
../Core/Src/main.c:515:16:car_uses_k2_fire	4	static
../Core/Src/main.c:520:16:car_auto_fire_enabled	4	static
../Core/Src/main.c:525:17:car_turn_delay_ms	4	static
../Core/Src/main.c:534:17:read_adc1	16	static
../Core/Src/main.c:543:17:read_adc2	16	static
../Core/Src/main.c:552:13:RGB_Set	16	static
../Core/Src/main.c:559:16:map_range_percent	40	static
../Core/Src/main.c:585:13:SEG_WritePin	16	static
../Core/Src/main.c:590:13:SEG_AllOff	8	static
../Core/Src/main.c:610:13:SEG_ShowLeft	16	static
../Core/Src/main.c:637:13:SEG_ShowRight	16	static
../Core/Src/main.c:663:13:SEG_ShowPair	16	static
../Core/Src/main.c:672:13:SEG_ShowTenths	16	static
../Core/Src/main.c:679:13:SEG_StartCooldownCountdown	16	static
../Core/Src/main.c:689:13:SEG_Task	16	static
../Core/Src/main.c:728:13:Motor_SendCmd	40	static
../Core/Src/main.c:754:13:Fire_SendCmd	24	static
../Core/Src/main.c:764:13:laser_on_press	4	static
../Core/Src/main.c:771:13:laser_on_release	8	static
../Core/Src/main.c:779:13:laser_update	48	static
../Core/Src/main.c:870:13:RGB_Update_From_State	8	static
../Core/Src/main.c:893:13:Buzzer_Set	16	static
../Core/Src/main.c:898:13:Buzzer_BeepShort	8	static
../Core/Src/main.c:906:13:Buzzer_BeepLong	8	static
../Core/Src/main.c:914:13:Buzzer_Task	16	static
../Core/Src/main.c:940:13:Drive_Task	32	static
../Core/Src/main.c:1021:13:LCD_ClearTextField	32	static
../Core/Src/main.c:1026:13:LCD_DrawModeSelect	16	static
../Core/Src/main.c:1048:13:LCD_UpdateModeSelection	16	static
../Core/Src/main.c:1060:13:LCD_DrawModeConfirm	16	static
../Core/Src/main.c:1083:13:LCD_DrawCarSelect	48	static
../Core/Src/main.c:1123:13:LCD_UpdateCarSelection	16	static
../Core/Src/main.c:1153:13:LCD_DrawCarConfirm	16	static
../Core/Src/main.c:1176:13:LCD_DrawGameLayout	16	static
../Core/Src/main.c:1198:13:LCD_UpdateGameFast	56	static
../Core/Src/main.c:1253:13:LCD_UpdateGameSlow	112	static
../Core/Src/main.c:1296:6:sendAT	16	static
../Core/Src/main.c:1303:6:readResponse	136	static
../Core/Src/main.c:1314:6:WifiSetUp	8	static
../Core/Src/main.c:1325:13:ds_delay_us	24	static,ignoring_inline_asm
../Core/Src/main.c:1331:13:ds_pin_out	24	static
../Core/Src/main.c:1341:13:ds_pin_in	24	static
../Core/Src/main.c:1350:16:ds_start	16	static
../Core/Src/main.c:1363:13:ds_write	24	static
../Core/Src/main.c:1379:16:ds_read_byte	16	static
../Core/Src/main.c:1396:16:DS18B20_ReadRaw	16	static
../Core/Src/main.c:1419:6:HAL_UART_RxCpltCallback	24	static
../Core/Src/main.c:1437:5:main	64	static
../Core/Src/main.c:1884:6:SystemClock_Config	96	static
../Core/Src/main.c:1912:13:MX_ADC1_Init	24	static
../Core/Src/main.c:1931:13:MX_ADC2_Init	24	static
../Core/Src/main.c:1950:13:MX_I2C2_Init	8	static
../Core/Src/main.c:1964:13:MX_USART3_UART_Init	8	static
../Core/Src/main.c:1977:13:MX_GPIO_Init	48	static
../Core/Src/main.c:2091:13:MX_FSMC_Init	40	static
../Core/Src/main.c:2124:6:Error_Handler	4	static,ignoring_inline_asm
